203.0.113.7 - - [03/Mar/2026:01:48:52 +0000] "GET / HTTP/1.1" 200 8694 "-" "Mozilla/5.0 (iPhone; CPU iPhone OS 17_0 like Mac OS X) AppleWebKit/605.1.15 (KHTML, like Gecko) Version/17.0 Mobile/15E148 Safari/604.1"
203.0.113.7 - - [03/Mar/2026:01:49:55 +0000] "GET /api/v1/orders HTTP/1.1" 200 4389 "-" "Mozilla/5.0 (Windows NT 10.0; Win64; x64) AppleWebKit/537.36 (KHTML, like Gecko) Chrome/120.0.0.0 Safari/537.36"
138.197.138.65 - - [03/Mar/2026:02:02:45 +0000] "GET /static/img/logo.png HTTP/1.1" 200 120510 "https://twitter.com/" "Mozilla/5.0 (Windows NT 10.0; Win64; x64) AppleWebKit/537.36 (KHTML, like Gecko) Edge/120.0.0.0 Safari/537.36"
46.101.127.145 - - [03/Mar/2026:02:06:30 +0000] "HEAD /api/v1/health HTTP/1.1" 200 1993 "https://www.google.com/search?q=logparser" "Mozilla/5.0 (Windows NT 10.0; Win64; x64) AppleWebKit/537.36 (KHTML, like Gecko) Edge/120.0.0.0 Safari/537.36"
192.168.1.55 - - [03/Mar/2026:02:13:54 +0000] "GET /static/js/bundle.js HTTP/1.1" 200 29196 "https://github.com/" "Mozilla/5.0 (Macintosh; Intel Mac OS X 10_15_7) AppleWebKit/537.36 (KHTML, like Gecko) Chrome/119.0.0.0 Safari/537.36"
203.0.113.7 - - [03/Mar/2026:02:15:30 +0000] "GET /static/img/logo.png HTTP/1.1" 404 38350 "https://www.google.com/search?q=logparser" "Mozilla/5.0 (Macintosh; Intel Mac OS X 10_15_7) AppleWebKit/537.36 (KHTML, like Gecko) Chrome/119.0.0.0 Safari/537.36"
192.168.1.55 - - [03/Mar/2026:02:18:12 +0000] "GET /static/img/logo.png HTTP/1.1" 200 125494 "https://twitter.com/" "Mozilla/5.0 (iPhone; CPU iPhone OS 17_0 like Mac OS X) AppleWebKit/605.1.15 (KHTML, like Gecko) Version/17.0 Mobile/15E148 Safari/604.1"
138.197.138.65 - - [03/Mar/2026:02:20:50 +0000] "GET /favicon.ico HTTP/1.1" 200 16229 "-" "Mozilla/5.0 (Macintosh; Intel Mac OS X 10_15_7) AppleWebKit/537.36 (KHTML, like Gecko) Chrome/119.0.0.0 Safari/537.36"
82.45.12.101 - - [03/Mar/2026:02:23:09 +0000] "GET /api/v1/health HTTP/1.1" 200 7605 "-" "Mozilla/5.0 (Macintosh; Intel Mac OS X 10_15_7) AppleWebKit/537.36 (KHTML, like Gecko) Chrome/119.0.0.0 Safari/537.36"
159.89.133.235 - - [03/Mar/2026:02:24:06 +0000] "GET /static/img/logo.png HTTP/1.1" 200 161783 "https://news.ycombinator.com/" "Mozilla/5.0 (Windows NT 10.0; Win64; x64) AppleWebKit/537.36 (KHTML, like Gecko) Edge/120.0.0.0 Safari/537.36"
203.0.113.7 - - [03/Mar/2026:02:28:53 +0000] "PUT /api/v1/health HTTP/1.1" 200 3409 "-" "Mozilla/5.0 (iPhone; CPU iPhone OS 17_0 like Mac OS X) AppleWebKit/605.1.15 (KHTML, like Gecko) Version/17.0 Mobile/15E148 Safari/604.1"
198.51.100.23 - - [03/Mar/2026:02:31:56 +0000] "GET /dashboard HTTP/1.1" 200 1865 "-" "Mozilla/5.0 (Windows NT 10.0; Win64; x64) AppleWebKit/537.36 (KHTML, like Gecko) Chrome/120.0.0.0 Safari/537.36"
82.45.12.101 - - [03/Mar/2026:02:43:22 +0000] "GET /static/js/bundle.js HTTP/1.1" 200 143924 "https://twitter.com/" "Mozilla/5.0 (Windows NT 10.0; Win64; x64) AppleWebKit/537.36 (KHTML, like Gecko) Edge/120.0.0.0 Safari/537.36"
192.168.1.55 - - [03/Mar/2026:02:52:13 +0000] "GET /static/js/bundle.js HTTP/1.1" 200 64855 "-" "Mozilla/5.0 (iPhone; CPU iPhone OS 17_0 like Mac OS X) AppleWebKit/605.1.15 (KHTML, like Gecko) Version/17.0 Mobile/15E148 Safari/604.1"
185.220.101.5 - - [03/Mar/2026:02:52:38 +0000] "GET /api/v1/health HTTP/1.1" 200 7618 "https://twitter.com/" "Mozilla/5.0 (Windows NT 10.0; Win64; x64) AppleWebKit/537.36 (KHTML, like Gecko) Chrome/120.0.0.0 Safari/537.36"
198.51.100.23 - - [03/Mar/2026:02:55:10 +0000] "GET /static/img/logo.png HTTP/1.1" 200 107540 "-" "Mozilla/5.0 (Windows NT 10.0; Win64; x64) AppleWebKit/537.36 (KHTML, like Gecko) Edge/120.0.0.0 Safari/537.36"
46.101.127.145 - - [03/Mar/2026:02:55:30 +0000] "GET /contact HTTP/1.1" 200 11200 "-" "Mozilla/5.0 (Macintosh; Intel Mac OS X 10_15_7) AppleWebKit/537.36 (KHTML, like Gecko) Chrome/119.0.0.0 Safari/537.36"
45.33.32.156 - - [03/Mar/2026:02:56:24 +0000] "GET /static/img/logo.png HTTP/1.1" 200 112115 "-" "Mozilla/5.0 (Macintosh; Intel Mac OS X 10_15_7) AppleWebKit/537.36 (KHTML, like Gecko) Chrome/119.0.0.0 Safari/537.36"
10.0.0.42 - - [03/Mar/2026:03:01:22 +0000] "HEAD /about HTTP/1.1" 404 20162 "https://twitter.com/" "Mozilla/5.0 (Windows NT 10.0; Win64; x64) AppleWebKit/537.36 (KHTML, like Gecko) Edge/120.0.0.0 Safari/537.36"
159.89.133.235 - - [03/Mar/2026:03:11:19 +0000] "GET /api/v1/users HTTP/1.1" 200 1895 "-" "Mozilla/5.0 (iPhone; CPU iPhone OS 17_0 like Mac OS X) AppleWebKit/605.1.15 (KHTML, like Gecko) Version/17.0 Mobile/15E148 Safari/604.1"
77.88.5.88 - - [03/Mar/2026:03:11:55 +0000] "GET /api/v1/health HTTP/1.1" 304 0 "-" "Mozilla/5.0 (Windows NT 10.0; Win64; x64) AppleWebKit/537.36 (KHTML, like Gecko) Edge/120.0.0.0 Safari/537.36"
45.33.32.156 - - [03/Mar/2026:03:15:04 +0000] "GET /api/v1/users HTTP/1.1" 404 397 "https://news.ycombinator.com/" "Mozilla/5.0 (Windows NT 10.0; Win64; x64) AppleWebKit/537.36 (KHTML, like Gecko) Edge/120.0.0.0 Safari/537.36"
45.33.32.156 - - [03/Mar/2026:03:15:42 +0000] "GET /api/v1/products HTTP/1.1" 200 3043 "https://github.com/" "Mozilla/5.0 (Macintosh; Intel Mac OS X 10_15_7) AppleWebKit/537.36 (KHTML, like Gecko) Chrome/119.0.0.0 Safari/537.36"
138.197.138.65 - - [03/Mar/2026:03:21:31 +0000] "GET /static/js/bundle.js HTTP/1.1" 200 40309 "-" "Mozilla/5.0 (Windows NT 10.0; Win64; x64) AppleWebKit/537.36 (KHTML, like Gecko) Edge/120.0.0.0 Safari/537.36"
91.108.4.74 - - [03/Mar/2026:03:28:46 +0000] "DELETE /contact HTTP/1.1" 200 8656 "-" "Mozilla/5.0 (Macintosh; Intel Mac OS X 10_15_7) AppleWebKit/537.36 (KHTML, like Gecko) Chrome/119.0.0.0 Safari/537.36"
46.101.127.145 - - [03/Mar/2026:03:29:27 +0000] "GET / HTTP/1.1" 404 7917 "https://www.google.com/search?q=logparser" "Mozilla/5.0 (Windows NT 10.0; Win64; x64) AppleWebKit/537.36 (KHTML, like Gecko) Chrome/120.0.0.0 Safari/537.36"
46.101.127.145 - - [03/Mar/2026:03:32:49 +0000] "GET /index.html HTTP/1.1" 200 3399 "https://github.com/" "Mozilla/5.0 (Windows NT 10.0; Win64; x64) AppleWebKit/537.36 (KHTML, like Gecko) Edge/120.0.0.0 Safari/537.36"
91.108.4.74 - - [03/Mar/2026:03:35:03 +0000] "GET /index.html HTTP/1.1" 200 16522 "-" "Mozilla/5.0 (iPhone; CPU iPhone OS 17_0 like Mac OS X) AppleWebKit/605.1.15 (KHTML, like Gecko) Version/17.0 Mobile/15E148 Safari/604.1"
185.220.101.5 - - [03/Mar/2026:03:36:38 +0000] "PUT /contact HTTP/1.1" 200 12975 "-" "Mozilla/5.0 (Macintosh; Intel Mac OS X 10_15_7) AppleWebKit/537.36 (KHTML, like Gecko) Chrome/119.0.0.0 Safari/537.36"
46.101.127.145 - - [03/Mar/2026:03:37:43 +0000] "GET /index.html HTTP/1.1" 304 0 "https://news.ycombinator.com/" "Mozilla/5.0 (Macintosh; Intel Mac OS X 10_15_7) AppleWebKit/537.36 (KHTML, like Gecko) Chrome/119.0.0.0 Safari/537.36"
45.33.32.156 - - [03/Mar/2026:03:42:59 +0000] "GET /static/js/bundle.js HTTP/1.1" 301 0 "https://github.com/" "Mozilla/5.0 (Windows NT 10.0; Win64; x64) AppleWebKit/537.36 (KHTML, like Gecko) Chrome/120.0.0.0 Safari/537.36"
91.108.4.74 - - [03/Mar/2026:04:14:56 +0000] "GET /login HTTP/1.1" 500 19632 "https://news.ycombinator.com/" "Mozilla/5.0 (Macintosh; Intel Mac OS X 10_15_7) AppleWebKit/537.36 (KHTML, like Gecko) Chrome/119.0.0.0 Safari/537.36"
192.168.1.55 - - [03/Mar/2026:04:16:43 +0000] "GET /static/img/logo.png HTTP/1.1" 304 0 "https://www.google.com/search?q=logparser" "Mozilla/5.0 (Macintosh; Intel Mac OS X 10_15_7) AppleWebKit/537.36 (KHTML, like Gecko) Chrome/119.0.0.0 Safari/537.36"
77.88.5.88 - - [03/Mar/2026:04:22:06 +0000] "GET /static/js/bundle.js HTTP/1.1" 200 106498 "-" "Mozilla/5.0 (iPhone; CPU iPhone OS 17_0 like Mac OS X) AppleWebKit/605.1.15 (KHTML, like Gecko) Version/17.0 Mobile/15E148 Safari/604.1"
198.51.100.23 - - [03/Mar/2026:04:23:06 +0000] "GET /login HTTP/1.1" 200 11671 "https://news.ycombinator.com/" "Mozilla/5.0 (Macintosh; Intel Mac OS X 10_15_7) AppleWebKit/537.36 (KHTML, like Gecko) Chrome/119.0.0.0 Safari/537.36"
45.33.32.156 - - [03/Mar/2026:04:24:15 +0000] "GET /api/v1/users HTTP/1.1" 200 1463 "-" "Mozilla/5.0 (Windows NT 10.0; Win64; x64) AppleWebKit/537.36 (KHTML, like Gecko) Edge/120.0.0.0 Safari/537.36"
82.45.12.101 - - [03/Mar/2026:04:28:37 +0000] "GET /contact HTTP/1.1" 200 16515 "-" "Mozilla/5.0 (Windows NT 10.0; Win64; x64) AppleWebKit/537.36 (KHTML, like Gecko) Edge/120.0.0.0 Safari/537.36"
82.45.12.101 - - [03/Mar/2026:04:31:35 +0000] "GET /index.html HTTP/1.1" 200 2456 "-" "Mozilla/5.0 (iPhone; CPU iPhone OS 17_0 like Mac OS X) AppleWebKit/605.1.15 (KHTML, like Gecko) Version/17.0 Mobile/15E148 Safari/604.1"
185.220.101.5 - - [03/Mar/2026:04:36:16 +0000] "GET /static/img/logo.png HTTP/1.1" 200 8214 "https://twitter.com/" "Mozilla/5.0 (X11; Linux x86_64; rv:120.0) Gecko/20100101 Firefox/120.0"
46.101.127.145 - - [03/Mar/2026:04:36:39 +0000] "GET /index.html HTTP/1.1" 200 22043 "-" "Mozilla/5.0 (X11; Linux x86_64; rv:120.0) Gecko/20100101 Firefox/120.0"
138.197.138.65 - - [03/Mar/2026:04:46:32 +0000] "GET /about HTTP/1.1" 403 9018 "-" "Mozilla/5.0 (Windows NT 10.0; Win64; x64) AppleWebKit/537.36 (KHTML, like Gecko) Chrome/120.0.0.0 Safari/537.36"
192.168.1.55 - - [03/Mar/2026:04:50:43 +0000] "GET /logout HTTP/1.1" 200 21725 "https://news.ycombinator.com/" "Mozilla/5.0 (Macintosh; Intel Mac OS X 10_15_7) AppleWebKit/537.36 (KHTML, like Gecko) Chrome/119.0.0.0 Safari/537.36"
185.220.101.5 - - [03/Mar/2026:04:54:46 +0000] "GET /static/css/main.css HTTP/1.1" 200 137055 "https://github.com/" "Mozilla/5.0 (Macintosh; Intel Mac OS X 10_15_7) AppleWebKit/537.36 (KHTML, like Gecko) Chrome/119.0.0.0 Safari/537.36"
162.243.168.50 - - [03/Mar/2026:05:00:12 +0000] "GET /static/js/bundle.js HTTP/1.1" 200 173117 "-" "Mozilla/5.0 (X11; Linux x86_64; rv:120.0) Gecko/20100101 Firefox/120.0"
178.62.52.236 - - [03/Mar/2026:05:00:59 +0000] "GET /api/v1/users HTTP/1.1" 200 2343 "-" "Mozilla/5.0 (Macintosh; Intel Mac OS X 10_15_7) AppleWebKit/537.36 (KHTML, like Gecko) Chrome/119.0.0.0 Safari/537.36"
203.0.113.7 - - [03/Mar/2026:05:01:19 +0000] "POST /contact HTTP/1.1" 200 1076 "https://www.google.com/search?q=logparser" "Mozilla/5.0 (Windows NT 10.0; Win64; x64) AppleWebKit/537.36 (KHTML, like Gecko) Chrome/120.0.0.0 Safari/537.36"
45.33.32.156 - - [03/Mar/2026:05:06:23 +0000] "GET / HTTP/1.1" 302 0 "-" "Mozilla/5.0 (Windows NT 10.0; Win64; x64) AppleWebKit/537.36 (KHTML, like Gecko) Edge/120.0.0.0 Safari/537.36"
66.249.66.2 - - [03/Mar/2026:05:09:05 +0000] "GET /api/v1/users HTTP/1.1" 200 2279 "-" "Mozilla/5.0 (compatible; Googlebot/2.1; +http://www.google.com/bot.html)"
10.0.0.42 - - [03/Mar/2026:05:13:40 +0000] "GET /api/v1/users HTTP/1.1" 302 0 "https://github.com/" "Mozilla/5.0 (iPhone; CPU iPhone OS 17_0 like Mac OS X) AppleWebKit/605.1.15 (KHTML, like Gecko) Version/17.0 Mobile/15E148 Safari/604.1"
198.51.100.23 - - [03/Mar/2026:05:16:03 +0000] "GET /static/js/bundle.js HTTP/1.1" 400 154149 "https://www.google.com/search?q=logparser" "Mozilla/5.0 (Macintosh; Intel Mac OS X 10_15_7) AppleWebKit/537.36 (KHTML, like Gecko) Chrome/119.0.0.0 Safari/537.36"
178.62.52.236 - - [03/Mar/2026:05:21:14 +0000] "GET /api/v1/products HTTP/1.1" 404 292 "https://twitter.com/" "Mozilla/5.0 (iPhone; CPU iPhone OS 17_0 like Mac OS X) AppleWebKit/605.1.15 (KHTML, like Gecko) Version/17.0 Mobile/15E148 Safari/604.1"
82.45.12.101 - - [03/Mar/2026:05:33:25 +0000] "GET /static/img/logo.png HTTP/1.1" 404 58940 "https://github.com/" "Mozilla/5.0 (X11; Linux x86_64; rv:120.0) Gecko/20100101 Firefox/120.0"
178.62.52.236 - - [03/Mar/2026:05:39:59 +0000] "GET /login HTTP/1.1" 200 9500 "-" "Mozilla/5.0 (iPhone; CPU iPhone OS 17_0 like Mac OS X) AppleWebKit/605.1.15 (KHTML, like Gecko) Version/17.0 Mobile/15E148 Safari/604.1"
162.243.168.50 - - [03/Mar/2026:05:40:34 +0000] "GET /api/v1/health HTTP/1.1" 404 2237 "-" "Mozilla/5.0 (Macintosh; Intel Mac OS X 10_15_7) AppleWebKit/537.36 (KHTML, like Gecko) Chrome/119.0.0.0 Safari/537.36"
45.33.32.156 - - [03/Mar/2026:05:44:59 +0000] "POST /index.html HTTP/1.1" 404 11714 "https://twitter.com/" "Mozilla/5.0 (X11; Linux x86_64; rv:120.0) Gecko/20100101 Firefox/120.0"
178.62.52.236 - - [03/Mar/2026:05:47:11 +0000] "GET /dashboard HTTP/1.1" 400 8915 "-" "Mozilla/5.0 (Macintosh; Intel Mac OS X 10_15_7) AppleWebKit/537.36 (KHTML, like Gecko) Chrome/119.0.0.0 Safari/537.36"
192.168.1.55 - - [03/Mar/2026:06:13:10 +0000] "GET /login HTTP/1.1" 304 0 "https://github.com/" "Mozilla/5.0 (Windows NT 10.0; Win64; x64) AppleWebKit/537.36 (KHTML, like Gecko) Edge/120.0.0.0 Safari/537.36"
185.220.101.5 - - [03/Mar/2026:06:15:08 +0000] "GET /static/css/main.css HTTP/1.1" 200 27545 "-" "Mozilla/5.0 (iPhone; CPU iPhone OS 17_0 like Mac OS X) AppleWebKit/605.1.15 (KHTML, like Gecko) Version/17.0 Mobile/15E148 Safari/604.1"
46.101.127.145 - - [03/Mar/2026:06:24:10 +0000] "POST /index.html HTTP/1.1" 200 5165 "-" "Mozilla/5.0 (X11; Linux x86_64; rv:120.0) Gecko/20100101 Firefox/120.0"
138.197.138.65 - - [03/Mar/2026:06:25:00 +0000] "GET / HTTP/1.1" 404 5519 "https://twitter.com/" "Mozilla/5.0 (iPhone; CPU iPhone OS 17_0 like Mac OS X) AppleWebKit/605.1.15 (KHTML, like Gecko) Version/17.0 Mobile/15E148 Safari/604.1"
178.62.52.236 - - [03/Mar/2026:06:34:27 +0000] "GET /static/img/logo.png HTTP/1.1" 200 124997 "https://twitter.com/" "Mozilla/5.0 (Macintosh; Intel Mac OS X 10_15_7) AppleWebKit/537.36 (KHTML, like Gecko) Chrome/119.0.0.0 Safari/537.36"
138.197.138.65 - - [03/Mar/2026:06:34:32 +0000] "POST /sitemap.xml HTTP/1.1" 302 0 "-" "Mozilla/5.0 (Windows NT 10.0; Win64; x64) AppleWebKit/537.36 (KHTML, like Gecko) Edge/120.0.0.0 Safari/537.36"
46.101.127.145 - - [03/Mar/2026:06:36:35 +0000] "GET /static/js/bundle.js HTTP/1.1" 200 131385 "https://twitter.com/" "Mozilla/5.0 (iPhone; CPU iPhone OS 17_0 like Mac OS X) AppleWebKit/605.1.15 (KHTML, like Gecko) Version/17.0 Mobile/15E148 Safari/604.1"
192.168.1.55 - - [03/Mar/2026:06:39:05 +0000] "POST /static/js/bundle.js HTTP/1.1" 200 23691 "-" "Mozilla/5.0 (iPhone; CPU iPhone OS 17_0 like Mac OS X) AppleWebKit/605.1.15 (KHTML, like Gecko) Version/17.0 Mobile/15E148 Safari/604.1"
45.33.32.156 - - [03/Mar/2026:06:46:45 +0000] "GET /login HTTP/1.1" 200 12953 "https://twitter.com/" "Mozilla/5.0 (Windows NT 10.0; Win64; x64) AppleWebKit/537.36 (KHTML, like Gecko) Edge/120.0.0.0 Safari/537.36"
91.108.4.74 - - [03/Mar/2026:06:47:45 +0000] "POST /static/js/bundle.js HTTP/1.1" 200 95415 "https://github.com/" "Mozilla/5.0 (Macintosh; Intel Mac OS X 10_15_7) AppleWebKit/537.36 (KHTML, like Gecko) Chrome/119.0.0.0 Safari/537.36"
46.101.127.145 - - [03/Mar/2026:06:57:26 +0000] "GET /static/img/logo.png HTTP/1.1" 200 156254 "https://www.google.com/search?q=logparser" "Mozilla/5.0 (Windows NT 10.0; Win64; x64) AppleWebKit/537.36 (KHTML, like Gecko) Edge/120.0.0.0 Safari/537.36"
192.168.1.55 - - [03/Mar/2026:07:05:58 +0000] "GET /login HTTP/1.1" 304 0 "https://github.com/" "Mozilla/5.0 (Windows NT 10.0; Win64; x64) AppleWebKit/537.36 (KHTML, like Gecko) Edge/120.0.0.0 Safari/537.36"
46.101.127.145 - - [03/Mar/2026:07:08:02 +0000] "GET /static/css/main.css HTTP/1.1" 200 113789 "-" "Mozilla/5.0 (Macintosh; Intel Mac OS X 10_15_7) AppleWebKit/537.36 (KHTML, like Gecko) Chrome/119.0.0.0 Safari/537.36"
159.89.133.235 - - [03/Mar/2026:07:10:32 +0000] "GET /api/v1/users HTTP/1.1" 200 3972 "-" "Mozilla/5.0 (Macintosh; Intel Mac OS X 10_15_7) AppleWebKit/537.36 (KHTML, like Gecko) Chrome/119.0.0.0 Safari/537.36"
138.197.138.65 - - [03/Mar/2026:07:12:23 +0000] "GET /static/js/bundle.js HTTP/1.1" 200 83578 "-" "Mozilla/5.0 (Macintosh; Intel Mac OS X 10_15_7) AppleWebKit/537.36 (KHTML, like Gecko) Chrome/119.0.0.0 Safari/537.36"
207.46.13.5 - - [03/Mar/2026:07:14:29 +0000] "GET /sitemap.xml HTTP/1.1" 200 15544 "https://news.ycombinator.com/" "Mozilla/5.0 (compatible; bingbot/2.0; +http://www.bing.com/bingbot.htm)"
2.56.56.12 - - [03/Mar/2026:07:15:37 +0000] "PUT / HTTP/1.1" 200 23119 "https://www.google.com/search?q=logparser" "Mozilla/5.0 (Windows NT 10.0; Win64; x64) AppleWebKit/537.36 (KHTML, like Gecko) Chrome/120.0.0.0 Safari/537.36"
46.101.127.145 - - [03/Mar/2026:07:18:04 +0000] "GET /api/v1/products HTTP/1.1" 301 0 "-" "Mozilla/5.0 (Macintosh; Intel Mac OS X 10_15_7) AppleWebKit/537.36 (KHTML, like Gecko) Chrome/119.0.0.0 Safari/537.36"
91.108.4.74 - - [03/Mar/2026:07:22:43 +0000] "GET /static/img/logo.png HTTP/1.1" 301 0 "https://github.com/" "Mozilla/5.0 (Windows NT 10.0; Win64; x64) AppleWebKit/537.36 (KHTML, like Gecko) Chrome/120.0.0.0 Safari/537.36"
91.108.4.74 - - [03/Mar/2026:07:31:47 +0000] "GET /index.html HTTP/1.1" 200 21610 "https://www.google.com/search?q=logparser" "Mozilla/5.0 (X11; Linux x86_64; rv:120.0) Gecko/20100101 Firefox/120.0"
45.33.32.156 - - [03/Mar/2026:07:51:01 +0000] "GET /index.html HTTP/1.1" 200 6132 "https://news.ycombinator.com/" "Mozilla/5.0 (Macintosh; Intel Mac OS X 10_15_7) AppleWebKit/537.36 (KHTML, like Gecko) Chrome/119.0.0.0 Safari/537.36"
2.56.56.12 - - [03/Mar/2026:07:53:23 +0000] "GET /static/img/logo.png HTTP/1.1" 200 26585 "-" "Mozilla/5.0 (X11; Linux x86_64; rv:120.0) Gecko/20100101 Firefox/120.0"
77.88.5.88 - - [03/Mar/2026:08:01:36 +0000] "GET /favicon.ico HTTP/1.1" 200 4672 "-" "Mozilla/5.0 (iPhone; CPU iPhone OS 17_0 like Mac OS X) AppleWebKit/605.1.15 (KHTML, like Gecko) Version/17.0 Mobile/15E148 Safari/604.1"
77.88.5.88 - - [03/Mar/2026:08:09:41 +0000] "GET /index.html HTTP/1.1" 200 14739 "-" "Mozilla/5.0 (X11; Linux x86_64; rv:120.0) Gecko/20100101 Firefox/120.0"
10.0.0.42 - - [03/Mar/2026:08:10:10 +0000] "PUT /static/js/bundle.js HTTP/1.1" 200 118463 "-" "Mozilla/5.0 (X11; Linux x86_64; rv:120.0) Gecko/20100101 Firefox/120.0"
203.0.113.7 - - [03/Mar/2026:08:15:05 +0000] "GET /api/v1/products HTTP/1.1" 200 287 "-" "Mozilla/5.0 (Windows NT 10.0; Win64; x64) AppleWebKit/537.36 (KHTML, like Gecko) Chrome/120.0.0.0 Safari/537.36"
10.0.0.42 - - [03/Mar/2026:08:16:00 +0000] "POST /login HTTP/1.1" 304 0 "https://twitter.com/" "Mozilla/5.0 (X11; Linux x86_64; rv:120.0) Gecko/20100101 Firefox/120.0"
207.46.13.5 - - [03/Mar/2026:08:18:29 +0000] "GET /logout HTTP/1.1" 200 20434 "-" "Mozilla/5.0 (compatible; bingbot/2.0; +http://www.bing.com/bingbot.htm)"
178.62.52.236 - - [03/Mar/2026:08:23:09 +0000] "GET /api/v1/orders HTTP/1.1" 200 949 "https://news.ycombinator.com/" "Mozilla/5.0 (X11; Linux x86_64; rv:120.0) Gecko/20100101 Firefox/120.0"
82.45.12.101 - - [03/Mar/2026:08:27:01 +0000] "GET /static/js/bundle.js HTTP/1.1" 200 171809 "-" "Mozilla/5.0 (Windows NT 10.0; Win64; x64) AppleWebKit/537.36 (KHTML, like Gecko) Edge/120.0.0.0 Safari/537.36"
66.249.66.2 - - [03/Mar/2026:08:29:48 +0000] "GET /about HTTP/1.1" 304 0 "-" "python-requests/2.31.0"
178.62.52.236 - - [03/Mar/2026:08:41:10 +0000] "GET /static/css/main.css HTTP/1.1" 200 61666 "https://www.google.com/search?q=logparser" "Mozilla/5.0 (iPhone; CPU iPhone OS 17_0 like Mac OS X) AppleWebKit/605.1.15 (KHTML, like Gecko) Version/17.0 Mobile/15E148 Safari/604.1"
45.33.32.156 - - [03/Mar/2026:08:42:26 +0000] "GET /static/js/bundle.js HTTP/1.1" 304 0 "https://github.com/" "Mozilla/5.0 (iPhone; CPU iPhone OS 17_0 like Mac OS X) AppleWebKit/605.1.15 (KHTML, like Gecko) Version/17.0 Mobile/15E148 Safari/604.1"
159.89.133.235 - - [03/Mar/2026:08:43:44 +0000] "DELETE /static/img/logo.png HTTP/1.1" 302 0 "https://github.com/" "Mozilla/5.0 (Windows NT 10.0; Win64; x64) AppleWebKit/537.36 (KHTML, like Gecko) Chrome/120.0.0.0 Safari/537.36"
138.197.138.65 - - [03/Mar/2026:08:55:40 +0000] "GET /login HTTP/1.1" 200 7279 "https://twitter.com/" "Mozilla/5.0 (Windows NT 10.0; Win64; x64) AppleWebKit/537.36 (KHTML, like Gecko) Edge/120.0.0.0 Safari/537.36"
162.243.168.50 - - [03/Mar/2026:09:00:22 +0000] "POST / HTTP/1.1" 200 20194 "https://www.google.com/search?q=logparser" "Mozilla/5.0 (Windows NT 10.0; Win64; x64) AppleWebKit/537.36 (KHTML, like Gecko) Edge/120.0.0.0 Safari/537.36"
185.220.101.5 - - [03/Mar/2026:09:04:04 +0000] "GET /dashboard HTTP/1.1" 200 11844 "-" "Mozilla/5.0 (Macintosh; Intel Mac OS X 10_15_7) AppleWebKit/537.36 (KHTML, like Gecko) Chrome/119.0.0.0 Safari/537.36"
178.62.52.236 - - [03/Mar/2026:09:08:19 +0000] "GET /api/v1/users HTTP/1.1" 200 4439 "-" "Mozilla/5.0 (iPhone; CPU iPhone OS 17_0 like Mac OS X) AppleWebKit/605.1.15 (KHTML, like Gecko) Version/17.0 Mobile/15E148 Safari/604.1"
45.33.32.156 - - [03/Mar/2026:09:11:16 +0000] "GET /api/v1/orders HTTP/1.1" 200 6115 "https://news.ycombinator.com/" "Mozilla/5.0 (X11; Linux x86_64; rv:120.0) Gecko/20100101 Firefox/120.0"
203.0.113.7 - - [03/Mar/2026:09:15:22 +0000] "GET /api/v1/products HTTP/1.1" 200 4483 "-" "Mozilla/5.0 (Macintosh; Intel Mac OS X 10_15_7) AppleWebKit/537.36 (KHTML, like Gecko) Chrome/119.0.0.0 Safari/537.36"
77.88.5.88 - - [03/Mar/2026:09:15:46 +0000] "GET /static/img/logo.png HTTP/1.1" 200 37048 "https://github.com/" "Mozilla/5.0 (Windows NT 10.0; Win64; x64) AppleWebKit/537.36 (KHTML, like Gecko) Chrome/120.0.0.0 Safari/537.36"
45.33.32.156 - - [03/Mar/2026:09:16:08 +0000] "POST /static/js/bundle.js HTTP/1.1" 304 0 "-" "Mozilla/5.0 (Windows NT 10.0; Win64; x64) AppleWebKit/537.36 (KHTML, like Gecko) Edge/120.0.0.0 Safari/537.36"
162.243.168.50 - - [03/Mar/2026:09:19:13 +0000] "GET /favicon.ico HTTP/1.1" 200 24875 "https://news.ycombinator.com/" "Mozilla/5.0 (X11; Linux x86_64; rv:120.0) Gecko/20100101 Firefox/120.0"
77.88.5.88 - - [03/Mar/2026:09:20:19 +0000] "GET /index.html HTTP/1.1" 200 3250 "-" "Mozilla/5.0 (X11; Linux x86_64; rv:120.0) Gecko/20100101 Firefox/120.0"
82.45.12.101 - - [03/Mar/2026:09:36:34 +0000] "GET /static/css/main.css HTTP/1.1" 200 144674 "https://news.ycombinator.com/" "Mozilla/5.0 (Windows NT 10.0; Win64; x64) AppleWebKit/537.36 (KHTML, like Gecko) Chrome/120.0.0.0 Safari/537.36"
77.88.5.88 - - [03/Mar/2026:09:38:03 +0000] "GET / HTTP/1.1" 200 17156 "-" "Mozilla/5.0 (Macintosh; Intel Mac OS X 10_15_7) AppleWebKit/537.36 (KHTML, like Gecko) Chrome/119.0.0.0 Safari/537.36"
185.220.101.5 - - [03/Mar/2026:09:41:11 +0000] "GET /static/img/logo.png HTTP/1.1" 304 0 "-" "Mozilla/5.0 (Macintosh; Intel Mac OS X 10_15_7) AppleWebKit/537.36 (KHTML, like Gecko) Chrome/119.0.0.0 Safari/537.36"
198.51.100.23 - - [03/Mar/2026:09:41:33 +0000] "GET /dashboard HTTP/1.1" 200 2688 "https://www.google.com/search?q=logparser" "Mozilla/5.0 (X11; Linux x86_64; rv:120.0) Gecko/20100101 Firefox/120.0"
192.168.1.55 - - [03/Mar/2026:09:49:38 +0000] "GET / HTTP/1.1" 403 16015 "https://news.ycombinator.com/" "Mozilla/5.0 (iPhone; CPU iPhone OS 17_0 like Mac OS X) AppleWebKit/605.1.15 (KHTML, like Gecko) Version/17.0 Mobile/15E148 Safari/604.1"
159.89.133.235 - - [03/Mar/2026:09:50:08 +0000] "GET /static/css/main.css HTTP/1.1" 200 79219 "https://www.google.com/search?q=logparser" "Mozilla/5.0 (iPhone; CPU iPhone OS 17_0 like Mac OS X) AppleWebKit/605.1.15 (KHTML, like Gecko) Version/17.0 Mobile/15E148 Safari/604.1"
185.220.101.5 - - [03/Mar/2026:09:50:33 +0000] "POST /login HTTP/1.1" 200 9940 "-" "Mozilla/5.0 (X11; Linux x86_64; rv:120.0) Gecko/20100101 Firefox/120.0"
178.62.52.236 - - [03/Mar/2026:09:51:07 +0000] "GET / HTTP/1.1" 404 3926 "https://twitter.com/" "Mozilla/5.0 (Macintosh; Intel Mac OS X 10_15_7) AppleWebKit/537.36 (KHTML, like Gecko) Chrome/119.0.0.0 Safari/537.36"
46.101.127.145 - - [03/Mar/2026:10:02:19 +0000] "GET /static/js/bundle.js HTTP/1.1" 200 98194 "-" "Mozilla/5.0 (Macintosh; Intel Mac OS X 10_15_7) AppleWebKit/537.36 (KHTML, like Gecko) Chrome/119.0.0.0 Safari/537.36"
77.88.5.88 - - [03/Mar/2026:10:02:41 +0000] "GET /index.html HTTP/1.1" 200 11993 "https://www.google.com/search?q=logparser" "Mozilla/5.0 (X11; Linux x86_64; rv:120.0) Gecko/20100101 Firefox/120.0"
159.89.133.235 - - [03/Mar/2026:10:06:06 +0000] "GET / HTTP/1.1" 304 0 "-" "Mozilla/5.0 (Windows NT 10.0; Win64; x64) AppleWebKit/537.36 (KHTML, like Gecko) Edge/120.0.0.0 Safari/537.36"
10.0.0.42 - - [03/Mar/2026:10:08:39 +0000] "POST /api/v1/products HTTP/1.1" 200 6873 "-" "Mozilla/5.0 (Macintosh; Intel Mac OS X 10_15_7) AppleWebKit/537.36 (KHTML, like Gecko) Chrome/119.0.0.0 Safari/537.36"
77.88.5.88 - - [03/Mar/2026:10:11:49 +0000] "GET /favicon.ico HTTP/1.1" 200 17986 "-" "Mozilla/5.0 (Macintosh; Intel Mac OS X 10_15_7) AppleWebKit/537.36 (KHTML, like Gecko) Chrome/119.0.0.0 Safari/537.36"
10.0.0.42 - - [03/Mar/2026:10:18:13 +0000] "GET /favicon.ico HTTP/1.1" 200 23247 "https://twitter.com/" "Mozilla/5.0 (iPhone; CPU iPhone OS 17_0 like Mac OS X) AppleWebKit/605.1.15 (KHTML, like Gecko) Version/17.0 Mobile/15E148 Safari/604.1"
91.108.4.74 - - [03/Mar/2026:10:20:50 +0000] "GET /login HTTP/1.1" 200 7976 "-" "Mozilla/5.0 (Windows NT 10.0; Win64; x64) AppleWebKit/537.36 (KHTML, like Gecko) Chrome/120.0.0.0 Safari/537.36"
198.51.100.23 - - [03/Mar/2026:10:23:18 +0000] "GET /static/img/logo.png HTTP/1.1" 200 84234 "-" "Mozilla/5.0 (X11; Linux x86_64; rv:120.0) Gecko/20100101 Firefox/120.0"
162.243.168.50 - - [03/Mar/2026:10:24:32 +0000] "GET /dashboard HTTP/1.1" 200 24826 "-" "Mozilla/5.0 (Macintosh; Intel Mac OS X 10_15_7) AppleWebKit/537.36 (KHTML, like Gecko) Chrome/119.0.0.0 Safari/537.36"
159.89.133.235 - - [03/Mar/2026:10:32:39 +0000] "GET /static/css/main.css HTTP/1.1" 301 0 "-" "Mozilla/5.0 (X11; Linux x86_64; rv:120.0) Gecko/20100101 Firefox/120.0"
46.101.127.145 - - [03/Mar/2026:10:40:53 +0000] "PUT /api/v1/health HTTP/1.1" 301 0 "https://github.com/" "Mozilla/5.0 (X11; Linux x86_64; rv:120.0) Gecko/20100101 Firefox/120.0"
192.168.1.55 - - [03/Mar/2026:10:57:17 +0000] "GET /static/css/main.css HTTP/1.1" 304 0 "https://twitter.com/" "Mozilla/5.0 (X11; Linux x86_64; rv:120.0) Gecko/20100101 Firefox/120.0"
2.56.56.12 - - [03/Mar/2026:11:01:48 +0000] "GET /dashboard HTTP/1.1" 200 21806 "-" "Mozilla/5.0 (Macintosh; Intel Mac OS X 10_15_7) AppleWebKit/537.36 (KHTML, like Gecko) Chrome/119.0.0.0 Safari/537.36"
77.88.5.88 - - [03/Mar/2026:11:03:53 +0000] "GET /api/v1/health HTTP/1.1" 304 0 "-" "Mozilla/5.0 (X11; Linux x86_64; rv:120.0) Gecko/20100101 Firefox/120.0"
138.197.138.65 - - [03/Mar/2026:11:09:04 +0000] "GET /static/css/main.css HTTP/1.1" 301 0 "https://news.ycombinator.com/" "Mozilla/5.0 (Macintosh; Intel Mac OS X 10_15_7) AppleWebKit/537.36 (KHTML, like Gecko) Chrome/119.0.0.0 Safari/537.36"
77.88.5.88 - - [03/Mar/2026:11:11:23 +0000] "GET / HTTP/1.1" 301 0 "https://news.ycombinator.com/" "Mozilla/5.0 (X11; Linux x86_64; rv:120.0) Gecko/20100101 Firefox/120.0"
82.45.12.101 - - [03/Mar/2026:11:16:47 +0000] "POST /index.html HTTP/1.1" 200 21638 "https://github.com/" "Mozilla/5.0 (iPhone; CPU iPhone OS 17_0 like Mac OS X) AppleWebKit/605.1.15 (KHTML, like Gecko) Version/17.0 Mobile/15E148 Safari/604.1"
192.168.1.55 - - [03/Mar/2026:11:18:22 +0000] "GET /index.html HTTP/1.1" 304 0 "-" "Mozilla/5.0 (Macintosh; Intel Mac OS X 10_15_7) AppleWebKit/537.36 (KHTML, like Gecko) Chrome/119.0.0.0 Safari/537.36"
2.56.56.12 - - [03/Mar/2026:11:20:12 +0000] "GET / HTTP/1.1" 404 8877 "https://www.google.com/search?q=logparser" "Mozilla/5.0 (Macintosh; Intel Mac OS X 10_15_7) AppleWebKit/537.36 (KHTML, like Gecko) Chrome/119.0.0.0 Safari/537.36"
185.220.101.5 - - [03/Mar/2026:11:22:38 +0000] "POST /static/js/bundle.js HTTP/1.1" 200 117356 "-" "Mozilla/5.0 (Windows NT 10.0; Win64; x64) AppleWebKit/537.36 (KHTML, like Gecko) Chrome/120.0.0.0 Safari/537.36"
192.168.1.55 - - [03/Mar/2026:11:33:28 +0000] "GET /robots.txt HTTP/1.1" 200 24328 "-" "Mozilla/5.0 (Macintosh; Intel Mac OS X 10_15_7) AppleWebKit/537.36 (KHTML, like Gecko) Chrome/119.0.0.0 Safari/537.36"
91.108.4.74 - - [03/Mar/2026:11:37:25 +0000] "POST / HTTP/1.1" 200 6719 "https://twitter.com/" "Mozilla/5.0 (X11; Linux x86_64; rv:120.0) Gecko/20100101 Firefox/120.0"
159.89.133.235 - - [03/Mar/2026:11:38:37 +0000] "GET /api/v1/health HTTP/1.1" 200 5526 "-" "Mozilla/5.0 (iPhone; CPU iPhone OS 17_0 like Mac OS X) AppleWebKit/605.1.15 (KHTML, like Gecko) Version/17.0 Mobile/15E148 Safari/604.1"
2.56.56.12 - - [03/Mar/2026:11:48:21 +0000] "GET /login HTTP/1.1" 200 7509 "https://news.ycombinator.com/" "Mozilla/5.0 (Macintosh; Intel Mac OS X 10_15_7) AppleWebKit/537.36 (KHTML, like Gecko) Chrome/119.0.0.0 Safari/537.36"
66.249.66.1 - - [03/Mar/2026:11:50:37 +0000] "GET /static/js/bundle.js HTTP/1.1" 400 167764 "-" "Mozilla/5.0 (compatible; bingbot/2.0; +http://www.bing.com/bingbot.htm)"
2.56.56.12 - - [03/Mar/2026:11:57:07 +0000] "POST /robots.txt HTTP/1.1" 404 8166 "https://twitter.com/" "Mozilla/5.0 (Windows NT 10.0; Win64; x64) AppleWebKit/537.36 (KHTML, like Gecko) Edge/120.0.0.0 Safari/537.36"
162.243.168.50 - - [03/Mar/2026:12:02:27 +0000] "GET /favicon.ico HTTP/1.1" 200 2137 "-" "Mozilla/5.0 (iPhone; CPU iPhone OS 17_0 like Mac OS X) AppleWebKit/605.1.15 (KHTML, like Gecko) Version/17.0 Mobile/15E148 Safari/604.1"
91.108.4.74 - - [03/Mar/2026:12:06:30 +0000] "GET /api/v1/products HTTP/1.1" 200 5358 "https://github.com/" "Mozilla/5.0 (Windows NT 10.0; Win64; x64) AppleWebKit/537.36 (KHTML, like Gecko) Chrome/120.0.0.0 Safari/537.36"
185.220.101.5 - - [03/Mar/2026:12:18:14 +0000] "HEAD /static/img/logo.png HTTP/1.1" 200 152976 "https://github.com/" "Mozilla/5.0 (Windows NT 10.0; Win64; x64) AppleWebKit/537.36 (KHTML, like Gecko) Edge/120.0.0.0 Safari/537.36"
10.0.0.42 - - [03/Mar/2026:12:22:38 +0000] "GET / HTTP/1.1" 200 11856 "-" "Mozilla/5.0 (Macintosh; Intel Mac OS X 10_15_7) AppleWebKit/537.36 (KHTML, like Gecko) Chrome/119.0.0.0 Safari/537.36"
185.220.101.5 - - [03/Mar/2026:12:31:03 +0000] "GET /favicon.ico HTTP/1.1" 200 6278 "-" "Mozilla/5.0 (Macintosh; Intel Mac OS X 10_15_7) AppleWebKit/537.36 (KHTML, like Gecko) Chrome/119.0.0.0 Safari/537.36"
192.168.1.55 - - [03/Mar/2026:12:34:54 +0000] "POST /api/v1/users HTTP/1.1" 200 490 "-" "Mozilla/5.0 (Windows NT 10.0; Win64; x64) AppleWebKit/537.36 (KHTML, like Gecko) Chrome/120.0.0.0 Safari/537.36"
10.0.0.42 - - [03/Mar/2026:12:41:46 +0000] "GET / HTTP/1.1" 304 0 "-" "Mozilla/5.0 (X11; Linux x86_64; rv:120.0) Gecko/20100101 Firefox/120.0"
77.88.5.88 - - [03/Mar/2026:12:47:32 +0000] "GET /login HTTP/1.1" 200 13325 "-" "Mozilla/5.0 (iPhone; CPU iPhone OS 17_0 like Mac OS X) AppleWebKit/605.1.15 (KHTML, like Gecko) Version/17.0 Mobile/15E148 Safari/604.1"
77.88.5.88 - - [03/Mar/2026:12:48:27 +0000] "GET /static/js/bundle.js HTTP/1.1" 200 76719 "https://www.google.com/search?q=logparser" "Mozilla/5.0 (X11; Linux x86_64; rv:120.0) Gecko/20100101 Firefox/120.0"
192.168.1.55 - - [03/Mar/2026:12:50:36 +0000] "GET /static/css/main.css HTTP/1.1" 200 98608 "https://news.ycombinator.com/" "Mozilla/5.0 (iPhone; CPU iPhone OS 17_0 like Mac OS X) AppleWebKit/605.1.15 (KHTML, like Gecko) Version/17.0 Mobile/15E148 Safari/604.1"
178.62.52.236 - - [03/Mar/2026:12:53:20 +0000] "GET / HTTP/1.1" 200 16156 "-" "Mozilla/5.0 (iPhone; CPU iPhone OS 17_0 like Mac OS X) AppleWebKit/605.1.15 (KHTML, like Gecko) Version/17.0 Mobile/15E148 Safari/604.1"
178.62.52.236 - - [03/Mar/2026:12:53:42 +0000] "GET /api/v1/products HTTP/1.1" 200 4174 "-" "Mozilla/5.0 (Macintosh; Intel Mac OS X 10_15_7) AppleWebKit/537.36 (KHTML, like Gecko) Chrome/119.0.0.0 Safari/537.36"
77.88.5.88 - - [03/Mar/2026:12:56:43 +0000] "GET /api/v1/users HTTP/1.1" 200 1307 "-" "Mozilla/5.0 (iPhone; CPU iPhone OS 17_0 like Mac OS X) AppleWebKit/605.1.15 (KHTML, like Gecko) Version/17.0 Mobile/15E148 Safari/604.1"
162.243.168.50 - - [03/Mar/2026:13:11:19 +0000] "GET /static/js/bundle.js HTTP/1.1" 200 99738 "-" "Mozilla/5.0 (Windows NT 10.0; Win64; x64) AppleWebKit/537.36 (KHTML, like Gecko) Chrome/120.0.0.0 Safari/537.36"
178.62.52.236 - - [03/Mar/2026:13:16:03 +0000] "GET / HTTP/1.1" 302 0 "https://www.google.com/search?q=logparser" "Mozilla/5.0 (Windows NT 10.0; Win64; x64) AppleWebKit/537.36 (KHTML, like Gecko) Chrome/120.0.0.0 Safari/537.36"
77.88.5.88 - - [03/Mar/2026:13:17:50 +0000] "GET /static/js/bundle.js HTTP/1.1" 302 0 "https://news.ycombinator.com/" "Mozilla/5.0 (Macintosh; Intel Mac OS X 10_15_7) AppleWebKit/537.36 (KHTML, like Gecko) Chrome/119.0.0.0 Safari/537.36"
82.45.12.101 - - [03/Mar/2026:13:40:39 +0000] "GET /static/css/main.css HTTP/1.1" 200 121698 "https://github.com/" "Mozilla/5.0 (Windows NT 10.0; Win64; x64) AppleWebKit/537.36 (KHTML, like Gecko) Chrome/120.0.0.0 Safari/537.36"
159.89.133.235 - - [03/Mar/2026:13:44:55 +0000] "GET /api/v1/health HTTP/1.1" 200 990 "https://github.com/" "Mozilla/5.0 (Windows NT 10.0; Win64; x64) AppleWebKit/537.36 (KHTML, like Gecko) Chrome/120.0.0.0 Safari/537.36"
178.62.52.236 - - [03/Mar/2026:13:51:13 +0000] "GET /index.html HTTP/1.1" 301 0 "https://github.com/" "Mozilla/5.0 (Windows NT 10.0; Win64; x64) AppleWebKit/537.36 (KHTML, like Gecko) Chrome/120.0.0.0 Safari/537.36"
203.0.113.7 - - [03/Mar/2026:14:03:40 +0000] "GET /robots.txt HTTP/1.1" 200 18602 "-" "Mozilla/5.0 (Windows NT 10.0; Win64; x64) AppleWebKit/537.36 (KHTML, like Gecko) Edge/120.0.0.0 Safari/537.36"
162.243.168.50 - - [03/Mar/2026:14:03:52 +0000] "GET /static/js/bundle.js HTTP/1.1" 200 100148 "https://twitter.com/" "Mozilla/5.0 (X11; Linux x86_64; rv:120.0) Gecko/20100101 Firefox/120.0"
198.51.100.23 - - [03/Mar/2026:14:04:23 +0000] "GET /api/v1/health HTTP/1.1" 200 1526 "-" "Mozilla/5.0 (Macintosh; Intel Mac OS X 10_15_7) AppleWebKit/537.36 (KHTML, like Gecko) Chrome/119.0.0.0 Safari/537.36"
10.0.0.42 - - [03/Mar/2026:14:10:23 +0000] "DELETE /index.html HTTP/1.1" 200 12990 "-" "Mozilla/5.0 (Windows NT 10.0; Win64; x64) AppleWebKit/537.36 (KHTML, like Gecko) Chrome/120.0.0.0 Safari/537.36"
138.197.138.65 - - [03/Mar/2026:14:12:43 +0000] "GET /sitemap.xml HTTP/1.1" 200 6315 "-" "Mozilla/5.0 (Windows NT 10.0; Win64; x64) AppleWebKit/537.36 (KHTML, like Gecko) Chrome/120.0.0.0 Safari/537.36"
2.56.56.12 - - [03/Mar/2026:14:13:13 +0000] "POST /api/v1/users HTTP/1.1" 304 0 "https://news.ycombinator.com/" "Mozilla/5.0 (X11; Linux x86_64; rv:120.0) Gecko/20100101 Firefox/120.0"
203.0.113.7 - - [03/Mar/2026:14:22:23 +0000] "GET /static/img/logo.png HTTP/1.1" 200 81720 "-" "Mozilla/5.0 (iPhone; CPU iPhone OS 17_0 like Mac OS X) AppleWebKit/605.1.15 (KHTML, like Gecko) Version/17.0 Mobile/15E148 Safari/604.1"
77.88.5.88 - - [03/Mar/2026:14:25:15 +0000] "GET /api/v1/products HTTP/1.1" 404 6655 "-" "Mozilla/5.0 (Macintosh; Intel Mac OS X 10_15_7) AppleWebKit/537.36 (KHTML, like Gecko) Chrome/119.0.0.0 Safari/537.36"
162.243.168.50 - - [03/Mar/2026:14:28:05 +0000] "GET / HTTP/1.1" 200 1824 "-" "Mozilla/5.0 (Macintosh; Intel Mac OS X 10_15_7) AppleWebKit/537.36 (KHTML, like Gecko) Chrome/119.0.0.0 Safari/537.36"
138.197.138.65 - - [03/Mar/2026:14:36:16 +0000] "GET /index.html HTTP/1.1" 301 0 "https://news.ycombinator.com/" "Mozilla/5.0 (iPhone; CPU iPhone OS 17_0 like Mac OS X) AppleWebKit/605.1.15 (KHTML, like Gecko) Version/17.0 Mobile/15E148 Safari/604.1"
46.101.127.145 - - [03/Mar/2026:14:37:48 +0000] "GET /static/img/logo.png HTTP/1.1" 200 18012 "https://twitter.com/" "Mozilla/5.0 (X11; Linux x86_64; rv:120.0) Gecko/20100101 Firefox/120.0"
91.108.4.74 - - [03/Mar/2026:14:41:47 +0000] "GET / HTTP/1.1" 200 24868 "-" "Mozilla/5.0 (Windows NT 10.0; Win64; x64) AppleWebKit/537.36 (KHTML, like Gecko) Edge/120.0.0.0 Safari/537.36"
91.108.4.74 - - [03/Mar/2026:14:46:09 +0000] "GET /api/v1/orders HTTP/1.1" 200 4805 "https://twitter.com/" "Mozilla/5.0 (Windows NT 10.0; Win64; x64) AppleWebKit/537.36 (KHTML, like Gecko) Edge/120.0.0.0 Safari/537.36"
162.243.168.50 - - [03/Mar/2026:14:47:40 +0000] "HEAD /static/img/logo.png HTTP/1.1" 200 42939 "-" "Mozilla/5.0 (X11; Linux x86_64; rv:120.0) Gecko/20100101 Firefox/120.0"
91.108.4.74 - - [03/Mar/2026:14:50:28 +0000] "GET /static/img/logo.png HTTP/1.1" 200 41606 "-" "Mozilla/5.0 (X11; Linux x86_64; rv:120.0) Gecko/20100101 Firefox/120.0"
10.0.0.42 - - [03/Mar/2026:15:04:21 +0000] "GET /api/v1/products HTTP/1.1" 200 557 "https://news.ycombinator.com/" "Mozilla/5.0 (Macintosh; Intel Mac OS X 10_15_7) AppleWebKit/537.36 (KHTML, like Gecko) Chrome/119.0.0.0 Safari/537.36"
192.168.1.55 - - [03/Mar/2026:15:04:57 +0000] "GET /static/img/logo.png HTTP/1.1" 200 78965 "https://twitter.com/" "Mozilla/5.0 (iPhone; CPU iPhone OS 17_0 like Mac OS X) AppleWebKit/605.1.15 (KHTML, like Gecko) Version/17.0 Mobile/15E148 Safari/604.1"
192.168.1.55 - - [03/Mar/2026:15:09:06 +0000] "GET / HTTP/1.1" 404 17543 "-" "Mozilla/5.0 (Windows NT 10.0; Win64; x64) AppleWebKit/537.36 (KHTML, like Gecko) Chrome/120.0.0.0 Safari/537.36"
77.88.5.88 - - [03/Mar/2026:15:18:10 +0000] "GET /index.html HTTP/1.1" 200 23499 "-" "Mozilla/5.0 (Macintosh; Intel Mac OS X 10_15_7) AppleWebKit/537.36 (KHTML, like Gecko) Chrome/119.0.0.0 Safari/537.36"
2.56.56.12 - - [03/Mar/2026:15:21:50 +0000] "GET /static/css/main.css HTTP/1.1" 200 134274 "https://twitter.com/" "Mozilla/5.0 (Windows NT 10.0; Win64; x64) AppleWebKit/537.36 (KHTML, like Gecko) Chrome/120.0.0.0 Safari/537.36"
82.45.12.101 - - [03/Mar/2026:15:23:14 +0000] "GET /api/v1/users HTTP/1.1" 200 3656 "https://www.google.com/search?q=logparser" "Mozilla/5.0 (Windows NT 10.0; Win64; x64) AppleWebKit/537.36 (KHTML, like Gecko) Chrome/120.0.0.0 Safari/537.36"
185.220.101.5 - - [03/Mar/2026:15:25:07 +0000] "GET /static/js/bundle.js HTTP/1.1" 200 50251 "-" "Mozilla/5.0 (Macintosh; Intel Mac OS X 10_15_7) AppleWebKit/537.36 (KHTML, like Gecko) Chrome/119.0.0.0 Safari/537.36"
198.51.100.23 - - [03/Mar/2026:15:29:40 +0000] "GET /static/css/main.css HTTP/1.1" 200 137952 "https://twitter.com/" "Mozilla/5.0 (Macintosh; Intel Mac OS X 10_15_7) AppleWebKit/537.36 (KHTML, like Gecko) Chrome/119.0.0.0 Safari/537.36"
77.88.5.88 - - [03/Mar/2026:15:29:47 +0000] "POST /static/js/bundle.js HTTP/1.1" 301 0 "-" "Mozilla/5.0 (iPhone; CPU iPhone OS 17_0 like Mac OS X) AppleWebKit/605.1.15 (KHTML, like Gecko) Version/17.0 Mobile/15E148 Safari/604.1"
77.88.5.88 - - [03/Mar/2026:15:32:11 +0000] "GET /api/v1/products HTTP/1.1" 200 2383 "-" "Mozilla/5.0 (Windows NT 10.0; Win64; x64) AppleWebKit/537.36 (KHTML, like Gecko) Edge/120.0.0.0 Safari/537.36"
77.88.5.88 - - [03/Mar/2026:15:43:01 +0000] "GET /api/v1/orders HTTP/1.1" 304 0 "-" "Mozilla/5.0 (Macintosh; Intel Mac OS X 10_15_7) AppleWebKit/537.36 (KHTML, like Gecko) Chrome/119.0.0.0 Safari/537.36"
46.101.127.145 - - [03/Mar/2026:15:44:34 +0000] "GET /api/v1/users HTTP/1.1" 304 0 "-" "Mozilla/5.0 (Windows NT 10.0; Win64; x64) AppleWebKit/537.36 (KHTML, like Gecko) Edge/120.0.0.0 Safari/537.36"
138.197.138.65 - - [03/Mar/2026:15:50:06 +0000] "GET /api/v1/orders HTTP/1.1" 200 4133 "-" "Mozilla/5.0 (Windows NT 10.0; Win64; x64) AppleWebKit/537.36 (KHTML, like Gecko) Chrome/120.0.0.0 Safari/537.36"
45.33.32.156 - - [03/Mar/2026:15:55:28 +0000] "GET /api/v1/orders HTTP/1.1" 304 0 "https://news.ycombinator.com/" "Mozilla/5.0 (Macintosh; Intel Mac OS X 10_15_7) AppleWebKit/537.36 (KHTML, like Gecko) Chrome/119.0.0.0 Safari/537.36"
138.197.138.65 - - [03/Mar/2026:15:57:06 +0000] "GET /api/v1/users HTTP/1.1" 404 4573 "-" "Mozilla/5.0 (iPhone; CPU iPhone OS 17_0 like Mac OS X) AppleWebKit/605.1.15 (KHTML, like Gecko) Version/17.0 Mobile/15E148 Safari/604.1"
178.62.52.236 - - [03/Mar/2026:15:59:09 +0000] "GET /api/v1/users HTTP/1.1" 200 1945 "https://www.google.com/search?q=logparser" "Mozilla/5.0 (Windows NT 10.0; Win64; x64) AppleWebKit/537.36 (KHTML, like Gecko) Edge/120.0.0.0 Safari/537.36"
10.0.0.42 - - [03/Mar/2026:16:03:23 +0000] "POST /static/img/logo.png HTTP/1.1" 200 77796 "https://www.google.com/search?q=logparser" "Mozilla/5.0 (iPhone; CPU iPhone OS 17_0 like Mac OS X) AppleWebKit/605.1.15 (KHTML, like Gecko) Version/17.0 Mobile/15E148 Safari/604.1"
2.56.56.12 - - [03/Mar/2026:16:08:30 +0000] "GET /about HTTP/1.1" 200 14271 "-" "Mozilla/5.0 (iPhone; CPU iPhone OS 17_0 like Mac OS X) AppleWebKit/605.1.15 (KHTML, like Gecko) Version/17.0 Mobile/15E148 Safari/604.1"
46.101.127.145 - - [03/Mar/2026:16:09:29 +0000] "GET /logout HTTP/1.1" 200 24529 "-" "Mozilla/5.0 (iPhone; CPU iPhone OS 17_0 like Mac OS X) AppleWebKit/605.1.15 (KHTML, like Gecko) Version/17.0 Mobile/15E148 Safari/604.1"
162.243.168.50 - - [03/Mar/2026:16:10:35 +0000] "GET /api/v1/health HTTP/1.1" 304 0 "-" "Mozilla/5.0 (X11; Linux x86_64; rv:120.0) Gecko/20100101 Firefox/120.0"
82.45.12.101 - - [03/Mar/2026:16:12:12 +0000] "GET /static/img/logo.png HTTP/1.1" 500 54622 "https://news.ycombinator.com/" "Mozilla/5.0 (Windows NT 10.0; Win64; x64) AppleWebKit/537.36 (KHTML, like Gecko) Chrome/120.0.0.0 Safari/537.36"
2.56.56.12 - - [03/Mar/2026:16:14:33 +0000] "GET /dashboard HTTP/1.1" 403 1188 "-" "Mozilla/5.0 (Windows NT 10.0; Win64; x64) AppleWebKit/537.36 (KHTML, like Gecko) Edge/120.0.0.0 Safari/537.36"
91.108.4.74 - - [03/Mar/2026:16:17:11 +0000] "GET /static/img/logo.png HTTP/1.1" 403 130480 "-" "Mozilla/5.0 (Windows NT 10.0; Win64; x64) AppleWebKit/537.36 (KHTML, like Gecko) Chrome/120.0.0.0 Safari/537.36"
185.220.101.5 - - [03/Mar/2026:16:20:42 +0000] "GET / HTTP/1.1" 304 0 "https://twitter.com/" "Mozilla/5.0 (Windows NT 10.0; Win64; x64) AppleWebKit/537.36 (KHTML, like Gecko) Chrome/120.0.0.0 Safari/537.36"
178.62.52.236 - - [03/Mar/2026:16:34:23 +0000] "POST /static/css/main.css HTTP/1.1" 304 0 "https://news.ycombinator.com/" "Mozilla/5.0 (Windows NT 10.0; Win64; x64) AppleWebKit/537.36 (KHTML, like Gecko) Chrome/120.0.0.0 Safari/537.36"
46.101.127.145 - - [03/Mar/2026:16:35:24 +0000] "DELETE / HTTP/1.1" 200 15348 "https://github.com/" "Mozilla/5.0 (Windows NT 10.0; Win64; x64) AppleWebKit/537.36 (KHTML, like Gecko) Edge/120.0.0.0 Safari/537.36"
91.108.4.74 - - [03/Mar/2026:16:36:34 +0000] "GET /index.html HTTP/1.1" 301 0 "https://news.ycombinator.com/" "Mozilla/5.0 (Windows NT 10.0; Win64; x64) AppleWebKit/537.36 (KHTML, like Gecko) Chrome/120.0.0.0 Safari/537.36"
91.108.4.74 - - [03/Mar/2026:16:37:27 +0000] "GET / HTTP/1.1" 200 22473 "-" "Mozilla/5.0 (Windows NT 10.0; Win64; x64) AppleWebKit/537.36 (KHTML, like Gecko) Edge/120.0.0.0 Safari/537.36"
192.168.1.55 - - [03/Mar/2026:16:38:18 +0000] "GET /dashboard HTTP/1.1" 200 2598 "https://news.ycombinator.com/" "Mozilla/5.0 (Windows NT 10.0; Win64; x64) AppleWebKit/537.36 (KHTML, like Gecko) Edge/120.0.0.0 Safari/537.36"
77.88.5.88 - - [03/Mar/2026:16:42:15 +0000] "GET / HTTP/1.1" 200 17250 "-" "Mozilla/5.0 (X11; Linux x86_64; rv:120.0) Gecko/20100101 Firefox/120.0"
178.62.52.236 - - [03/Mar/2026:16:48:57 +0000] "GET /api/v1/orders HTTP/1.1" 200 5355 "https://www.google.com/search?q=logparser" "Mozilla/5.0 (Windows NT 10.0; Win64; x64) AppleWebKit/537.36 (KHTML, like Gecko) Chrome/120.0.0.0 Safari/537.36"
77.88.5.88 - - [03/Mar/2026:17:00:10 +0000] "GET /api/v1/products HTTP/1.1" 200 4847 "https://github.com/" "Mozilla/5.0 (Macintosh; Intel Mac OS X 10_15_7) AppleWebKit/537.36 (KHTML, like Gecko) Chrome/119.0.0.0 Safari/537.36"
178.62.52.236 - - [03/Mar/2026:17:02:30 +0000] "GET /api/v1/health HTTP/1.1" 404 2983 "https://www.google.com/search?q=logparser" "Mozilla/5.0 (X11; Linux x86_64; rv:120.0) Gecko/20100101 Firefox/120.0"
82.45.12.101 - - [03/Mar/2026:17:04:01 +0000] "GET /static/js/bundle.js HTTP/1.1" 200 28930 "https://github.com/" "Mozilla/5.0 (Windows NT 10.0; Win64; x64) AppleWebKit/537.36 (KHTML, like Gecko) Chrome/120.0.0.0 Safari/537.36"
203.0.113.7 - - [03/Mar/2026:17:20:22 +0000] "POST /static/img/logo.png HTTP/1.1" 200 83748 "https://news.ycombinator.com/" "Mozilla/5.0 (Windows NT 10.0; Win64; x64) AppleWebKit/537.36 (KHTML, like Gecko) Edge/120.0.0.0 Safari/537.36"
138.197.138.65 - - [03/Mar/2026:17:24:49 +0000] "GET /index.html HTTP/1.1" 200 23538 "https://twitter.com/" "Mozilla/5.0 (Macintosh; Intel Mac OS X 10_15_7) AppleWebKit/537.36 (KHTML, like Gecko) Chrome/119.0.0.0 Safari/537.36"
203.0.113.7 - - [03/Mar/2026:17:25:41 +0000] "GET /api/v1/health HTTP/1.1" 304 0 "-" "Mozilla/5.0 (iPhone; CPU iPhone OS 17_0 like Mac OS X) AppleWebKit/605.1.15 (KHTML, like Gecko) Version/17.0 Mobile/15E148 Safari/604.1"
46.101.127.145 - - [03/Mar/2026:17:31:24 +0000] "POST /index.html HTTP/1.1" 200 3962 "-" "Mozilla/5.0 (Windows NT 10.0; Win64; x64) AppleWebKit/537.36 (KHTML, like Gecko) Edge/120.0.0.0 Safari/537.36"
77.88.5.88 - - [03/Mar/2026:17:34:55 +0000] "GET /static/css/main.css HTTP/1.1" 301 0 "https://news.ycombinator.com/" "Mozilla/5.0 (iPhone; CPU iPhone OS 17_0 like Mac OS X) AppleWebKit/605.1.15 (KHTML, like Gecko) Version/17.0 Mobile/15E148 Safari/604.1"
185.220.101.5 - - [03/Mar/2026:17:37:13 +0000] "GET /login HTTP/1.1" 200 17688 "https://www.google.com/search?q=logparser" "Mozilla/5.0 (Windows NT 10.0; Win64; x64) AppleWebKit/537.36 (KHTML, like Gecko) Edge/120.0.0.0 Safari/537.36"
10.0.0.42 - - [03/Mar/2026:17:41:02 +0000] "GET /index.html HTTP/1.1" 200 19152 "https://github.com/" "Mozilla/5.0 (Windows NT 10.0; Win64; x64) AppleWebKit/537.36 (KHTML, like Gecko) Chrome/120.0.0.0 Safari/537.36"
203.0.113.7 - - [03/Mar/2026:17:46:29 +0000] "GET / HTTP/1.1" 301 0 "-" "Mozilla/5.0 (iPhone; CPU iPhone OS 17_0 like Mac OS X) AppleWebKit/605.1.15 (KHTML, like Gecko) Version/17.0 Mobile/15E148 Safari/604.1"
203.0.113.7 - - [03/Mar/2026:17:48:20 +0000] "HEAD /api/v1/users HTTP/1.1" 304 0 "https://github.com/" "Mozilla/5.0 (Macintosh; Intel Mac OS X 10_15_7) AppleWebKit/537.36 (KHTML, like Gecko) Chrome/119.0.0.0 Safari/537.36"
138.197.138.65 - - [03/Mar/2026:17:49:58 +0000] "GET / HTTP/1.1" 200 11948 "-" "Mozilla/5.0 (Windows NT 10.0; Win64; x64) AppleWebKit/537.36 (KHTML, like Gecko) Chrome/120.0.0.0 Safari/537.36"
162.243.168.50 - - [03/Mar/2026:17:58:19 +0000] "GET /api/v1/health HTTP/1.1" 200 5204 "https://news.ycombinator.com/" "Mozilla/5.0 (Windows NT 10.0; Win64; x64) AppleWebKit/537.36 (KHTML, like Gecko) Edge/120.0.0.0 Safari/537.36"
91.108.4.74 - - [03/Mar/2026:17:59:37 +0000] "GET /about HTTP/1.1" 304 0 "https://github.com/" "Mozilla/5.0 (Windows NT 10.0; Win64; x64) AppleWebKit/537.36 (KHTML, like Gecko) Chrome/120.0.0.0 Safari/537.36"
45.33.32.156 - - [03/Mar/2026:18:01:28 +0000] "GET /static/css/main.css HTTP/1.1" 200 56582 "https://twitter.com/" "Mozilla/5.0 (Macintosh; Intel Mac OS X 10_15_7) AppleWebKit/537.36 (KHTML, like Gecko) Chrome/119.0.0.0 Safari/537.36"
40.77.167.188 - - [03/Mar/2026:18:06:56 +0000] "GET /api/v1/users HTTP/1.1" 200 3030 "-" "Mozilla/5.0 (compatible; bingbot/2.0; +http://www.bing.com/bingbot.htm)"
91.108.4.74 - - [03/Mar/2026:18:11:15 +0000] "PUT /contact HTTP/1.1" 400 22454 "-" "Mozilla/5.0 (Windows NT 10.0; Win64; x64) AppleWebKit/537.36 (KHTML, like Gecko) Chrome/120.0.0.0 Safari/537.36"
178.62.52.236 - - [03/Mar/2026:18:16:57 +0000] "GET /static/img/logo.png HTTP/1.1" 200 198381 "https://github.com/" "Mozilla/5.0 (iPhone; CPU iPhone OS 17_0 like Mac OS X) AppleWebKit/605.1.15 (KHTML, like Gecko) Version/17.0 Mobile/15E148 Safari/604.1"
192.168.1.55 - - [03/Mar/2026:18:23:15 +0000] "GET /sitemap.xml HTTP/1.1" 404 14598 "https://twitter.com/" "Mozilla/5.0 (iPhone; CPU iPhone OS 17_0 like Mac OS X) AppleWebKit/605.1.15 (KHTML, like Gecko) Version/17.0 Mobile/15E148 Safari/604.1"
82.45.12.101 - - [03/Mar/2026:18:23:38 +0000] "POST /api/v1/products HTTP/1.1" 200 5760 "-" "Mozilla/5.0 (iPhone; CPU iPhone OS 17_0 like Mac OS X) AppleWebKit/605.1.15 (KHTML, like Gecko) Version/17.0 Mobile/15E148 Safari/604.1"
46.101.127.145 - - [03/Mar/2026:18:24:16 +0000] "GET /api/v1/orders HTTP/1.1" 200 7924 "https://twitter.com/" "Mozilla/5.0 (Windows NT 10.0; Win64; x64) AppleWebKit/537.36 (KHTML, like Gecko) Chrome/120.0.0.0 Safari/537.36"
82.45.12.101 - - [03/Mar/2026:18:25:09 +0000] "GET /api/v1/products HTTP/1.1" 304 0 "-" "Mozilla/5.0 (Windows NT 10.0; Win64; x64) AppleWebKit/537.36 (KHTML, like Gecko) Edge/120.0.0.0 Safari/537.36"
138.197.138.65 - - [03/Mar/2026:18:33:17 +0000] "GET / HTTP/1.1" 200 3190 "https://github.com/" "Mozilla/5.0 (Windows NT 10.0; Win64; x64) AppleWebKit/537.36 (KHTML, like Gecko) Edge/120.0.0.0 Safari/537.36"
2.56.56.12 - - [03/Mar/2026:18:42:35 +0000] "GET / HTTP/1.1" 200 13096 "https://twitter.com/" "Mozilla/5.0 (iPhone; CPU iPhone OS 17_0 like Mac OS X) AppleWebKit/605.1.15 (KHTML, like Gecko) Version/17.0 Mobile/15E148 Safari/604.1"
91.108.4.74 - - [03/Mar/2026:18:51:27 +0000] "GET / HTTP/1.1" 200 18355 "https://twitter.com/" "Mozilla/5.0 (iPhone; CPU iPhone OS 17_0 like Mac OS X) AppleWebKit/605.1.15 (KHTML, like Gecko) Version/17.0 Mobile/15E148 Safari/604.1"
192.168.1.55 - - [03/Mar/2026:18:52:10 +0000] "GET /api/v1/users HTTP/1.1" 200 3029 "https://news.ycombinator.com/" "Mozilla/5.0 (Windows NT 10.0; Win64; x64) AppleWebKit/537.36 (KHTML, like Gecko) Edge/120.0.0.0 Safari/537.36"
159.89.133.235 - - [03/Mar/2026:18:54:21 +0000] "GET /api/v1/products HTTP/1.1" 200 7823 "-" "Mozilla/5.0 (X11; Linux x86_64; rv:120.0) Gecko/20100101 Firefox/120.0"
91.108.4.74 - - [03/Mar/2026:19:02:47 +0000] "GET /favicon.ico HTTP/1.1" 200 18762 "-" "Mozilla/5.0 (X11; Linux x86_64; rv:120.0) Gecko/20100101 Firefox/120.0"
77.88.5.88 - - [03/Mar/2026:19:13:29 +0000] "GET /static/css/main.css HTTP/1.1" 200 179987 "-" "Mozilla/5.0 (Macintosh; Intel Mac OS X 10_15_7) AppleWebKit/537.36 (KHTML, like Gecko) Chrome/119.0.0.0 Safari/537.36"
185.220.101.5 - - [03/Mar/2026:19:15:36 +0000] "GET /static/js/bundle.js HTTP/1.1" 304 0 "https://news.ycombinator.com/" "Mozilla/5.0 (Windows NT 10.0; Win64; x64) AppleWebKit/537.36 (KHTML, like Gecko) Chrome/120.0.0.0 Safari/537.36"
2.56.56.12 - - [03/Mar/2026:19:17:29 +0000] "GET / HTTP/1.1" 200 19541 "-" "Mozilla/5.0 (iPhone; CPU iPhone OS 17_0 like Mac OS X) AppleWebKit/605.1.15 (KHTML, like Gecko) Version/17.0 Mobile/15E148 Safari/604.1"
45.33.32.156 - - [03/Mar/2026:19:24:10 +0000] "GET /api/v1/products HTTP/1.1" 200 7639 "https://github.com/" "Mozilla/5.0 (iPhone; CPU iPhone OS 17_0 like Mac OS X) AppleWebKit/605.1.15 (KHTML, like Gecko) Version/17.0 Mobile/15E148 Safari/604.1"
192.168.1.55 - - [03/Mar/2026:19:35:14 +0000] "GET /static/js/bundle.js HTTP/1.1" 200 12720 "-" "Mozilla/5.0 (iPhone; CPU iPhone OS 17_0 like Mac OS X) AppleWebKit/605.1.15 (KHTML, like Gecko) Version/17.0 Mobile/15E148 Safari/604.1"
159.89.133.235 - - [03/Mar/2026:19:36:08 +0000] "GET /static/img/logo.png HTTP/1.1" 200 114059 "-" "Mozilla/5.0 (X11; Linux x86_64; rv:120.0) Gecko/20100101 Firefox/120.0"
77.88.5.88 - - [03/Mar/2026:19:40:41 +0000] "GET /api/v1/users HTTP/1.1" 200 2204 "-" "Mozilla/5.0 (Windows NT 10.0; Win64; x64) AppleWebKit/537.36 (KHTML, like Gecko) Chrome/120.0.0.0 Safari/537.36"
