198.51.100.23 - - [05/Mar/2026:22:42:38 +0000] "GET /static/js/bundle.js HTTP/1.1" 200 65935 "https://news.ycombinator.com/" "Mozilla/5.0 (Windows NT 10.0; Win64; x64) AppleWebKit/537.36 (KHTML, like Gecko) Edge/120.0.0.0 Safari/537.36"
10.0.0.42 - - [05/Mar/2026:23:00:42 +0000] "GET /static/img/logo.png HTTP/1.1" 200 12906 "-" "Mozilla/5.0 (Windows NT 10.0; Win64; x64) AppleWebKit/537.36 (KHTML, like Gecko) Chrome/120.0.0.0 Safari/537.36"
138.197.138.65 - - [05/Mar/2026:23:05:35 +0000] "GET /static/css/main.css HTTP/1.1" 200 177891 "https://twitter.com/" "Mozilla/5.0 (X11; Linux x86_64; rv:120.0) Gecko/20100101 Firefox/120.0"
203.0.113.7 - - [05/Mar/2026:23:20:45 +0000] "GET /api/v1/users HTTP/1.1" 304 0 "-" "Mozilla/5.0 (Macintosh; Intel Mac OS X 10_15_7) AppleWebKit/537.36 (KHTML, like Gecko) Chrome/119.0.0.0 Safari/537.36"
46.101.127.145 - - [05/Mar/2026:23:23:34 +0000] "GET / HTTP/1.1" 200 23557 "https://news.ycombinator.com/" "Mozilla/5.0 (Windows NT 10.0; Win64; x64) AppleWebKit/537.36 (KHTML, like Gecko) Chrome/120.0.0.0 Safari/537.36"
162.243.168.50 - - [05/Mar/2026:23:24:17 +0000] "GET / HTTP/1.1" 200 18756 "https://www.google.com/search?q=logparser" "Mozilla/5.0 (Windows NT 10.0; Win64; x64) AppleWebKit/537.36 (KHTML, like Gecko) Chrome/120.0.0.0 Safari/537.36"
138.197.138.65 - - [05/Mar/2026:23:28:32 +0000] "GET /static/css/main.css HTTP/1.1" 200 150427 "https://twitter.com/" "Mozilla/5.0 (Windows NT 10.0; Win64; x64) AppleWebKit/537.36 (KHTML, like Gecko) Edge/120.0.0.0 Safari/537.36"
82.45.12.101 - - [05/Mar/2026:23:29:10 +0000] "GET /api/v1/users HTTP/1.1" 403 3609 "-" "Mozilla/5.0 (X11; Linux x86_64; rv:120.0) Gecko/20100101 Firefox/120.0"
46.101.127.145 - - [05/Mar/2026:23:33:56 +0000] "GET /api/v1/users HTTP/1.1" 304 0 "-" "Mozilla/5.0 (Windows NT 10.0; Win64; x64) AppleWebKit/537.36 (KHTML, like Gecko) Edge/120.0.0.0 Safari/537.36"
178.62.52.236 - - [05/Mar/2026:23:45:39 +0000] "GET /api/v1/users HTTP/1.1" 200 2852 "-" "Mozilla/5.0 (iPhone; CPU iPhone OS 17_0 like Mac OS X) AppleWebKit/605.1.15 (KHTML, like Gecko) Version/17.0 Mobile/15E148 Safari/604.1"
45.33.32.156 - - [05/Mar/2026:23:54:43 +0000] "GET /api/v1/users HTTP/1.1" 200 1032 "-" "Mozilla/5.0 (Windows NT 10.0; Win64; x64) AppleWebKit/537.36 (KHTML, like Gecko) Edge/120.0.0.0 Safari/537.36"
159.89.133.235 - - [05/Mar/2026:23:55:13 +0000] "GET /static/css/main.css HTTP/1.1" 404 49764 "https://twitter.com/" "Mozilla/5.0 (X11; Linux x86_64; rv:120.0) Gecko/20100101 Firefox/120.0"
77.88.5.88 - - [06/Mar/2026:00:03:33 +0000] "GET /static/css/main.css HTTP/1.1" 301 0 "https://github.com/" "Mozilla/5.0 (Windows NT 10.0; Win64; x64) AppleWebKit/537.36 (KHTML, like Gecko) Edge/120.0.0.0 Safari/537.36"
77.88.5.88 - - [06/Mar/2026:00:14:44 +0000] "GET /api/v1/orders HTTP/1.1" 200 1234 "-" "Mozilla/5.0 (Windows NT 10.0; Win64; x64) AppleWebKit/537.36 (KHTML, like Gecko) Chrome/120.0.0.0 Safari/537.36"
46.101.127.145 - - [06/Mar/2026:00:22:10 +0000] "GET /api/v1/products HTTP/1.1" 200 3129 "-" "Mozilla/5.0 (Windows NT 10.0; Win64; x64) AppleWebKit/537.36 (KHTML, like Gecko) Edge/120.0.0.0 Safari/537.36"
159.89.133.235 - - [06/Mar/2026:00:25:53 +0000] "GET / HTTP/1.1" 200 16106 "-" "Mozilla/5.0 (X11; Linux x86_64; rv:120.0) Gecko/20100101 Firefox/120.0"
138.197.138.65 - - [06/Mar/2026:00:32:37 +0000] "GET /api/v1/users HTTP/1.1" 200 2022 "https://www.google.com/search?q=logparser" "Mozilla/5.0 (Macintosh; Intel Mac OS X 10_15_7) AppleWebKit/537.36 (KHTML, like Gecko) Chrome/119.0.0.0 Safari/537.36"
178.62.52.236 - - [06/Mar/2026:00:34:34 +0000] "GET /static/css/main.css HTTP/1.1" 200 34812 "https://twitter.com/" "Mozilla/5.0 (X11; Linux x86_64; rv:120.0) Gecko/20100101 Firefox/120.0"
66.249.66.2 - - [06/Mar/2026:00:52:20 +0000] "GET /static/css/main.css HTTP/1.1" 304 0 "https://news.ycombinator.com/" "curl/7.88.0"
178.62.52.236 - - [06/Mar/2026:00:55:23 +0000] "GET /static/css/main.css HTTP/1.1" 200 14310 "-" "Mozilla/5.0 (iPhone; CPU iPhone OS 17_0 like Mac OS X) AppleWebKit/605.1.15 (KHTML, like Gecko) Version/17.0 Mobile/15E148 Safari/604.1"
2.56.56.12 - - [06/Mar/2026:00:55:47 +0000] "GET /static/img/logo.png HTTP/1.1" 200 199126 "https://www.google.com/search?q=logparser" "Mozilla/5.0 (X11; Linux x86_64; rv:120.0) Gecko/20100101 Firefox/120.0"
185.220.101.5 - - [06/Mar/2026:01:15:50 +0000] "GET /static/js/bundle.js HTTP/1.1" 200 30735 "-" "Mozilla/5.0 (iPhone; CPU iPhone OS 17_0 like Mac OS X) AppleWebKit/605.1.15 (KHTML, like Gecko) Version/17.0 Mobile/15E148 Safari/604.1"
198.51.100.23 - - [06/Mar/2026:01:22:59 +0000] "GET /index.html HTTP/1.1" 304 0 "https://github.com/" "Mozilla/5.0 (iPhone; CPU iPhone OS 17_0 like Mac OS X) AppleWebKit/605.1.15 (KHTML, like Gecko) Version/17.0 Mobile/15E148 Safari/604.1"
45.33.32.156 - - [06/Mar/2026:01:24:08 +0000] "POST /static/js/bundle.js HTTP/1.1" 200 58878 "https://twitter.com/" "Mozilla/5.0 (Macintosh; Intel Mac OS X 10_15_7) AppleWebKit/537.36 (KHTML, like Gecko) Chrome/119.0.0.0 Safari/537.36"
159.89.133.235 - - [06/Mar/2026:01:29:04 +0000] "GET /api/v1/products HTTP/1.1" 200 603 "https://www.google.com/search?q=logparser" "Mozilla/5.0 (Macintosh; Intel Mac OS X 10_15_7) AppleWebKit/537.36 (KHTML, like Gecko) Chrome/119.0.0.0 Safari/537.36"
138.197.138.65 - - [06/Mar/2026:01:36:23 +0000] "GET /static/img/logo.png HTTP/1.1" 200 102446 "https://news.ycombinator.com/" "Mozilla/5.0 (Windows NT 10.0; Win64; x64) AppleWebKit/537.36 (KHTML, like Gecko) Edge/120.0.0.0 Safari/537.36"
2.56.56.12 - - [06/Mar/2026:01:38:02 +0000] "GET /static/js/bundle.js HTTP/1.1" 302 0 "-" "Mozilla/5.0 (Windows NT 10.0; Win64; x64) AppleWebKit/537.36 (KHTML, like Gecko) Chrome/120.0.0.0 Safari/537.36"
162.243.168.50 - - [06/Mar/2026:01:47:07 +0000] "GET /dashboard HTTP/1.1" 200 1152 "https://twitter.com/" "Mozilla/5.0 (Windows NT 10.0; Win64; x64) AppleWebKit/537.36 (KHTML, like Gecko) Edge/120.0.0.0 Safari/537.36"
10.0.0.42 - - [06/Mar/2026:01:47:34 +0000] "GET /static/css/main.css HTTP/1.1" 301 0 "-" "Mozilla/5.0 (Windows NT 10.0; Win64; x64) AppleWebKit/537.36 (KHTML, like Gecko) Edge/120.0.0.0 Safari/537.36"
10.0.0.42 - - [06/Mar/2026:01:53:22 +0000] "GET /static/js/bundle.js HTTP/1.1" 200 197692 "-" "Mozilla/5.0 (Windows NT 10.0; Win64; x64) AppleWebKit/537.36 (KHTML, like Gecko) Chrome/120.0.0.0 Safari/537.36"
192.168.1.55 - - [06/Mar/2026:02:12:58 +0000] "GET /static/css/main.css HTTP/1.1" 200 123631 "https://github.com/" "Mozilla/5.0 (Windows NT 10.0; Win64; x64) AppleWebKit/537.36 (KHTML, like Gecko) Chrome/120.0.0.0 Safari/537.36"
138.197.138.65 - - [06/Mar/2026:02:22:30 +0000] "GET /static/js/bundle.js HTTP/1.1" 200 149879 "-" "Mozilla/5.0 (Windows NT 10.0; Win64; x64) AppleWebKit/537.36 (KHTML, like Gecko) Chrome/120.0.0.0 Safari/537.36"
157.55.39.250 - - [06/Mar/2026:02:25:05 +0000] "GET / HTTP/1.1" 304 0 "https://twitter.com/" "curl/7.88.0"
82.45.12.101 - - [06/Mar/2026:02:35:18 +0000] "GET /login HTTP/1.1" 200 16816 "https://news.ycombinator.com/" "Mozilla/5.0 (Windows NT 10.0; Win64; x64) AppleWebKit/537.36 (KHTML, like Gecko) Chrome/120.0.0.0 Safari/537.36"
10.0.0.42 - - [06/Mar/2026:02:36:12 +0000] "GET /static/css/main.css HTTP/1.1" 404 161776 "https://github.com/" "Mozilla/5.0 (Windows NT 10.0; Win64; x64) AppleWebKit/537.36 (KHTML, like Gecko) Edge/120.0.0.0 Safari/537.36"
162.243.168.50 - - [06/Mar/2026:02:45:18 +0000] "GET /robots.txt HTTP/1.1" 200 22234 "-" "Mozilla/5.0 (X11; Linux x86_64; rv:120.0) Gecko/20100101 Firefox/120.0"
138.197.138.65 - - [06/Mar/2026:02:47:24 +0000] "GET /static/css/main.css HTTP/1.1" 200 177421 "-" "Mozilla/5.0 (Windows NT 10.0; Win64; x64) AppleWebKit/537.36 (KHTML, like Gecko) Chrome/120.0.0.0 Safari/537.36"
10.0.0.42 - - [06/Mar/2026:02:48:53 +0000] "GET /login HTTP/1.1" 500 23100 "-" "Mozilla/5.0 (X11; Linux x86_64; rv:120.0) Gecko/20100101 Firefox/120.0"
45.33.32.156 - - [06/Mar/2026:02:53:10 +0000] "GET /login HTTP/1.1" 200 24233 "-" "Mozilla/5.0 (Windows NT 10.0; Win64; x64) AppleWebKit/537.36 (KHTML, like Gecko) Chrome/120.0.0.0 Safari/537.36"
91.108.4.74 - - [06/Mar/2026:02:55:40 +0000] "POST /static/css/main.css HTTP/1.1" 200 150304 "-" "Mozilla/5.0 (Windows NT 10.0; Win64; x64) AppleWebKit/537.36 (KHTML, like Gecko) Edge/120.0.0.0 Safari/537.36"
138.197.138.65 - - [06/Mar/2026:02:56:44 +0000] "PUT /api/v1/users HTTP/1.1" 200 3830 "https://github.com/" "Mozilla/5.0 (Windows NT 10.0; Win64; x64) AppleWebKit/537.36 (KHTML, like Gecko) Chrome/120.0.0.0 Safari/537.36"
2.56.56.12 - - [06/Mar/2026:03:04:51 +0000] "GET /index.html HTTP/1.1" 200 24331 "https://github.com/" "Mozilla/5.0 (iPhone; CPU iPhone OS 17_0 like Mac OS X) AppleWebKit/605.1.15 (KHTML, like Gecko) Version/17.0 Mobile/15E148 Safari/604.1"
198.51.100.23 - - [06/Mar/2026:03:05:02 +0000] "GET /login HTTP/1.1" 200 12589 "-" "Mozilla/5.0 (Windows NT 10.0; Win64; x64) AppleWebKit/537.36 (KHTML, like Gecko) Chrome/120.0.0.0 Safari/537.36"
192.168.1.55 - - [06/Mar/2026:03:21:44 +0000] "POST / HTTP/1.1" 200 24354 "https://news.ycombinator.com/" "Mozilla/5.0 (Windows NT 10.0; Win64; x64) AppleWebKit/537.36 (KHTML, like Gecko) Chrome/120.0.0.0 Safari/537.36"
138.197.138.65 - - [06/Mar/2026:03:22:39 +0000] "GET /static/img/logo.png HTTP/1.1" 200 159033 "-" "Mozilla/5.0 (Macintosh; Intel Mac OS X 10_15_7) AppleWebKit/537.36 (KHTML, like Gecko) Chrome/119.0.0.0 Safari/537.36"
46.101.127.145 - - [06/Mar/2026:03:28:53 +0000] "POST /about HTTP/1.1" 200 16839 "-" "Mozilla/5.0 (Windows NT 10.0; Win64; x64) AppleWebKit/537.36 (KHTML, like Gecko) Edge/120.0.0.0 Safari/537.36"
203.0.113.7 - - [06/Mar/2026:03:29:26 +0000] "POST / HTTP/1.1" 200 15888 "-" "Mozilla/5.0 (Windows NT 10.0; Win64; x64) AppleWebKit/537.36 (KHTML, like Gecko) Edge/120.0.0.0 Safari/537.36"
162.243.168.50 - - [06/Mar/2026:03:29:33 +0000] "PUT / HTTP/1.1" 304 0 "https://news.ycombinator.com/" "Mozilla/5.0 (X11; Linux x86_64; rv:120.0) Gecko/20100101 Firefox/120.0"
77.88.5.88 - - [06/Mar/2026:03:29:38 +0000] "GET /dashboard HTTP/1.1" 200 17972 "https://news.ycombinator.com/" "Mozilla/5.0 (iPhone; CPU iPhone OS 17_0 like Mac OS X) AppleWebKit/605.1.15 (KHTML, like Gecko) Version/17.0 Mobile/15E148 Safari/604.1"
91.108.4.74 - - [06/Mar/2026:03:30:49 +0000] "GET /static/css/main.css HTTP/1.1" 404 146505 "-" "Mozilla/5.0 (Windows NT 10.0; Win64; x64) AppleWebKit/537.36 (KHTML, like Gecko) Chrome/120.0.0.0 Safari/537.36"
162.243.168.50 - - [06/Mar/2026:03:36:51 +0000] "GET / HTTP/1.1" 200 24492 "-" "Mozilla/5.0 (iPhone; CPU iPhone OS 17_0 like Mac OS X) AppleWebKit/605.1.15 (KHTML, like Gecko) Version/17.0 Mobile/15E148 Safari/604.1"
159.89.133.235 - - [06/Mar/2026:03:40:02 +0000] "GET /static/css/main.css HTTP/1.1" 200 16805 "-" "Mozilla/5.0 (Windows NT 10.0; Win64; x64) AppleWebKit/537.36 (KHTML, like Gecko) Chrome/120.0.0.0 Safari/537.36"
10.0.0.42 - - [06/Mar/2026:03:40:57 +0000] "GET /api/v1/health HTTP/1.1" 200 1425 "-" "Mozilla/5.0 (iPhone; CPU iPhone OS 17_0 like Mac OS X) AppleWebKit/605.1.15 (KHTML, like Gecko) Version/17.0 Mobile/15E148 Safari/604.1"
198.51.100.23 - - [06/Mar/2026:03:44:36 +0000] "GET /static/js/bundle.js HTTP/1.1" 404 27140 "https://github.com/" "Mozilla/5.0 (Windows NT 10.0; Win64; x64) AppleWebKit/537.36 (KHTML, like Gecko) Edge/120.0.0.0 Safari/537.36"
203.0.113.7 - - [06/Mar/2026:03:45:53 +0000] "GET /api/v1/products HTTP/1.1" 200 2255 "-" "Mozilla/5.0 (Windows NT 10.0; Win64; x64) AppleWebKit/537.36 (KHTML, like Gecko) Edge/120.0.0.0 Safari/537.36"
159.89.133.235 - - [06/Mar/2026:03:51:01 +0000] "GET /index.html HTTP/1.1" 200 11843 "https://www.google.com/search?q=logparser" "Mozilla/5.0 (X11; Linux x86_64; rv:120.0) Gecko/20100101 Firefox/120.0"
185.220.101.5 - - [06/Mar/2026:03:57:51 +0000] "GET /favicon.ico HTTP/1.1" 404 1959 "https://news.ycombinator.com/" "Mozilla/5.0 (Windows NT 10.0; Win64; x64) AppleWebKit/537.36 (KHTML, like Gecko) Edge/120.0.0.0 Safari/537.36"
2.56.56.12 - - [06/Mar/2026:04:00:28 +0000] "GET /api/v1/health HTTP/1.1" 304 0 "https://twitter.com/" "Mozilla/5.0 (Macintosh; Intel Mac OS X 10_15_7) AppleWebKit/537.36 (KHTML, like Gecko) Chrome/119.0.0.0 Safari/537.36"
185.220.101.5 - - [06/Mar/2026:04:00:49 +0000] "GET /api/v1/health HTTP/1.1" 200 5170 "-" "Mozilla/5.0 (iPhone; CPU iPhone OS 17_0 like Mac OS X) AppleWebKit/605.1.15 (KHTML, like Gecko) Version/17.0 Mobile/15E148 Safari/604.1"
203.0.113.7 - - [06/Mar/2026:04:03:39 +0000] "GET / HTTP/1.1" 200 5090 "https://news.ycombinator.com/" "Mozilla/5.0 (Windows NT 10.0; Win64; x64) AppleWebKit/537.36 (KHTML, like Gecko) Edge/120.0.0.0 Safari/537.36"
192.168.1.55 - - [06/Mar/2026:04:04:59 +0000] "GET /api/v1/health HTTP/1.1" 200 7810 "-" "Mozilla/5.0 (X11; Linux x86_64; rv:120.0) Gecko/20100101 Firefox/120.0"
162.243.168.50 - - [06/Mar/2026:04:08:53 +0000] "GET /static/img/logo.png HTTP/1.1" 400 132727 "https://github.com/" "Mozilla/5.0 (Windows NT 10.0; Win64; x64) AppleWebKit/537.36 (KHTML, like Gecko) Edge/120.0.0.0 Safari/537.36"
10.0.0.42 - - [06/Mar/2026:04:10:46 +0000] "GET / HTTP/1.1" 200 14510 "-" "Mozilla/5.0 (Windows NT 10.0; Win64; x64) AppleWebKit/537.36 (KHTML, like Gecko) Chrome/120.0.0.0 Safari/537.36"
82.45.12.101 - - [06/Mar/2026:04:11:10 +0000] "GET /login HTTP/1.1" 403 3555 "-" "Mozilla/5.0 (Windows NT 10.0; Win64; x64) AppleWebKit/537.36 (KHTML, like Gecko) Edge/120.0.0.0 Safari/537.36"
203.0.113.7 - - [06/Mar/2026:04:31:49 +0000] "PUT /api/v1/health HTTP/1.1" 200 7806 "https://news.ycombinator.com/" "Mozilla/5.0 (Macintosh; Intel Mac OS X 10_15_7) AppleWebKit/537.36 (KHTML, like Gecko) Chrome/119.0.0.0 Safari/537.36"
159.89.133.235 - - [06/Mar/2026:04:55:58 +0000] "GET /login HTTP/1.1" 200 2600 "-" "Mozilla/5.0 (Windows NT 10.0; Win64; x64) AppleWebKit/537.36 (KHTML, like Gecko) Chrome/120.0.0.0 Safari/537.36"
178.62.52.236 - - [06/Mar/2026:04:59:13 +0000] "GET /api/v1/health HTTP/1.1" 200 4779 "-" "Mozilla/5.0 (Windows NT 10.0; Win64; x64) AppleWebKit/537.36 (KHTML, like Gecko) Chrome/120.0.0.0 Safari/537.36"
178.62.52.236 - - [06/Mar/2026:05:01:07 +0000] "GET /robots.txt HTTP/1.1" 200 6519 "https://twitter.com/" "Mozilla/5.0 (X11; Linux x86_64; rv:120.0) Gecko/20100101 Firefox/120.0"
198.51.100.23 - - [06/Mar/2026:05:03:58 +0000] "GET /static/js/bundle.js HTTP/1.1" 200 87890 "https://github.com/" "Mozilla/5.0 (Windows NT 10.0; Win64; x64) AppleWebKit/537.36 (KHTML, like Gecko) Edge/120.0.0.0 Safari/537.36"
46.101.127.145 - - [06/Mar/2026:05:11:30 +0000] "GET /static/img/logo.png HTTP/1.1" 200 34261 "https://news.ycombinator.com/" "Mozilla/5.0 (iPhone; CPU iPhone OS 17_0 like Mac OS X) AppleWebKit/605.1.15 (KHTML, like Gecko) Version/17.0 Mobile/15E148 Safari/604.1"
138.197.138.65 - - [06/Mar/2026:05:21:03 +0000] "GET /static/img/logo.png HTTP/1.1" 403 190815 "-" "Mozilla/5.0 (Windows NT 10.0; Win64; x64) AppleWebKit/537.36 (KHTML, like Gecko) Edge/120.0.0.0 Safari/537.36"
2.56.56.12 - - [06/Mar/2026:05:22:31 +0000] "GET /favicon.ico HTTP/1.1" 200 21037 "https://www.google.com/search?q=logparser" "Mozilla/5.0 (Windows NT 10.0; Win64; x64) AppleWebKit/537.36 (KHTML, like Gecko) Chrome/120.0.0.0 Safari/537.36"
138.197.138.65 - - [06/Mar/2026:05:34:02 +0000] "GET /static/img/logo.png HTTP/1.1" 200 61007 "https://github.com/" "Mozilla/5.0 (Windows NT 10.0; Win64; x64) AppleWebKit/537.36 (KHTML, like Gecko) Edge/120.0.0.0 Safari/537.36"
91.108.4.74 - - [06/Mar/2026:05:40:33 +0000] "GET /api/v1/users HTTP/1.1" 200 6518 "-" "Mozilla/5.0 (iPhone; CPU iPhone OS 17_0 like Mac OS X) AppleWebKit/605.1.15 (KHTML, like Gecko) Version/17.0 Mobile/15E148 Safari/604.1"
77.88.5.88 - - [06/Mar/2026:05:49:04 +0000] "POST /static/css/main.css HTTP/1.1" 200 90333 "https://twitter.com/" "Mozilla/5.0 (iPhone; CPU iPhone OS 17_0 like Mac OS X) AppleWebKit/605.1.15 (KHTML, like Gecko) Version/17.0 Mobile/15E148 Safari/604.1"
46.101.127.145 - - [06/Mar/2026:05:49:47 +0000] "GET / HTTP/1.1" 200 17111 "https://www.google.com/search?q=logparser" "Mozilla/5.0 (X11; Linux x86_64; rv:120.0) Gecko/20100101 Firefox/120.0"
10.0.0.42 - - [06/Mar/2026:05:49:52 +0000] "GET /static/css/main.css HTTP/1.1" 200 133722 "https://www.google.com/search?q=logparser" "Mozilla/5.0 (X11; Linux x86_64; rv:120.0) Gecko/20100101 Firefox/120.0"
198.51.100.23 - - [06/Mar/2026:05:51:39 +0000] "GET / HTTP/1.1" 200 24976 "-" "Mozilla/5.0 (iPhone; CPU iPhone OS 17_0 like Mac OS X) AppleWebKit/605.1.15 (KHTML, like Gecko) Version/17.0 Mobile/15E148 Safari/604.1"
82.45.12.101 - - [06/Mar/2026:05:56:20 +0000] "GET /api/v1/products HTTP/1.1" 304 0 "-" "Mozilla/5.0 (Macintosh; Intel Mac OS X 10_15_7) AppleWebKit/537.36 (KHTML, like Gecko) Chrome/119.0.0.0 Safari/537.36"
45.33.32.156 - - [06/Mar/2026:05:56:40 +0000] "DELETE / HTTP/1.1" 200 16907 "-" "Mozilla/5.0 (Windows NT 10.0; Win64; x64) AppleWebKit/537.36 (KHTML, like Gecko) Chrome/120.0.0.0 Safari/537.36"
45.33.32.156 - - [06/Mar/2026:05:56:48 +0000] "GET /static/css/main.css HTTP/1.1" 404 139987 "-" "Mozilla/5.0 (Windows NT 10.0; Win64; x64) AppleWebKit/537.36 (KHTML, like Gecko) Chrome/120.0.0.0 Safari/537.36"
198.51.100.23 - - [06/Mar/2026:05:56:49 +0000] "GET /static/js/bundle.js HTTP/1.1" 404 100119 "https://www.google.com/search?q=logparser" "Mozilla/5.0 (iPhone; CPU iPhone OS 17_0 like Mac OS X) AppleWebKit/605.1.15 (KHTML, like Gecko) Version/17.0 Mobile/15E148 Safari/604.1"
162.243.168.50 - - [06/Mar/2026:05:57:08 +0000] "GET /favicon.ico HTTP/1.1" 200 5545 "-" "Mozilla/5.0 (Windows NT 10.0; Win64; x64) AppleWebKit/537.36 (KHTML, like Gecko) Chrome/120.0.0.0 Safari/537.36"
91.108.4.74 - - [06/Mar/2026:06:02:21 +0000] "GET /static/img/logo.png HTTP/1.1" 200 44005 "-" "Mozilla/5.0 (iPhone; CPU iPhone OS 17_0 like Mac OS X) AppleWebKit/605.1.15 (KHTML, like Gecko) Version/17.0 Mobile/15E148 Safari/604.1"
178.62.52.236 - - [06/Mar/2026:06:02:40 +0000] "GET / HTTP/1.1" 301 0 "-" "Mozilla/5.0 (iPhone; CPU iPhone OS 17_0 like Mac OS X) AppleWebKit/605.1.15 (KHTML, like Gecko) Version/17.0 Mobile/15E148 Safari/604.1"
178.62.52.236 - - [06/Mar/2026:06:20:24 +0000] "GET /static/js/bundle.js HTTP/1.1" 200 88489 "https://www.google.com/search?q=logparser" "Mozilla/5.0 (Macintosh; Intel Mac OS X 10_15_7) AppleWebKit/537.36 (KHTML, like Gecko) Chrome/119.0.0.0 Safari/537.36"
2.56.56.12 - - [06/Mar/2026:06:25:00 +0000] "POST /static/img/logo.png HTTP/1.1" 200 31245 "-" "Mozilla/5.0 (Windows NT 10.0; Win64; x64) AppleWebKit/537.36 (KHTML, like Gecko) Edge/120.0.0.0 Safari/537.36"
178.62.52.236 - - [06/Mar/2026:06:30:14 +0000] "GET /static/js/bundle.js HTTP/1.1" 200 197285 "-" "Mozilla/5.0 (Windows NT 10.0; Win64; x64) AppleWebKit/537.36 (KHTML, like Gecko) Edge/120.0.0.0 Safari/537.36"
178.62.52.236 - - [06/Mar/2026:06:33:28 +0000] "GET /static/css/main.css HTTP/1.1" 200 154418 "-" "Mozilla/5.0 (Macintosh; Intel Mac OS X 10_15_7) AppleWebKit/537.36 (KHTML, like Gecko) Chrome/119.0.0.0 Safari/537.36"
162.243.168.50 - - [06/Mar/2026:06:36:59 +0000] "GET /login HTTP/1.1" 200 5996 "https://www.google.com/search?q=logparser" "Mozilla/5.0 (Windows NT 10.0; Win64; x64) AppleWebKit/537.36 (KHTML, like Gecko) Chrome/120.0.0.0 Safari/537.36"
178.62.52.236 - - [06/Mar/2026:06:37:34 +0000] "GET /static/css/main.css HTTP/1.1" 200 110121 "https://github.com/" "Mozilla/5.0 (Windows NT 10.0; Win64; x64) AppleWebKit/537.36 (KHTML, like Gecko) Edge/120.0.0.0 Safari/537.36"
77.88.5.88 - - [06/Mar/2026:07:02:11 +0000] "POST /logout HTTP/1.1" 400 19017 "https://twitter.com/" "Mozilla/5.0 (Windows NT 10.0; Win64; x64) AppleWebKit/537.36 (KHTML, like Gecko) Chrome/120.0.0.0 Safari/537.36"
138.197.138.65 - - [06/Mar/2026:07:02:51 +0000] "GET /dashboard HTTP/1.1" 500 6441 "https://github.com/" "Mozilla/5.0 (iPhone; CPU iPhone OS 17_0 like Mac OS X) AppleWebKit/605.1.15 (KHTML, like Gecko) Version/17.0 Mobile/15E148 Safari/604.1"
40.77.167.188 - - [06/Mar/2026:07:05:00 +0000] "GET /static/img/logo.png HTTP/1.1" 200 36289 "-" "curl/7.88.0"
2.56.56.12 - - [06/Mar/2026:07:06:23 +0000] "GET /api/v1/health HTTP/1.1" 200 5458 "https://www.google.com/search?q=logparser" "Mozilla/5.0 (Windows NT 10.0; Win64; x64) AppleWebKit/537.36 (KHTML, like Gecko) Edge/120.0.0.0 Safari/537.36"
198.51.100.23 - - [06/Mar/2026:07:06:59 +0000] "GET /login HTTP/1.1" 200 10101 "https://news.ycombinator.com/" "Mozilla/5.0 (Macintosh; Intel Mac OS X 10_15_7) AppleWebKit/537.36 (KHTML, like Gecko) Chrome/119.0.0.0 Safari/537.36"
159.89.133.235 - - [06/Mar/2026:07:07:35 +0000] "GET /logout HTTP/1.1" 200 6794 "https://www.google.com/search?q=logparser" "Mozilla/5.0 (Windows NT 10.0; Win64; x64) AppleWebKit/537.36 (KHTML, like Gecko) Edge/120.0.0.0 Safari/537.36"
162.243.168.50 - - [06/Mar/2026:07:11:36 +0000] "GET / HTTP/1.1" 200 11300 "https://news.ycombinator.com/" "Mozilla/5.0 (iPhone; CPU iPhone OS 17_0 like Mac OS X) AppleWebKit/605.1.15 (KHTML, like Gecko) Version/17.0 Mobile/15E148 Safari/604.1"
2.56.56.12 - - [06/Mar/2026:07:12:40 +0000] "GET /static/css/main.css HTTP/1.1" 304 0 "https://news.ycombinator.com/" "Mozilla/5.0 (Macintosh; Intel Mac OS X 10_15_7) AppleWebKit/537.36 (KHTML, like Gecko) Chrome/119.0.0.0 Safari/537.36"
192.168.1.55 - - [06/Mar/2026:07:15:13 +0000] "GET / HTTP/1.1" 200 20214 "https://github.com/" "Mozilla/5.0 (Macintosh; Intel Mac OS X 10_15_7) AppleWebKit/537.36 (KHTML, like Gecko) Chrome/119.0.0.0 Safari/537.36"
10.0.0.42 - - [06/Mar/2026:07:18:26 +0000] "PUT /about HTTP/1.1" 200 23869 "https://github.com/" "Mozilla/5.0 (Windows NT 10.0; Win64; x64) AppleWebKit/537.36 (KHTML, like Gecko) Chrome/120.0.0.0 Safari/537.36"
185.220.101.5 - - [06/Mar/2026:07:27:24 +0000] "GET /api/v1/users HTTP/1.1" 200 5466 "https://github.com/" "Mozilla/5.0 (X11; Linux x86_64; rv:120.0) Gecko/20100101 Firefox/120.0"
185.220.101.5 - - [06/Mar/2026:07:30:18 +0000] "GET /api/v1/users HTTP/1.1" 304 0 "-" "Mozilla/5.0 (Macintosh; Intel Mac OS X 10_15_7) AppleWebKit/537.36 (KHTML, like Gecko) Chrome/119.0.0.0 Safari/537.36"
207.46.13.5 - - [06/Mar/2026:07:34:46 +0000] "GET /static/img/logo.png HTTP/1.1" 200 153821 "https://github.com/" "Mozilla/5.0 (compatible; YandexBot/3.0; +http://yandex.com/bots)"
45.33.32.156 - - [06/Mar/2026:07:43:15 +0000] "GET /api/v1/health HTTP/1.1" 200 5046 "https://github.com/" "Mozilla/5.0 (Windows NT 10.0; Win64; x64) AppleWebKit/537.36 (KHTML, like Gecko) Edge/120.0.0.0 Safari/537.36"
138.197.138.65 - - [06/Mar/2026:07:43:21 +0000] "GET /static/css/main.css HTTP/1.1" 200 90971 "https://www.google.com/search?q=logparser" "Mozilla/5.0 (iPhone; CPU iPhone OS 17_0 like Mac OS X) AppleWebKit/605.1.15 (KHTML, like Gecko) Version/17.0 Mobile/15E148 Safari/604.1"
45.33.32.156 - - [06/Mar/2026:07:46:41 +0000] "GET / HTTP/1.1" 200 15997 "-" "Mozilla/5.0 (Windows NT 10.0; Win64; x64) AppleWebKit/537.36 (KHTML, like Gecko) Chrome/120.0.0.0 Safari/537.36"
10.0.0.42 - - [06/Mar/2026:07:47:37 +0000] "GET /index.html HTTP/1.1" 200 9103 "https://news.ycombinator.com/" "Mozilla/5.0 (Windows NT 10.0; Win64; x64) AppleWebKit/537.36 (KHTML, like Gecko) Chrome/120.0.0.0 Safari/537.36"
2.56.56.12 - - [06/Mar/2026:07:52:29 +0000] "GET /static/css/main.css HTTP/1.1" 200 66637 "-" "Mozilla/5.0 (Windows NT 10.0; Win64; x64) AppleWebKit/537.36 (KHTML, like Gecko) Edge/120.0.0.0 Safari/537.36"
46.101.127.145 - - [06/Mar/2026:08:00:48 +0000] "GET /static/css/main.css HTTP/1.1" 200 152417 "-" "Mozilla/5.0 (Windows NT 10.0; Win64; x64) AppleWebKit/537.36 (KHTML, like Gecko) Chrome/120.0.0.0 Safari/537.36"
162.243.168.50 - - [06/Mar/2026:08:02:49 +0000] "GET / HTTP/1.1" 200 16093 "-" "Mozilla/5.0 (Windows NT 10.0; Win64; x64) AppleWebKit/537.36 (KHTML, like Gecko) Edge/120.0.0.0 Safari/537.36"
203.0.113.7 - - [06/Mar/2026:08:09:26 +0000] "GET /dashboard HTTP/1.1" 403 24988 "-" "Mozilla/5.0 (Macintosh; Intel Mac OS X 10_15_7) AppleWebKit/537.36 (KHTML, like Gecko) Chrome/119.0.0.0 Safari/537.36"
159.89.133.235 - - [06/Mar/2026:08:13:24 +0000] "POST /static/js/bundle.js HTTP/1.1" 200 113731 "-" "Mozilla/5.0 (Windows NT 10.0; Win64; x64) AppleWebKit/537.36 (KHTML, like Gecko) Edge/120.0.0.0 Safari/537.36"
45.33.32.156 - - [06/Mar/2026:08:17:04 +0000] "GET /login HTTP/1.1" 200 10321 "https://github.com/" "Mozilla/5.0 (iPhone; CPU iPhone OS 17_0 like Mac OS X) AppleWebKit/605.1.15 (KHTML, like Gecko) Version/17.0 Mobile/15E148 Safari/604.1"
192.168.1.55 - - [06/Mar/2026:08:19:06 +0000] "GET /static/css/main.css HTTP/1.1" 404 102662 "-" "Mozilla/5.0 (Macintosh; Intel Mac OS X 10_15_7) AppleWebKit/537.36 (KHTML, like Gecko) Chrome/119.0.0.0 Safari/537.36"
198.51.100.23 - - [06/Mar/2026:08:22:17 +0000] "GET /static/js/bundle.js HTTP/1.1" 200 61682 "-" "Mozilla/5.0 (Macintosh; Intel Mac OS X 10_15_7) AppleWebKit/537.36 (KHTML, like Gecko) Chrome/119.0.0.0 Safari/537.36"
91.108.4.74 - - [06/Mar/2026:08:25:00 +0000] "GET /api/v1/users HTTP/1.1" 301 0 "https://twitter.com/" "Mozilla/5.0 (Windows NT 10.0; Win64; x64) AppleWebKit/537.36 (KHTML, like Gecko) Chrome/120.0.0.0 Safari/537.36"
162.243.168.50 - - [06/Mar/2026:08:28:14 +0000] "GET /dashboard HTTP/1.1" 200 19180 "-" "Mozilla/5.0 (iPhone; CPU iPhone OS 17_0 like Mac OS X) AppleWebKit/605.1.15 (KHTML, like Gecko) Version/17.0 Mobile/15E148 Safari/604.1"
82.45.12.101 - - [06/Mar/2026:08:28:38 +0000] "GET /api/v1/orders HTTP/1.1" 200 1034 "-" "Mozilla/5.0 (X11; Linux x86_64; rv:120.0) Gecko/20100101 Firefox/120.0"
10.0.0.42 - - [06/Mar/2026:08:32:42 +0000] "GET /api/v1/health HTTP/1.1" 200 7372 "https://news.ycombinator.com/" "Mozilla/5.0 (X11; Linux x86_64; rv:120.0) Gecko/20100101 Firefox/120.0"
46.101.127.145 - - [06/Mar/2026:08:36:56 +0000] "GET /api/v1/health HTTP/1.1" 200 2415 "https://twitter.com/" "Mozilla/5.0 (X11; Linux x86_64; rv:120.0) Gecko/20100101 Firefox/120.0"
162.243.168.50 - - [06/Mar/2026:08:49:09 +0000] "POST /api/v1/users HTTP/1.1" 404 5385 "-" "Mozilla/5.0 (Macintosh; Intel Mac OS X 10_15_7) AppleWebKit/537.36 (KHTML, like Gecko) Chrome/119.0.0.0 Safari/537.36"
159.89.133.235 - - [06/Mar/2026:08:54:18 +0000] "GET /static/css/main.css HTTP/1.1" 404 165940 "-" "Mozilla/5.0 (X11; Linux x86_64; rv:120.0) Gecko/20100101 Firefox/120.0"
2.56.56.12 - - [06/Mar/2026:09:02:03 +0000] "GET / HTTP/1.1" 403 4401 "-" "Mozilla/5.0 (Macintosh; Intel Mac OS X 10_15_7) AppleWebKit/537.36 (KHTML, like Gecko) Chrome/119.0.0.0 Safari/537.36"
46.101.127.145 - - [06/Mar/2026:09:05:16 +0000] "GET /index.html HTTP/1.1" 200 5299 "https://www.google.com/search?q=logparser" "Mozilla/5.0 (iPhone; CPU iPhone OS 17_0 like Mac OS X) AppleWebKit/605.1.15 (KHTML, like Gecko) Version/17.0 Mobile/15E148 Safari/604.1"
159.89.133.235 - - [06/Mar/2026:09:11:59 +0000] "POST /api/v1/health HTTP/1.1" 200 6280 "https://twitter.com/" "Mozilla/5.0 (Windows NT 10.0; Win64; x64) AppleWebKit/537.36 (KHTML, like Gecko) Chrome/120.0.0.0 Safari/537.36"
2.56.56.12 - - [06/Mar/2026:09:14:27 +0000] "GET / HTTP/1.1" 404 1559 "-" "Mozilla/5.0 (Windows NT 10.0; Win64; x64) AppleWebKit/537.36 (KHTML, like Gecko) Edge/120.0.0.0 Safari/537.36"
77.88.5.88 - - [06/Mar/2026:09:35:42 +0000] "GET /index.html HTTP/1.1" 404 15543 "-" "Mozilla/5.0 (iPhone; CPU iPhone OS 17_0 like Mac OS X) AppleWebKit/605.1.15 (KHTML, like Gecko) Version/17.0 Mobile/15E148 Safari/604.1"
45.33.32.156 - - [06/Mar/2026:09:44:08 +0000] "GET /static/js/bundle.js HTTP/1.1" 200 49285 "https://twitter.com/" "Mozilla/5.0 (Macintosh; Intel Mac OS X 10_15_7) AppleWebKit/537.36 (KHTML, like Gecko) Chrome/119.0.0.0 Safari/537.36"
82.45.12.101 - - [06/Mar/2026:09:50:40 +0000] "GET /login HTTP/1.1" 200 10603 "-" "Mozilla/5.0 (Windows NT 10.0; Win64; x64) AppleWebKit/537.36 (KHTML, like Gecko) Edge/120.0.0.0 Safari/537.36"
82.45.12.101 - - [06/Mar/2026:09:50:45 +0000] "POST /api/v1/users HTTP/1.1" 200 5909 "https://github.com/" "Mozilla/5.0 (Windows NT 10.0; Win64; x64) AppleWebKit/537.36 (KHTML, like Gecko) Edge/120.0.0.0 Safari/537.36"
162.243.168.50 - - [06/Mar/2026:09:51:54 +0000] "PUT /api/v1/health HTTP/1.1" 200 2843 "https://www.google.com/search?q=logparser" "Mozilla/5.0 (Windows NT 10.0; Win64; x64) AppleWebKit/537.36 (KHTML, like Gecko) Edge/120.0.0.0 Safari/537.36"
159.89.133.235 - - [06/Mar/2026:09:59:02 +0000] "POST /static/js/bundle.js HTTP/1.1" 200 177823 "https://www.google.com/search?q=logparser" "Mozilla/5.0 (iPhone; CPU iPhone OS 17_0 like Mac OS X) AppleWebKit/605.1.15 (KHTML, like Gecko) Version/17.0 Mobile/15E148 Safari/604.1"
185.220.101.5 - - [06/Mar/2026:10:00:59 +0000] "GET /api/v1/health HTTP/1.1" 200 1906 "-" "Mozilla/5.0 (X11; Linux x86_64; rv:120.0) Gecko/20100101 Firefox/120.0"
192.168.1.55 - - [06/Mar/2026:10:04:54 +0000] "GET /favicon.ico HTTP/1.1" 200 4033 "-" "Mozilla/5.0 (iPhone; CPU iPhone OS 17_0 like Mac OS X) AppleWebKit/605.1.15 (KHTML, like Gecko) Version/17.0 Mobile/15E148 Safari/604.1"
77.88.5.88 - - [06/Mar/2026:10:06:19 +0000] "GET /static/img/logo.png HTTP/1.1" 200 124002 "https://github.com/" "Mozilla/5.0 (X11; Linux x86_64; rv:120.0) Gecko/20100101 Firefox/120.0"
192.168.1.55 - - [06/Mar/2026:10:08:07 +0000] "GET /api/v1/health HTTP/1.1" 200 3128 "-" "Mozilla/5.0 (X11; Linux x86_64; rv:120.0) Gecko/20100101 Firefox/120.0"
157.55.39.250 - - [06/Mar/2026:10:09:41 +0000] "DELETE /api/v1/orders HTTP/1.1" 304 0 "https://news.ycombinator.com/" "Mozilla/5.0 (compatible; YandexBot/3.0; +http://yandex.com/bots)"
82.45.12.101 - - [06/Mar/2026:10:19:16 +0000] "POST /api/v1/health HTTP/1.1" 304 0 "https://github.com/" "Mozilla/5.0 (Windows NT 10.0; Win64; x64) AppleWebKit/537.36 (KHTML, like Gecko) Edge/120.0.0.0 Safari/537.36"
82.45.12.101 - - [06/Mar/2026:10:19:52 +0000] "GET /admin HTTP/1.1" 200 16944 "-" "Mozilla/5.0 (iPhone; CPU iPhone OS 17_0 like Mac OS X) AppleWebKit/605.1.15 (KHTML, like Gecko) Version/17.0 Mobile/15E148 Safari/604.1"
198.51.100.23 - - [06/Mar/2026:10:30:01 +0000] "GET /api/v1/users HTTP/1.1" 200 7314 "https://www.google.com/search?q=logparser" "Mozilla/5.0 (iPhone; CPU iPhone OS 17_0 like Mac OS X) AppleWebKit/605.1.15 (KHTML, like Gecko) Version/17.0 Mobile/15E148 Safari/604.1"
40.77.167.188 - - [06/Mar/2026:10:35:38 +0000] "GET /static/img/logo.png HTTP/1.1" 200 101943 "-" "curl/7.88.0"
138.197.138.65 - - [06/Mar/2026:10:42:36 +0000] "POST /static/css/main.css HTTP/1.1" 302 0 "-" "Mozilla/5.0 (Windows NT 10.0; Win64; x64) AppleWebKit/537.36 (KHTML, like Gecko) Edge/120.0.0.0 Safari/537.36"
192.168.1.55 - - [06/Mar/2026:10:43:53 +0000] "GET /static/img/logo.png HTTP/1.1" 200 61295 "https://www.google.com/search?q=logparser" "Mozilla/5.0 (Windows NT 10.0; Win64; x64) AppleWebKit/537.36 (KHTML, like Gecko) Edge/120.0.0.0 Safari/537.36"
198.51.100.23 - - [06/Mar/2026:10:55:03 +0000] "GET /static/css/main.css HTTP/1.1" 200 30166 "-" "Mozilla/5.0 (Windows NT 10.0; Win64; x64) AppleWebKit/537.36 (KHTML, like Gecko) Chrome/120.0.0.0 Safari/537.36"
46.101.127.145 - - [06/Mar/2026:10:58:59 +0000] "GET / HTTP/1.1" 200 20966 "-" "Mozilla/5.0 (X11; Linux x86_64; rv:120.0) Gecko/20100101 Firefox/120.0"
45.33.32.156 - - [06/Mar/2026:11:04:05 +0000] "GET /index.html HTTP/1.1" 404 3653 "https://github.com/" "Mozilla/5.0 (X11; Linux x86_64; rv:120.0) Gecko/20100101 Firefox/120.0"
178.62.52.236 - - [06/Mar/2026:11:04:54 +0000] "GET /api/v1/health HTTP/1.1" 400 7975 "https://www.google.com/search?q=logparser" "Mozilla/5.0 (X11; Linux x86_64; rv:120.0) Gecko/20100101 Firefox/120.0"
2.56.56.12 - - [06/Mar/2026:11:07:09 +0000] "GET /robots.txt HTTP/1.1" 404 15021 "-" "Mozilla/5.0 (Windows NT 10.0; Win64; x64) AppleWebKit/537.36 (KHTML, like Gecko) Chrome/120.0.0.0 Safari/537.36"
162.243.168.50 - - [06/Mar/2026:11:10:10 +0000] "POST /static/img/logo.png HTTP/1.1" 200 41200 "https://www.google.com/search?q=logparser" "Mozilla/5.0 (Windows NT 10.0; Win64; x64) AppleWebKit/537.36 (KHTML, like Gecko) Chrome/120.0.0.0 Safari/537.36"
91.108.4.74 - - [06/Mar/2026:11:15:40 +0000] "GET /static/css/main.css HTTP/1.1" 200 178978 "-" "Mozilla/5.0 (X11; Linux x86_64; rv:120.0) Gecko/20100101 Firefox/120.0"
91.108.4.74 - - [06/Mar/2026:11:20:01 +0000] "POST /static/img/logo.png HTTP/1.1" 200 180290 "https://github.com/" "Mozilla/5.0 (Windows NT 10.0; Win64; x64) AppleWebKit/537.36 (KHTML, like Gecko) Edge/120.0.0.0 Safari/537.36"
138.197.138.65 - - [06/Mar/2026:11:23:52 +0000] "GET /static/js/bundle.js HTTP/1.1" 200 159781 "https://www.google.com/search?q=logparser" "Mozilla/5.0 (iPhone; CPU iPhone OS 17_0 like Mac OS X) AppleWebKit/605.1.15 (KHTML, like Gecko) Version/17.0 Mobile/15E148 Safari/604.1"
91.108.4.74 - - [06/Mar/2026:11:25:08 +0000] "POST / HTTP/1.1" 200 11689 "-" "Mozilla/5.0 (iPhone; CPU iPhone OS 17_0 like Mac OS X) AppleWebKit/605.1.15 (KHTML, like Gecko) Version/17.0 Mobile/15E148 Safari/604.1"
159.89.133.235 - - [06/Mar/2026:11:25:55 +0000] "GET /favicon.ico HTTP/1.1" 200 7350 "https://github.com/" "Mozilla/5.0 (iPhone; CPU iPhone OS 17_0 like Mac OS X) AppleWebKit/605.1.15 (KHTML, like Gecko) Version/17.0 Mobile/15E148 Safari/604.1"
185.220.101.5 - - [06/Mar/2026:11:26:16 +0000] "GET /about HTTP/1.1" 200 1213 "https://news.ycombinator.com/" "Mozilla/5.0 (iPhone; CPU iPhone OS 17_0 like Mac OS X) AppleWebKit/605.1.15 (KHTML, like Gecko) Version/17.0 Mobile/15E148 Safari/604.1"
77.88.5.88 - - [06/Mar/2026:11:28:06 +0000] "GET /api/v1/health HTTP/1.1" 200 6001 "-" "Mozilla/5.0 (Windows NT 10.0; Win64; x64) AppleWebKit/537.36 (KHTML, like Gecko) Chrome/120.0.0.0 Safari/537.36"
162.243.168.50 - - [06/Mar/2026:11:32:54 +0000] "GET /sitemap.xml HTTP/1.1" 301 0 "https://www.google.com/search?q=logparser" "Mozilla/5.0 (iPhone; CPU iPhone OS 17_0 like Mac OS X) AppleWebKit/605.1.15 (KHTML, like Gecko) Version/17.0 Mobile/15E148 Safari/604.1"
2.56.56.12 - - [06/Mar/2026:11:33:29 +0000] "GET / HTTP/1.1" 200 18109 "-" "Mozilla/5.0 (Windows NT 10.0; Win64; x64) AppleWebKit/537.36 (KHTML, like Gecko) Edge/120.0.0.0 Safari/537.36"
138.197.138.65 - - [06/Mar/2026:11:36:00 +0000] "GET /dashboard HTTP/1.1" 304 0 "https://www.google.com/search?q=logparser" "Mozilla/5.0 (Windows NT 10.0; Win64; x64) AppleWebKit/537.36 (KHTML, like Gecko) Edge/120.0.0.0 Safari/537.36"
40.77.167.188 - - [06/Mar/2026:11:38:06 +0000] "GET /api/v1/users HTTP/1.1" 200 727 "https://www.google.com/search?q=logparser" "Mozilla/5.0 (compatible; bingbot/2.0; +http://www.bing.com/bingbot.htm)"
2.56.56.12 - - [06/Mar/2026:11:39:02 +0000] "GET /contact HTTP/1.1" 200 15911 "https://twitter.com/" "Mozilla/5.0 (Windows NT 10.0; Win64; x64) AppleWebKit/537.36 (KHTML, like Gecko) Chrome/120.0.0.0 Safari/537.36"
82.45.12.101 - - [06/Mar/2026:11:40:40 +0000] "GET / HTTP/1.1" 200 1540 "https://news.ycombinator.com/" "Mozilla/5.0 (Macintosh; Intel Mac OS X 10_15_7) AppleWebKit/537.36 (KHTML, like Gecko) Chrome/119.0.0.0 Safari/537.36"
159.89.133.235 - - [06/Mar/2026:11:50:30 +0000] "GET /login HTTP/1.1" 200 17694 "https://github.com/" "Mozilla/5.0 (iPhone; CPU iPhone OS 17_0 like Mac OS X) AppleWebKit/605.1.15 (KHTML, like Gecko) Version/17.0 Mobile/15E148 Safari/604.1"
185.220.101.5 - - [06/Mar/2026:11:52:29 +0000] "GET /static/img/logo.png HTTP/1.1" 200 68823 "-" "Mozilla/5.0 (Windows NT 10.0; Win64; x64) AppleWebKit/537.36 (KHTML, like Gecko) Chrome/120.0.0.0 Safari/537.36"
77.88.5.88 - - [06/Mar/2026:11:55:27 +0000] "GET / HTTP/1.1" 200 11218 "https://github.com/" "Mozilla/5.0 (iPhone; CPU iPhone OS 17_0 like Mac OS X) AppleWebKit/605.1.15 (KHTML, like Gecko) Version/17.0 Mobile/15E148 Safari/604.1"
77.88.5.88 - - [06/Mar/2026:12:08:22 +0000] "GET /api/v1/health HTTP/1.1" 200 580 "https://news.ycombinator.com/" "Mozilla/5.0 (iPhone; CPU iPhone OS 17_0 like Mac OS X) AppleWebKit/605.1.15 (KHTML, like Gecko) Version/17.0 Mobile/15E148 Safari/604.1"
82.45.12.101 - - [06/Mar/2026:12:09:07 +0000] "POST /static/img/logo.png HTTP/1.1" 200 21380 "-" "Mozilla/5.0 (Windows NT 10.0; Win64; x64) AppleWebKit/537.36 (KHTML, like Gecko) Chrome/120.0.0.0 Safari/537.36"
91.108.4.74 - - [06/Mar/2026:12:10:31 +0000] "POST /api/v1/health HTTP/1.1" 500 6457 "-" "Mozilla/5.0 (Windows NT 10.0; Win64; x64) AppleWebKit/537.36 (KHTML, like Gecko) Edge/120.0.0.0 Safari/537.36"
10.0.0.42 - - [06/Mar/2026:12:15:14 +0000] "GET /api/v1/orders HTTP/1.1" 304 0 "https://www.google.com/search?q=logparser" "Mozilla/5.0 (Windows NT 10.0; Win64; x64) AppleWebKit/537.36 (KHTML, like Gecko) Edge/120.0.0.0 Safari/537.36"
192.168.1.55 - - [06/Mar/2026:12:20:29 +0000] "GET /logout HTTP/1.1" 200 14665 "-" "Mozilla/5.0 (Windows NT 10.0; Win64; x64) AppleWebKit/537.36 (KHTML, like Gecko) Edge/120.0.0.0 Safari/537.36"
159.89.133.235 - - [06/Mar/2026:12:20:37 +0000] "GET /static/css/main.css HTTP/1.1" 302 0 "https://github.com/" "Mozilla/5.0 (Windows NT 10.0; Win64; x64) AppleWebKit/537.36 (KHTML, like Gecko) Chrome/120.0.0.0 Safari/537.36"
91.108.4.74 - - [06/Mar/2026:12:38:23 +0000] "GET /api/v1/orders HTTP/1.1" 304 0 "-" "Mozilla/5.0 (iPhone; CPU iPhone OS 17_0 like Mac OS X) AppleWebKit/605.1.15 (KHTML, like Gecko) Version/17.0 Mobile/15E148 Safari/604.1"
46.101.127.145 - - [06/Mar/2026:12:38:32 +0000] "GET /api/v1/health HTTP/1.1" 304 0 "https://github.com/" "Mozilla/5.0 (Windows NT 10.0; Win64; x64) AppleWebKit/537.36 (KHTML, like Gecko) Chrome/120.0.0.0 Safari/537.36"
138.197.138.65 - - [06/Mar/2026:12:46:34 +0000] "GET /api/v1/orders HTTP/1.1" 200 1900 "-" "Mozilla/5.0 (Windows NT 10.0; Win64; x64) AppleWebKit/537.36 (KHTML, like Gecko) Edge/120.0.0.0 Safari/537.36"
159.89.133.235 - - [06/Mar/2026:12:47:42 +0000] "GET /favicon.ico HTTP/1.1" 200 13122 "https://news.ycombinator.com/" "Mozilla/5.0 (X11; Linux x86_64; rv:120.0) Gecko/20100101 Firefox/120.0"
185.220.101.5 - - [06/Mar/2026:12:56:04 +0000] "POST /about HTTP/1.1" 304 0 "https://www.google.com/search?q=logparser" "Mozilla/5.0 (iPhone; CPU iPhone OS 17_0 like Mac OS X) AppleWebKit/605.1.15 (KHTML, like Gecko) Version/17.0 Mobile/15E148 Safari/604.1"
82.45.12.101 - - [06/Mar/2026:13:03:38 +0000] "GET /static/js/bundle.js HTTP/1.1" 200 187426 "-" "Mozilla/5.0 (X11; Linux x86_64; rv:120.0) Gecko/20100101 Firefox/120.0"
192.168.1.55 - - [06/Mar/2026:13:07:22 +0000] "GET /api/v1/orders HTTP/1.1" 200 7009 "-" "Mozilla/5.0 (X11; Linux x86_64; rv:120.0) Gecko/20100101 Firefox/120.0"
10.0.0.42 - - [06/Mar/2026:13:07:29 +0000] "GET /logout HTTP/1.1" 200 10464 "https://www.google.com/search?q=logparser" "Mozilla/5.0 (Macintosh; Intel Mac OS X 10_15_7) AppleWebKit/537.36 (KHTML, like Gecko) Chrome/119.0.0.0 Safari/537.36"
91.108.4.74 - - [06/Mar/2026:13:10:12 +0000] "GET /static/img/logo.png HTTP/1.1" 403 119094 "https://twitter.com/" "Mozilla/5.0 (iPhone; CPU iPhone OS 17_0 like Mac OS X) AppleWebKit/605.1.15 (KHTML, like Gecko) Version/17.0 Mobile/15E148 Safari/604.1"
192.168.1.55 - - [06/Mar/2026:13:15:37 +0000] "GET /dashboard HTTP/1.1" 200 5280 "https://news.ycombinator.com/" "Mozilla/5.0 (Windows NT 10.0; Win64; x64) AppleWebKit/537.36 (KHTML, like Gecko) Edge/120.0.0.0 Safari/537.36"
192.168.1.55 - - [06/Mar/2026:13:26:00 +0000] "GET /favicon.ico HTTP/1.1" 304 0 "https://www.google.com/search?q=logparser" "Mozilla/5.0 (X11; Linux x86_64; rv:120.0) Gecko/20100101 Firefox/120.0"
2.56.56.12 - - [06/Mar/2026:13:42:35 +0000] "GET /logout HTTP/1.1" 200 3677 "-" "Mozilla/5.0 (Windows NT 10.0; Win64; x64) AppleWebKit/537.36 (KHTML, like Gecko) Edge/120.0.0.0 Safari/537.36"
45.33.32.156 - - [06/Mar/2026:13:44:42 +0000] "GET /static/css/main.css HTTP/1.1" 200 130674 "https://news.ycombinator.com/" "Mozilla/5.0 (Windows NT 10.0; Win64; x64) AppleWebKit/537.36 (KHTML, like Gecko) Edge/120.0.0.0 Safari/537.36"
10.0.0.42 - - [06/Mar/2026:13:51:32 +0000] "GET /static/css/main.css HTTP/1.1" 200 57562 "https://github.com/" "Mozilla/5.0 (Macintosh; Intel Mac OS X 10_15_7) AppleWebKit/537.36 (KHTML, like Gecko) Chrome/119.0.0.0 Safari/537.36"
91.108.4.74 - - [06/Mar/2026:13:52:05 +0000] "GET /static/img/logo.png HTTP/1.1" 200 31308 "-" "Mozilla/5.0 (Macintosh; Intel Mac OS X 10_15_7) AppleWebKit/537.36 (KHTML, like Gecko) Chrome/119.0.0.0 Safari/537.36"
198.51.100.23 - - [06/Mar/2026:13:58:01 +0000] "POST /static/js/bundle.js HTTP/1.1" 200 139525 "https://www.google.com/search?q=logparser" "Mozilla/5.0 (Macintosh; Intel Mac OS X 10_15_7) AppleWebKit/537.36 (KHTML, like Gecko) Chrome/119.0.0.0 Safari/537.36"
162.243.168.50 - - [06/Mar/2026:13:59:35 +0000] "POST /api/v1/health HTTP/1.1" 200 1863 "https://twitter.com/" "Mozilla/5.0 (X11; Linux x86_64; rv:120.0) Gecko/20100101 Firefox/120.0"
45.33.32.156 - - [06/Mar/2026:13:59:49 +0000] "GET /dashboard HTTP/1.1" 200 8803 "https://www.google.com/search?q=logparser" "Mozilla/5.0 (Windows NT 10.0; Win64; x64) AppleWebKit/537.36 (KHTML, like Gecko) Edge/120.0.0.0 Safari/537.36"
192.168.1.55 - - [06/Mar/2026:14:18:16 +0000] "GET /api/v1/users HTTP/1.1" 200 6438 "https://twitter.com/" "Mozilla/5.0 (Macintosh; Intel Mac OS X 10_15_7) AppleWebKit/537.36 (KHTML, like Gecko) Chrome/119.0.0.0 Safari/537.36"
45.33.32.156 - - [06/Mar/2026:14:21:21 +0000] "GET /index.html HTTP/1.1" 200 16103 "-" "Mozilla/5.0 (Windows NT 10.0; Win64; x64) AppleWebKit/537.36 (KHTML, like Gecko) Edge/120.0.0.0 Safari/537.36"
178.62.52.236 - - [06/Mar/2026:14:21:49 +0000] "GET / HTTP/1.1" 200 3241 "https://news.ycombinator.com/" "Mozilla/5.0 (Windows NT 10.0; Win64; x64) AppleWebKit/537.36 (KHTML, like Gecko) Chrome/120.0.0.0 Safari/537.36"
203.0.113.7 - - [06/Mar/2026:14:22:17 +0000] "GET /logout HTTP/1.1" 200 18199 "-" "Mozilla/5.0 (iPhone; CPU iPhone OS 17_0 like Mac OS X) AppleWebKit/605.1.15 (KHTML, like Gecko) Version/17.0 Mobile/15E148 Safari/604.1"
77.88.5.88 - - [06/Mar/2026:14:26:24 +0000] "GET /favicon.ico HTTP/1.1" 200 2685 "-" "Mozilla/5.0 (Windows NT 10.0; Win64; x64) AppleWebKit/537.36 (KHTML, like Gecko) Chrome/120.0.0.0 Safari/537.36"
203.0.113.7 - - [06/Mar/2026:14:38:11 +0000] "GET /api/v1/health HTTP/1.1" 200 2633 "-" "Mozilla/5.0 (Windows NT 10.0; Win64; x64) AppleWebKit/537.36 (KHTML, like Gecko) Edge/120.0.0.0 Safari/537.36"
91.108.4.74 - - [06/Mar/2026:14:42:03 +0000] "GET /static/img/logo.png HTTP/1.1" 200 176436 "-" "Mozilla/5.0 (Windows NT 10.0; Win64; x64) AppleWebKit/537.36 (KHTML, like Gecko) Chrome/120.0.0.0 Safari/537.36"
185.220.101.5 - - [06/Mar/2026:14:44:07 +0000] "GET /api/v1/health HTTP/1.1" 200 3811 "-" "Mozilla/5.0 (X11; Linux x86_64; rv:120.0) Gecko/20100101 Firefox/120.0"
82.45.12.101 - - [06/Mar/2026:14:44:37 +0000] "POST /favicon.ico HTTP/1.1" 304 0 "https://twitter.com/" "Mozilla/5.0 (Macintosh; Intel Mac OS X 10_15_7) AppleWebKit/537.36 (KHTML, like Gecko) Chrome/119.0.0.0 Safari/537.36"
82.45.12.101 - - [06/Mar/2026:14:46:25 +0000] "GET /static/css/main.css HTTP/1.1" 200 102091 "-" "Mozilla/5.0 (Windows NT 10.0; Win64; x64) AppleWebKit/537.36 (KHTML, like Gecko) Edge/120.0.0.0 Safari/537.36"
10.0.0.42 - - [06/Mar/2026:14:46:52 +0000] "GET / HTTP/1.1" 200 10134 "-" "Mozilla/5.0 (Windows NT 10.0; Win64; x64) AppleWebKit/537.36 (KHTML, like Gecko) Chrome/120.0.0.0 Safari/537.36"
40.77.167.188 - - [06/Mar/2026:14:52:13 +0000] "GET /logout HTTP/1.1" 304 0 "-" "Mozilla/5.0 (compatible; YandexBot/3.0; +http://yandex.com/bots)"
159.89.133.235 - - [06/Mar/2026:14:55:33 +0000] "GET /static/js/bundle.js HTTP/1.1" 304 0 "https://github.com/" "Mozilla/5.0 (Macintosh; Intel Mac OS X 10_15_7) AppleWebKit/537.36 (KHTML, like Gecko) Chrome/119.0.0.0 Safari/537.36"
192.168.1.55 - - [06/Mar/2026:14:59:28 +0000] "GET /static/img/logo.png HTTP/1.1" 500 167225 "https://twitter.com/" "Mozilla/5.0 (Windows NT 10.0; Win64; x64) AppleWebKit/537.36 (KHTML, like Gecko) Chrome/120.0.0.0 Safari/537.36"
10.0.0.42 - - [06/Mar/2026:15:06:09 +0000] "POST / HTTP/1.1" 403 23355 "https://twitter.com/" "Mozilla/5.0 (Windows NT 10.0; Win64; x64) AppleWebKit/537.36 (KHTML, like Gecko) Chrome/120.0.0.0 Safari/537.36"
40.77.167.188 - - [06/Mar/2026:15:14:08 +0000] "GET /static/img/logo.png HTTP/1.1" 200 186254 "https://news.ycombinator.com/" "Mozilla/5.0 (compatible; YandexBot/3.0; +http://yandex.com/bots)"
162.243.168.50 - - [06/Mar/2026:15:14:23 +0000] "GET /static/css/main.css HTTP/1.1" 200 95923 "https://www.google.com/search?q=logparser" "Mozilla/5.0 (Windows NT 10.0; Win64; x64) AppleWebKit/537.36 (KHTML, like Gecko) Chrome/120.0.0.0 Safari/537.36"
45.33.32.156 - - [06/Mar/2026:15:19:23 +0000] "GET /api/v1/health HTTP/1.1" 200 4671 "-" "Mozilla/5.0 (Macintosh; Intel Mac OS X 10_15_7) AppleWebKit/537.36 (KHTML, like Gecko) Chrome/119.0.0.0 Safari/537.36"
45.33.32.156 - - [06/Mar/2026:15:27:19 +0000] "GET / HTTP/1.1" 200 21248 "https://twitter.com/" "Mozilla/5.0 (iPhone; CPU iPhone OS 17_0 like Mac OS X) AppleWebKit/605.1.15 (KHTML, like Gecko) Version/17.0 Mobile/15E148 Safari/604.1"
192.168.1.55 - - [06/Mar/2026:15:30:12 +0000] "GET /api/v1/users HTTP/1.1" 200 7778 "-" "Mozilla/5.0 (Macintosh; Intel Mac OS X 10_15_7) AppleWebKit/537.36 (KHTML, like Gecko) Chrome/119.0.0.0 Safari/537.36"
192.168.1.55 - - [06/Mar/2026:15:36:29 +0000] "POST /api/v1/health HTTP/1.1" 200 1797 "https://twitter.com/" "Mozilla/5.0 (iPhone; CPU iPhone OS 17_0 like Mac OS X) AppleWebKit/605.1.15 (KHTML, like Gecko) Version/17.0 Mobile/15E148 Safari/604.1"
178.62.52.236 - - [06/Mar/2026:15:38:17 +0000] "PUT / HTTP/1.1" 200 12939 "-" "Mozilla/5.0 (X11; Linux x86_64; rv:120.0) Gecko/20100101 Firefox/120.0"
91.108.4.74 - - [06/Mar/2026:15:39:28 +0000] "POST /static/css/main.css HTTP/1.1" 304 0 "-" "Mozilla/5.0 (Macintosh; Intel Mac OS X 10_15_7) AppleWebKit/537.36 (KHTML, like Gecko) Chrome/119.0.0.0 Safari/537.36"
91.108.4.74 - - [06/Mar/2026:15:40:07 +0000] "GET / HTTP/1.1" 200 8263 "https://twitter.com/" "Mozilla/5.0 (Macintosh; Intel Mac OS X 10_15_7) AppleWebKit/537.36 (KHTML, like Gecko) Chrome/119.0.0.0 Safari/537.36"
162.243.168.50 - - [06/Mar/2026:15:48:00 +0000] "GET /index.html HTTP/1.1" 200 6120 "https://news.ycombinator.com/" "Mozilla/5.0 (Macintosh; Intel Mac OS X 10_15_7) AppleWebKit/537.36 (KHTML, like Gecko) Chrome/119.0.0.0 Safari/537.36"
91.108.4.74 - - [06/Mar/2026:15:57:51 +0000] "HEAD /static/img/logo.png HTTP/1.1" 200 143437 "https://github.com/" "Mozilla/5.0 (Windows NT 10.0; Win64; x64) AppleWebKit/537.36 (KHTML, like Gecko) Chrome/120.0.0.0 Safari/537.36"
198.51.100.23 - - [06/Mar/2026:15:58:13 +0000] "GET /static/img/logo.png HTTP/1.1" 301 0 "https://www.google.com/search?q=logparser" "Mozilla/5.0 (iPhone; CPU iPhone OS 17_0 like Mac OS X) AppleWebKit/605.1.15 (KHTML, like Gecko) Version/17.0 Mobile/15E148 Safari/604.1"
2.56.56.12 - - [06/Mar/2026:16:08:12 +0000] "GET /login HTTP/1.1" 400 10749 "-" "Mozilla/5.0 (X11; Linux x86_64; rv:120.0) Gecko/20100101 Firefox/120.0"
91.108.4.74 - - [06/Mar/2026:16:08:30 +0000] "GET /api/v1/orders HTTP/1.1" 200 5993 "-" "Mozilla/5.0 (Macintosh; Intel Mac OS X 10_15_7) AppleWebKit/537.36 (KHTML, like Gecko) Chrome/119.0.0.0 Safari/537.36"
91.108.4.74 - - [06/Mar/2026:16:08:32 +0000] "GET /index.html HTTP/1.1" 200 23283 "-" "Mozilla/5.0 (Windows NT 10.0; Win64; x64) AppleWebKit/537.36 (KHTML, like Gecko) Edge/120.0.0.0 Safari/537.36"
10.0.0.42 - - [06/Mar/2026:16:10:11 +0000] "GET /static/js/bundle.js HTTP/1.1" 301 0 "-" "Mozilla/5.0 (iPhone; CPU iPhone OS 17_0 like Mac OS X) AppleWebKit/605.1.15 (KHTML, like Gecko) Version/17.0 Mobile/15E148 Safari/604.1"
178.62.52.236 - - [06/Mar/2026:16:15:11 +0000] "GET /about HTTP/1.1" 200 5477 "-" "Mozilla/5.0 (iPhone; CPU iPhone OS 17_0 like Mac OS X) AppleWebKit/605.1.15 (KHTML, like Gecko) Version/17.0 Mobile/15E148 Safari/604.1"
82.45.12.101 - - [06/Mar/2026:16:16:20 +0000] "GET /static/css/main.css HTTP/1.1" 200 75323 "-" "Mozilla/5.0 (Windows NT 10.0; Win64; x64) AppleWebKit/537.36 (KHTML, like Gecko) Chrome/120.0.0.0 Safari/537.36"
185.220.101.5 - - [06/Mar/2026:16:24:02 +0000] "GET /api/v1/products HTTP/1.1" 404 3057 "-" "Mozilla/5.0 (iPhone; CPU iPhone OS 17_0 like Mac OS X) AppleWebKit/605.1.15 (KHTML, like Gecko) Version/17.0 Mobile/15E148 Safari/604.1"
77.88.5.88 - - [06/Mar/2026:16:25:49 +0000] "GET / HTTP/1.1" 200 1885 "-" "Mozilla/5.0 (Macintosh; Intel Mac OS X 10_15_7) AppleWebKit/537.36 (KHTML, like Gecko) Chrome/119.0.0.0 Safari/537.36"
185.220.101.5 - - [06/Mar/2026:16:26:46 +0000] "GET /static/img/logo.png HTTP/1.1" 200 90823 "-" "Mozilla/5.0 (Windows NT 10.0; Win64; x64) AppleWebKit/537.36 (KHTML, like Gecko) Chrome/120.0.0.0 Safari/537.36"
2.56.56.12 - - [06/Mar/2026:16:31:48 +0000] "GET /login HTTP/1.1" 200 22931 "https://github.com/" "Mozilla/5.0 (Macintosh; Intel Mac OS X 10_15_7) AppleWebKit/537.36 (KHTML, like Gecko) Chrome/119.0.0.0 Safari/537.36"
159.89.133.235 - - [06/Mar/2026:16:53:43 +0000] "GET / HTTP/1.1" 200 1996 "https://www.google.com/search?q=logparser" "Mozilla/5.0 (Windows NT 10.0; Win64; x64) AppleWebKit/537.36 (KHTML, like Gecko) Edge/120.0.0.0 Safari/537.36"
192.168.1.55 - - [06/Mar/2026:16:56:57 +0000] "GET /api/v1/health HTTP/1.1" 404 3173 "-" "Mozilla/5.0 (X11; Linux x86_64; rv:120.0) Gecko/20100101 Firefox/120.0"
10.0.0.42 - - [06/Mar/2026:16:58:16 +0000] "GET / HTTP/1.1" 200 13922 "https://news.ycombinator.com/" "Mozilla/5.0 (Windows NT 10.0; Win64; x64) AppleWebKit/537.36 (KHTML, like Gecko) Chrome/120.0.0.0 Safari/537.36"
45.33.32.156 - - [06/Mar/2026:17:00:05 +0000] "GET /api/v1/products HTTP/1.1" 404 6779 "-" "Mozilla/5.0 (Macintosh; Intel Mac OS X 10_15_7) AppleWebKit/537.36 (KHTML, like Gecko) Chrome/119.0.0.0 Safari/537.36"
185.220.101.5 - - [06/Mar/2026:17:07:42 +0000] "GET / HTTP/1.1" 302 0 "-" "Mozilla/5.0 (Windows NT 10.0; Win64; x64) AppleWebKit/537.36 (KHTML, like Gecko) Chrome/120.0.0.0 Safari/537.36"
192.168.1.55 - - [06/Mar/2026:17:08:11 +0000] "GET /about HTTP/1.1" 200 2031 "-" "Mozilla/5.0 (X11; Linux x86_64; rv:120.0) Gecko/20100101 Firefox/120.0"
185.220.101.5 - - [06/Mar/2026:17:10:27 +0000] "GET /api/v1/health HTTP/1.1" 200 5565 "-" "Mozilla/5.0 (X11; Linux x86_64; rv:120.0) Gecko/20100101 Firefox/120.0"
10.0.0.42 - - [06/Mar/2026:17:16:05 +0000] "GET /index.html HTTP/1.1" 200 5383 "-" "Mozilla/5.0 (X11; Linux x86_64; rv:120.0) Gecko/20100101 Firefox/120.0"
82.45.12.101 - - [06/Mar/2026:17:19:49 +0000] "GET /favicon.ico HTTP/1.1" 200 23938 "-" "Mozilla/5.0 (iPhone; CPU iPhone OS 17_0 like Mac OS X) AppleWebKit/605.1.15 (KHTML, like Gecko) Version/17.0 Mobile/15E148 Safari/604.1"
