203.0.113.7 - - [01/Mar/2026:17:48:50 +0000] "GET /api/v1/orders HTTP/1.1" 200 3908 "-" "Mozilla/5.0 (Macintosh; Intel Mac OS X 10_15_7) AppleWebKit/537.36 (KHTML, like Gecko) Chrome/119.0.0.0 Safari/537.36"
192.168.1.55 - - [01/Mar/2026:17:48:52 +0000] "GET /static/js/bundle.js HTTP/1.1" 301 0 "-" "Mozilla/5.0 (iPhone; CPU iPhone OS 17_0 like Mac OS X) AppleWebKit/605.1.15 (KHTML, like Gecko) Version/17.0 Mobile/15E148 Safari/604.1"
178.62.52.236 - - [01/Mar/2026:17:53:32 +0000] "GET /static/img/logo.png HTTP/1.1" 200 47052 "-" "Mozilla/5.0 (Windows NT 10.0; Win64; x64) AppleWebKit/537.36 (KHTML, like Gecko) Chrome/120.0.0.0 Safari/537.36"
138.197.138.65 - - [01/Mar/2026:17:54:24 +0000] "GET / HTTP/1.1" 304 0 "-" "Mozilla/5.0 (Windows NT 10.0; Win64; x64) AppleWebKit/537.36 (KHTML, like Gecko) Edge/120.0.0.0 Safari/537.36"
82.45.12.101 - - [01/Mar/2026:18:01:35 +0000] "GET /api/v1/products HTTP/1.1" 200 5150 "-" "Mozilla/5.0 (X11; Linux x86_64; rv:120.0) Gecko/20100101 Firefox/120.0"
203.0.113.7 - - [01/Mar/2026:18:25:09 +0000] "GET /static/img/logo.png HTTP/1.1" 403 146005 "https://news.ycombinator.com/" "Mozilla/5.0 (Windows NT 10.0; Win64; x64) AppleWebKit/537.36 (KHTML, like Gecko) Edge/120.0.0.0 Safari/537.36"
82.45.12.101 - - [01/Mar/2026:18:26:00 +0000] "GET /api/v1/products HTTP/1.1" 304 0 "https://twitter.com/" "Mozilla/5.0 (Windows NT 10.0; Win64; x64) AppleWebKit/537.36 (KHTML, like Gecko) Chrome/120.0.0.0 Safari/537.36"
198.51.100.23 - - [01/Mar/2026:18:26:33 +0000] "GET /static/css/main.css HTTP/1.1" 200 22683 "-" "Mozilla/5.0 (Windows NT 10.0; Win64; x64) AppleWebKit/537.36 (KHTML, like Gecko) Edge/120.0.0.0 Safari/537.36"
46.101.127.145 - - [01/Mar/2026:18:30:39 +0000] "GET /about HTTP/1.1" 200 4445 "https://github.com/" "Mozilla/5.0 (iPhone; CPU iPhone OS 17_0 like Mac OS X) AppleWebKit/605.1.15 (KHTML, like Gecko) Version/17.0 Mobile/15E148 Safari/604.1"
77.88.5.88 - - [01/Mar/2026:18:31:11 +0000] "GET /static/css/main.css HTTP/1.1" 304 0 "https://twitter.com/" "Mozilla/5.0 (iPhone; CPU iPhone OS 17_0 like Mac OS X) AppleWebKit/605.1.15 (KHTML, like Gecko) Version/17.0 Mobile/15E148 Safari/604.1"
45.33.32.156 - - [01/Mar/2026:18:37:24 +0000] "GET /api/v1/users HTTP/1.1" 404 6582 "-" "Mozilla/5.0 (Windows NT 10.0; Win64; x64) AppleWebKit/537.36 (KHTML, like Gecko) Chrome/120.0.0.0 Safari/537.36"
138.197.138.65 - - [01/Mar/2026:18:40:34 +0000] "GET /favicon.ico HTTP/1.1" 200 19320 "-" "Mozilla/5.0 (iPhone; CPU iPhone OS 17_0 like Mac OS X) AppleWebKit/605.1.15 (KHTML, like Gecko) Version/17.0 Mobile/15E148 Safari/604.1"
203.0.113.7 - - [01/Mar/2026:18:44:40 +0000] "GET /static/img/logo.png HTTP/1.1" 200 121564 "https://news.ycombinator.com/" "Mozilla/5.0 (Windows NT 10.0; Win64; x64) AppleWebKit/537.36 (KHTML, like Gecko) Edge/120.0.0.0 Safari/537.36"
159.89.133.235 - - [01/Mar/2026:18:49:37 +0000] "GET /api/v1/users HTTP/1.1" 200 1247 "-" "Mozilla/5.0 (X11; Linux x86_64; rv:120.0) Gecko/20100101 Firefox/120.0"
198.51.100.23 - - [01/Mar/2026:18:51:22 +0000] "GET /api/v1/health HTTP/1.1" 200 1767 "https://news.ycombinator.com/" "Mozilla/5.0 (Windows NT 10.0; Win64; x64) AppleWebKit/537.36 (KHTML, like Gecko) Edge/120.0.0.0 Safari/537.36"
91.108.4.74 - - [01/Mar/2026:18:54:17 +0000] "GET /static/css/main.css HTTP/1.1" 200 70813 "-" "Mozilla/5.0 (X11; Linux x86_64; rv:120.0) Gecko/20100101 Firefox/120.0"
10.0.0.42 - - [01/Mar/2026:18:56:14 +0000] "GET /api/v1/users HTTP/1.1" 404 2262 "-" "Mozilla/5.0 (Windows NT 10.0; Win64; x64) AppleWebKit/537.36 (KHTML, like Gecko) Chrome/120.0.0.0 Safari/537.36"
138.197.138.65 - - [01/Mar/2026:19:01:31 +0000] "GET /static/js/bundle.js HTTP/1.1" 200 190521 "https://www.google.com/search?q=logparser" "Mozilla/5.0 (Macintosh; Intel Mac OS X 10_15_7) AppleWebKit/537.36 (KHTML, like Gecko) Chrome/119.0.0.0 Safari/537.36"
45.33.32.156 - - [01/Mar/2026:19:02:28 +0000] "GET / HTTP/1.1" 304 0 "https://news.ycombinator.com/" "Mozilla/5.0 (Windows NT 10.0; Win64; x64) AppleWebKit/537.36 (KHTML, like Gecko) Chrome/120.0.0.0 Safari/537.36"
178.62.52.236 - - [01/Mar/2026:19:11:35 +0000] "GET /about HTTP/1.1" 200 15127 "https://news.ycombinator.com/" "Mozilla/5.0 (X11; Linux x86_64; rv:120.0) Gecko/20100101 Firefox/120.0"
2.56.56.12 - - [01/Mar/2026:19:16:46 +0000] "PUT / HTTP/1.1" 404 1643 "-" "Mozilla/5.0 (X11; Linux x86_64; rv:120.0) Gecko/20100101 Firefox/120.0"
178.62.52.236 - - [01/Mar/2026:19:18:02 +0000] "GET /static/js/bundle.js HTTP/1.1" 200 109530 "https://github.com/" "Mozilla/5.0 (iPhone; CPU iPhone OS 17_0 like Mac OS X) AppleWebKit/605.1.15 (KHTML, like Gecko) Version/17.0 Mobile/15E148 Safari/604.1"
138.197.138.65 - - [01/Mar/2026:19:19:46 +0000] "GET / HTTP/1.1" 302 0 "-" "Mozilla/5.0 (Windows NT 10.0; Win64; x64) AppleWebKit/537.36 (KHTML, like Gecko) Edge/120.0.0.0 Safari/537.36"
66.249.66.1 - - [01/Mar/2026:19:21:59 +0000] "DELETE / HTTP/1.1" 200 18246 "-" "python-requests/2.31.0"
10.0.0.42 - - [01/Mar/2026:19:23:00 +0000] "GET /static/css/main.css HTTP/1.1" 301 0 "-" "Mozilla/5.0 (Windows NT 10.0; Win64; x64) AppleWebKit/537.36 (KHTML, like Gecko) Chrome/120.0.0.0 Safari/537.36"
46.101.127.145 - - [01/Mar/2026:19:25:38 +0000] "HEAD / HTTP/1.1" 200 21912 "https://github.com/" "Mozilla/5.0 (Windows NT 10.0; Win64; x64) AppleWebKit/537.36 (KHTML, like Gecko) Chrome/120.0.0.0 Safari/537.36"
91.108.4.74 - - [01/Mar/2026:19:27:38 +0000] "GET /contact HTTP/1.1" 200 6786 "https://www.google.com/search?q=logparser" "Mozilla/5.0 (iPhone; CPU iPhone OS 17_0 like Mac OS X) AppleWebKit/605.1.15 (KHTML, like Gecko) Version/17.0 Mobile/15E148 Safari/604.1"
77.88.5.88 - - [01/Mar/2026:19:28:00 +0000] "GET /static/js/bundle.js HTTP/1.1" 200 69920 "-" "Mozilla/5.0 (iPhone; CPU iPhone OS 17_0 like Mac OS X) AppleWebKit/605.1.15 (KHTML, like Gecko) Version/17.0 Mobile/15E148 Safari/604.1"
192.168.1.55 - - [01/Mar/2026:19:36:22 +0000] "GET /api/v1/orders HTTP/1.1" 200 7183 "-" "Mozilla/5.0 (iPhone; CPU iPhone OS 17_0 like Mac OS X) AppleWebKit/605.1.15 (KHTML, like Gecko) Version/17.0 Mobile/15E148 Safari/604.1"
46.101.127.145 - - [01/Mar/2026:19:37:33 +0000] "GET /static/css/main.css HTTP/1.1" 200 98934 "https://github.com/" "Mozilla/5.0 (Windows NT 10.0; Win64; x64) AppleWebKit/537.36 (KHTML, like Gecko) Edge/120.0.0.0 Safari/537.36"
198.51.100.23 - - [01/Mar/2026:19:45:02 +0000] "GET /contact HTTP/1.1" 200 15707 "https://github.com/" "Mozilla/5.0 (iPhone; CPU iPhone OS 17_0 like Mac OS X) AppleWebKit/605.1.15 (KHTML, like Gecko) Version/17.0 Mobile/15E148 Safari/604.1"
185.220.101.5 - - [01/Mar/2026:19:55:28 +0000] "GET /robots.txt HTTP/1.1" 200 16123 "-" "Mozilla/5.0 (Windows NT 10.0; Win64; x64) AppleWebKit/537.36 (KHTML, like Gecko) Chrome/120.0.0.0 Safari/537.36"
10.0.0.42 - - [01/Mar/2026:19:56:04 +0000] "GET /about HTTP/1.1" 404 21308 "-" "Mozilla/5.0 (Windows NT 10.0; Win64; x64) AppleWebKit/537.36 (KHTML, like Gecko) Edge/120.0.0.0 Safari/537.36"
10.0.0.42 - - [01/Mar/2026:20:00:29 +0000] "GET /api/v1/products HTTP/1.1" 200 757 "https://news.ycombinator.com/" "Mozilla/5.0 (Windows NT 10.0; Win64; x64) AppleWebKit/537.36 (KHTML, like Gecko) Edge/120.0.0.0 Safari/537.36"
2.56.56.12 - - [01/Mar/2026:20:02:02 +0000] "POST /api/v1/health HTTP/1.1" 200 2065 "-" "Mozilla/5.0 (iPhone; CPU iPhone OS 17_0 like Mac OS X) AppleWebKit/605.1.15 (KHTML, like Gecko) Version/17.0 Mobile/15E148 Safari/604.1"
178.62.52.236 - - [01/Mar/2026:20:06:49 +0000] "GET /static/js/bundle.js HTTP/1.1" 200 26009 "https://github.com/" "Mozilla/5.0 (Windows NT 10.0; Win64; x64) AppleWebKit/537.36 (KHTML, like Gecko) Edge/120.0.0.0 Safari/537.36"
138.197.138.65 - - [01/Mar/2026:20:09:54 +0000] "GET /index.html HTTP/1.1" 200 7436 "https://www.google.com/search?q=logparser" "Mozilla/5.0 (Windows NT 10.0; Win64; x64) AppleWebKit/537.36 (KHTML, like Gecko) Chrome/120.0.0.0 Safari/537.36"
2.56.56.12 - - [01/Mar/2026:20:28:40 +0000] "POST / HTTP/1.1" 200 24749 "-" "Mozilla/5.0 (Windows NT 10.0; Win64; x64) AppleWebKit/537.36 (KHTML, like Gecko) Chrome/120.0.0.0 Safari/537.36"
82.45.12.101 - - [01/Mar/2026:20:33:19 +0000] "GET /dashboard HTTP/1.1" 404 8385 "https://www.google.com/search?q=logparser" "Mozilla/5.0 (Windows NT 10.0; Win64; x64) AppleWebKit/537.36 (KHTML, like Gecko) Chrome/120.0.0.0 Safari/537.36"
46.101.127.145 - - [01/Mar/2026:20:38:30 +0000] "GET /static/css/main.css HTTP/1.1" 200 10675 "https://www.google.com/search?q=logparser" "Mozilla/5.0 (Windows NT 10.0; Win64; x64) AppleWebKit/537.36 (KHTML, like Gecko) Chrome/120.0.0.0 Safari/537.36"
203.0.113.7 - - [01/Mar/2026:20:45:20 +0000] "GET / HTTP/1.1" 200 21830 "-" "Mozilla/5.0 (iPhone; CPU iPhone OS 17_0 like Mac OS X) AppleWebKit/605.1.15 (KHTML, like Gecko) Version/17.0 Mobile/15E148 Safari/604.1"
91.108.4.74 - - [01/Mar/2026:20:46:19 +0000] "GET /about HTTP/1.1" 200 3928 "https://news.ycombinator.com/" "Mozilla/5.0 (Macintosh; Intel Mac OS X 10_15_7) AppleWebKit/537.36 (KHTML, like Gecko) Chrome/119.0.0.0 Safari/537.36"
198.51.100.23 - - [01/Mar/2026:20:46:20 +0000] "GET /static/img/logo.png HTTP/1.1" 200 170013 "-" "Mozilla/5.0 (Windows NT 10.0; Win64; x64) AppleWebKit/537.36 (KHTML, like Gecko) Edge/120.0.0.0 Safari/537.36"
82.45.12.101 - - [01/Mar/2026:20:47:11 +0000] "GET /favicon.ico HTTP/1.1" 200 8048 "https://github.com/" "Mozilla/5.0 (iPhone; CPU iPhone OS 17_0 like Mac OS X) AppleWebKit/605.1.15 (KHTML, like Gecko) Version/17.0 Mobile/15E148 Safari/604.1"
185.220.101.5 - - [01/Mar/2026:20:47:31 +0000] "POST /static/css/main.css HTTP/1.1" 200 146014 "https://www.google.com/search?q=logparser" "Mozilla/5.0 (X11; Linux x86_64; rv:120.0) Gecko/20100101 Firefox/120.0"
138.197.138.65 - - [01/Mar/2026:20:57:29 +0000] "GET /api/v1/health HTTP/1.1" 200 3318 "-" "Mozilla/5.0 (Windows NT 10.0; Win64; x64) AppleWebKit/537.36 (KHTML, like Gecko) Chrome/120.0.0.0 Safari/537.36"
203.0.113.7 - - [01/Mar/2026:21:04:54 +0000] "GET / HTTP/1.1" 200 3204 "https://twitter.com/" "Mozilla/5.0 (X11; Linux x86_64; rv:120.0) Gecko/20100101 Firefox/120.0"
2.56.56.12 - - [01/Mar/2026:21:18:14 +0000] "GET / HTTP/1.1" 200 15669 "-" "Mozilla/5.0 (Windows NT 10.0; Win64; x64) AppleWebKit/537.36 (KHTML, like Gecko) Edge/120.0.0.0 Safari/537.36"
91.108.4.74 - - [01/Mar/2026:21:20:28 +0000] "GET / HTTP/1.1" 200 19889 "https://www.google.com/search?q=logparser" "Mozilla/5.0 (iPhone; CPU iPhone OS 17_0 like Mac OS X) AppleWebKit/605.1.15 (KHTML, like Gecko) Version/17.0 Mobile/15E148 Safari/604.1"
185.220.101.5 - - [01/Mar/2026:21:21:44 +0000] "GET /static/js/bundle.js HTTP/1.1" 200 160210 "https://twitter.com/" "Mozilla/5.0 (Macintosh; Intel Mac OS X 10_15_7) AppleWebKit/537.36 (KHTML, like Gecko) Chrome/119.0.0.0 Safari/537.36"
66.249.66.1 - - [01/Mar/2026:21:22:40 +0000] "GET /static/css/main.css HTTP/1.1" 301 0 "-" "Mozilla/5.0 (compatible; Googlebot/2.1; +http://www.google.com/bot.html)"
2.56.56.12 - - [01/Mar/2026:21:29:02 +0000] "POST /index.html HTTP/1.1" 404 17007 "-" "Mozilla/5.0 (Macintosh; Intel Mac OS X 10_15_7) AppleWebKit/537.36 (KHTML, like Gecko) Chrome/119.0.0.0 Safari/537.36"
159.89.133.235 - - [01/Mar/2026:21:31:43 +0000] "GET /static/img/logo.png HTTP/1.1" 200 178413 "-" "Mozilla/5.0 (Windows NT 10.0; Win64; x64) AppleWebKit/537.36 (KHTML, like Gecko) Edge/120.0.0.0 Safari/537.36"
159.89.133.235 - - [01/Mar/2026:21:40:07 +0000] "GET /static/css/main.css HTTP/1.1" 200 128306 "https://twitter.com/" "Mozilla/5.0 (Macintosh; Intel Mac OS X 10_15_7) AppleWebKit/537.36 (KHTML, like Gecko) Chrome/119.0.0.0 Safari/537.36"
185.220.101.5 - - [01/Mar/2026:21:47:35 +0000] "GET /index.html HTTP/1.1" 301 0 "https://twitter.com/" "Mozilla/5.0 (Windows NT 10.0; Win64; x64) AppleWebKit/537.36 (KHTML, like Gecko) Chrome/120.0.0.0 Safari/537.36"
162.243.168.50 - - [01/Mar/2026:21:48:37 +0000] "GET / HTTP/1.1" 200 6472 "https://github.com/" "Mozilla/5.0 (Windows NT 10.0; Win64; x64) AppleWebKit/537.36 (KHTML, like Gecko) Chrome/120.0.0.0 Safari/537.36"
203.0.113.7 - - [01/Mar/2026:21:50:08 +0000] "GET /static/img/logo.png HTTP/1.1" 304 0 "https://www.google.com/search?q=logparser" "Mozilla/5.0 (Windows NT 10.0; Win64; x64) AppleWebKit/537.36 (KHTML, like Gecko) Chrome/120.0.0.0 Safari/537.36"
77.88.5.88 - - [01/Mar/2026:21:55:47 +0000] "GET /api/v1/products HTTP/1.1" 200 7039 "-" "Mozilla/5.0 (X11; Linux x86_64; rv:120.0) Gecko/20100101 Firefox/120.0"
91.108.4.74 - - [01/Mar/2026:21:59:12 +0000] "GET /api/v1/users HTTP/1.1" 302 0 "https://news.ycombinator.com/" "Mozilla/5.0 (Windows NT 10.0; Win64; x64) AppleWebKit/537.36 (KHTML, like Gecko) Edge/120.0.0.0 Safari/537.36"
185.220.101.5 - - [01/Mar/2026:22:05:30 +0000] "GET /contact HTTP/1.1" 200 19290 "-" "Mozilla/5.0 (iPhone; CPU iPhone OS 17_0 like Mac OS X) AppleWebKit/605.1.15 (KHTML, like Gecko) Version/17.0 Mobile/15E148 Safari/604.1"
178.62.52.236 - - [01/Mar/2026:22:08:35 +0000] "GET /api/v1/products HTTP/1.1" 404 6316 "https://github.com/" "Mozilla/5.0 (iPhone; CPU iPhone OS 17_0 like Mac OS X) AppleWebKit/605.1.15 (KHTML, like Gecko) Version/17.0 Mobile/15E148 Safari/604.1"
82.45.12.101 - - [01/Mar/2026:22:15:16 +0000] "GET / HTTP/1.1" 200 1704 "-" "Mozilla/5.0 (Windows NT 10.0; Win64; x64) AppleWebKit/537.36 (KHTML, like Gecko) Edge/120.0.0.0 Safari/537.36"
77.88.5.88 - - [01/Mar/2026:22:18:06 +0000] "GET /api/v1/health HTTP/1.1" 200 7677 "https://news.ycombinator.com/" "Mozilla/5.0 (Windows NT 10.0; Win64; x64) AppleWebKit/537.36 (KHTML, like Gecko) Edge/120.0.0.0 Safari/537.36"
10.0.0.42 - - [01/Mar/2026:22:24:38 +0000] "GET /static/css/main.css HTTP/1.1" 200 120854 "https://news.ycombinator.com/" "Mozilla/5.0 (Macintosh; Intel Mac OS X 10_15_7) AppleWebKit/537.36 (KHTML, like Gecko) Chrome/119.0.0.0 Safari/537.36"
77.88.5.88 - - [01/Mar/2026:22:32:32 +0000] "GET /contact HTTP/1.1" 200 3717 "https://www.google.com/search?q=logparser" "Mozilla/5.0 (Windows NT 10.0; Win64; x64) AppleWebKit/537.36 (KHTML, like Gecko) Edge/120.0.0.0 Safari/537.36"
203.0.113.7 - - [01/Mar/2026:22:36:36 +0000] "PUT /dashboard HTTP/1.1" 200 2081 "https://twitter.com/" "Mozilla/5.0 (Macintosh; Intel Mac OS X 10_15_7) AppleWebKit/537.36 (KHTML, like Gecko) Chrome/119.0.0.0 Safari/537.36"
82.45.12.101 - - [01/Mar/2026:22:38:16 +0000] "GET /api/v1/health HTTP/1.1" 304 0 "https://news.ycombinator.com/" "Mozilla/5.0 (Windows NT 10.0; Win64; x64) AppleWebKit/537.36 (KHTML, like Gecko) Edge/120.0.0.0 Safari/537.36"
46.101.127.145 - - [01/Mar/2026:22:51:05 +0000] "GET /api/v1/products HTTP/1.1" 200 974 "https://news.ycombinator.com/" "Mozilla/5.0 (Windows NT 10.0; Win64; x64) AppleWebKit/537.36 (KHTML, like Gecko) Edge/120.0.0.0 Safari/537.36"
77.88.5.88 - - [01/Mar/2026:22:51:24 +0000] "GET /api/v1/users HTTP/1.1" 200 2842 "-" "Mozilla/5.0 (Windows NT 10.0; Win64; x64) AppleWebKit/537.36 (KHTML, like Gecko) Edge/120.0.0.0 Safari/537.36"
45.33.32.156 - - [01/Mar/2026:22:51:29 +0000] "GET / HTTP/1.1" 200 1879 "https://www.google.com/search?q=logparser" "Mozilla/5.0 (Macintosh; Intel Mac OS X 10_15_7) AppleWebKit/537.36 (KHTML, like Gecko) Chrome/119.0.0.0 Safari/537.36"
10.0.0.42 - - [01/Mar/2026:23:05:55 +0000] "GET /static/css/main.css HTTP/1.1" 200 30249 "https://github.com/" "Mozilla/5.0 (Macintosh; Intel Mac OS X 10_15_7) AppleWebKit/537.36 (KHTML, like Gecko) Chrome/119.0.0.0 Safari/537.36"
203.0.113.7 - - [01/Mar/2026:23:08:22 +0000] "GET /static/js/bundle.js HTTP/1.1" 404 171118 "-" "Mozilla/5.0 (Macintosh; Intel Mac OS X 10_15_7) AppleWebKit/537.36 (KHTML, like Gecko) Chrome/119.0.0.0 Safari/537.36"
138.197.138.65 - - [01/Mar/2026:23:22:16 +0000] "GET /api/v1/health HTTP/1.1" 200 6565 "-" "Mozilla/5.0 (Macintosh; Intel Mac OS X 10_15_7) AppleWebKit/537.36 (KHTML, like Gecko) Chrome/119.0.0.0 Safari/537.36"
157.55.39.250 - - [01/Mar/2026:23:24:14 +0000] "GET /static/css/main.css HTTP/1.1" 304 0 "https://www.google.com/search?q=logparser" "Mozilla/5.0 (compatible; Googlebot/2.1; +http://www.google.com/bot.html)"
185.220.101.5 - - [01/Mar/2026:23:27:54 +0000] "GET /static/js/bundle.js HTTP/1.1" 200 103471 "-" "Mozilla/5.0 (X11; Linux x86_64; rv:120.0) Gecko/20100101 Firefox/120.0"
203.0.113.7 - - [01/Mar/2026:23:30:20 +0000] "GET /index.html HTTP/1.1" 200 1684 "-" "Mozilla/5.0 (X11; Linux x86_64; rv:120.0) Gecko/20100101 Firefox/120.0"
138.197.138.65 - - [01/Mar/2026:23:31:03 +0000] "GET / HTTP/1.1" 200 14982 "https://www.google.com/search?q=logparser" "Mozilla/5.0 (X11; Linux x86_64; rv:120.0) Gecko/20100101 Firefox/120.0"
77.88.5.88 - - [01/Mar/2026:23:31:40 +0000] "POST /api/v1/users HTTP/1.1" 200 5426 "-" "Mozilla/5.0 (Windows NT 10.0; Win64; x64) AppleWebKit/537.36 (KHTML, like Gecko) Chrome/120.0.0.0 Safari/537.36"
138.197.138.65 - - [01/Mar/2026:23:37:07 +0000] "GET /api/v1/products HTTP/1.1" 200 3370 "-" "Mozilla/5.0 (iPhone; CPU iPhone OS 17_0 like Mac OS X) AppleWebKit/605.1.15 (KHTML, like Gecko) Version/17.0 Mobile/15E148 Safari/604.1"
198.51.100.23 - - [01/Mar/2026:23:40:34 +0000] "GET /static/js/bundle.js HTTP/1.1" 200 80763 "-" "Mozilla/5.0 (Windows NT 10.0; Win64; x64) AppleWebKit/537.36 (KHTML, like Gecko) Chrome/120.0.0.0 Safari/537.36"
10.0.0.42 - - [01/Mar/2026:23:46:07 +0000] "GET /static/js/bundle.js HTTP/1.1" 200 109587 "https://www.google.com/search?q=logparser" "Mozilla/5.0 (X11; Linux x86_64; rv:120.0) Gecko/20100101 Firefox/120.0"
10.0.0.42 - - [01/Mar/2026:23:47:50 +0000] "GET /logout HTTP/1.1" 301 0 "-" "Mozilla/5.0 (iPhone; CPU iPhone OS 17_0 like Mac OS X) AppleWebKit/605.1.15 (KHTML, like Gecko) Version/17.0 Mobile/15E148 Safari/604.1"
2.56.56.12 - - [01/Mar/2026:23:58:25 +0000] "GET /static/js/bundle.js HTTP/1.1" 301 0 "-" "Mozilla/5.0 (Windows NT 10.0; Win64; x64) AppleWebKit/537.36 (KHTML, like Gecko) Edge/120.0.0.0 Safari/537.36"
198.51.100.23 - - [01/Mar/2026:23:59:32 +0000] "GET /static/js/bundle.js HTTP/1.1" 200 39285 "https://www.google.com/search?q=logparser" "Mozilla/5.0 (X11; Linux x86_64; rv:120.0) Gecko/20100101 Firefox/120.0"
2.56.56.12 - - [02/Mar/2026:00:06:05 +0000] "GET /index.html HTTP/1.1" 301 0 "https://news.ycombinator.com/" "Mozilla/5.0 (Windows NT 10.0; Win64; x64) AppleWebKit/537.36 (KHTML, like Gecko) Edge/120.0.0.0 Safari/537.36"
82.45.12.101 - - [02/Mar/2026:00:09:27 +0000] "GET /static/img/logo.png HTTP/1.1" 404 192077 "https://twitter.com/" "Mozilla/5.0 (iPhone; CPU iPhone OS 17_0 like Mac OS X) AppleWebKit/605.1.15 (KHTML, like Gecko) Version/17.0 Mobile/15E148 Safari/604.1"
45.33.32.156 - - [02/Mar/2026:00:22:27 +0000] "GET /api/v1/health HTTP/1.1" 200 2121 "https://www.google.com/search?q=logparser" "Mozilla/5.0 (Windows NT 10.0; Win64; x64) AppleWebKit/537.36 (KHTML, like Gecko) Chrome/120.0.0.0 Safari/537.36"
2.56.56.12 - - [02/Mar/2026:00:32:18 +0000] "GET /index.html HTTP/1.1" 200 14314 "-" "Mozilla/5.0 (Windows NT 10.0; Win64; x64) AppleWebKit/537.36 (KHTML, like Gecko) Chrome/120.0.0.0 Safari/537.36"
10.0.0.42 - - [02/Mar/2026:00:34:59 +0000] "GET / HTTP/1.1" 304 0 "-" "Mozilla/5.0 (iPhone; CPU iPhone OS 17_0 like Mac OS X) AppleWebKit/605.1.15 (KHTML, like Gecko) Version/17.0 Mobile/15E148 Safari/604.1"
77.88.5.88 - - [02/Mar/2026:00:38:30 +0000] "GET /logout HTTP/1.1" 200 6137 "https://twitter.com/" "Mozilla/5.0 (Windows NT 10.0; Win64; x64) AppleWebKit/537.36 (KHTML, like Gecko) Chrome/120.0.0.0 Safari/537.36"
192.168.1.55 - - [02/Mar/2026:00:39:47 +0000] "GET /api/v1/users HTTP/1.1" 301 0 "https://twitter.com/" "Mozilla/5.0 (Windows NT 10.0; Win64; x64) AppleWebKit/537.36 (KHTML, like Gecko) Edge/120.0.0.0 Safari/537.36"
138.197.138.65 - - [02/Mar/2026:00:40:17 +0000] "POST /static/js/bundle.js HTTP/1.1" 200 45971 "https://www.google.com/search?q=logparser" "Mozilla/5.0 (Windows NT 10.0; Win64; x64) AppleWebKit/537.36 (KHTML, like Gecko) Chrome/120.0.0.0 Safari/537.36"
185.220.101.5 - - [02/Mar/2026:00:40:32 +0000] "PUT /api/v1/health HTTP/1.1" 200 2865 "https://github.com/" "Mozilla/5.0 (iPhone; CPU iPhone OS 17_0 like Mac OS X) AppleWebKit/605.1.15 (KHTML, like Gecko) Version/17.0 Mobile/15E148 Safari/604.1"
45.33.32.156 - - [02/Mar/2026:00:47:18 +0000] "GET /index.html HTTP/1.1" 200 12032 "https://www.google.com/search?q=logparser" "Mozilla/5.0 (Windows NT 10.0; Win64; x64) AppleWebKit/537.36 (KHTML, like Gecko) Chrome/120.0.0.0 Safari/537.36"
46.101.127.145 - - [02/Mar/2026:00:53:45 +0000] "GET /contact HTTP/1.1" 200 4644 "https://github.com/" "Mozilla/5.0 (Windows NT 10.0; Win64; x64) AppleWebKit/537.36 (KHTML, like Gecko) Chrome/120.0.0.0 Safari/537.36"
82.45.12.101 - - [02/Mar/2026:00:55:45 +0000] "GET /static/css/main.css HTTP/1.1" 200 138921 "-" "Mozilla/5.0 (Macintosh; Intel Mac OS X 10_15_7) AppleWebKit/537.36 (KHTML, like Gecko) Chrome/119.0.0.0 Safari/537.36"
10.0.0.42 - - [02/Mar/2026:01:00:18 +0000] "POST /static/js/bundle.js HTTP/1.1" 200 51120 "https://twitter.com/" "Mozilla/5.0 (Windows NT 10.0; Win64; x64) AppleWebKit/537.36 (KHTML, like Gecko) Chrome/120.0.0.0 Safari/537.36"
2.56.56.12 - - [02/Mar/2026:01:01:33 +0000] "HEAD /static/js/bundle.js HTTP/1.1" 200 6108 "https://news.ycombinator.com/" "Mozilla/5.0 (iPhone; CPU iPhone OS 17_0 like Mac OS X) AppleWebKit/605.1.15 (KHTML, like Gecko) Version/17.0 Mobile/15E148 Safari/604.1"
138.197.138.65 - - [02/Mar/2026:01:01:53 +0000] "GET /api/v1/health HTTP/1.1" 200 3622 "-" "Mozilla/5.0 (Macintosh; Intel Mac OS X 10_15_7) AppleWebKit/537.36 (KHTML, like Gecko) Chrome/119.0.0.0 Safari/537.36"
10.0.0.42 - - [02/Mar/2026:01:02:08 +0000] "GET /static/css/main.css HTTP/1.1" 302 0 "-" "Mozilla/5.0 (Windows NT 10.0; Win64; x64) AppleWebKit/537.36 (KHTML, like Gecko) Edge/120.0.0.0 Safari/537.36"
77.88.5.88 - - [02/Mar/2026:01:03:03 +0000] "POST / HTTP/1.1" 403 24640 "https://news.ycombinator.com/" "Mozilla/5.0 (X11; Linux x86_64; rv:120.0) Gecko/20100101 Firefox/120.0"
91.108.4.74 - - [02/Mar/2026:01:11:05 +0000] "GET /static/css/main.css HTTP/1.1" 302 0 "https://news.ycombinator.com/" "Mozilla/5.0 (iPhone; CPU iPhone OS 17_0 like Mac OS X) AppleWebKit/605.1.15 (KHTML, like Gecko) Version/17.0 Mobile/15E148 Safari/604.1"
2.56.56.12 - - [02/Mar/2026:01:16:40 +0000] "GET /static/css/main.css HTTP/1.1" 200 37868 "-" "Mozilla/5.0 (X11; Linux x86_64; rv:120.0) Gecko/20100101 Firefox/120.0"
198.51.100.23 - - [02/Mar/2026:01:17:57 +0000] "GET /static/js/bundle.js HTTP/1.1" 304 0 "-" "Mozilla/5.0 (iPhone; CPU iPhone OS 17_0 like Mac OS X) AppleWebKit/605.1.15 (KHTML, like Gecko) Version/17.0 Mobile/15E148 Safari/604.1"
198.51.100.23 - - [02/Mar/2026:01:20:24 +0000] "GET / HTTP/1.1" 403 18093 "-" "Mozilla/5.0 (Windows NT 10.0; Win64; x64) AppleWebKit/537.36 (KHTML, like Gecko) Chrome/120.0.0.0 Safari/537.36"
198.51.100.23 - - [02/Mar/2026:01:29:08 +0000] "HEAD /sitemap.xml HTTP/1.1" 200 6012 "-" "Mozilla/5.0 (Windows NT 10.0; Win64; x64) AppleWebKit/537.36 (KHTML, like Gecko) Chrome/120.0.0.0 Safari/537.36"
159.89.133.235 - - [02/Mar/2026:01:30:58 +0000] "GET / HTTP/1.1" 200 13695 "-" "Mozilla/5.0 (Windows NT 10.0; Win64; x64) AppleWebKit/537.36 (KHTML, like Gecko) Chrome/120.0.0.0 Safari/537.36"
82.45.12.101 - - [02/Mar/2026:01:33:00 +0000] "GET /login HTTP/1.1" 200 24629 "https://news.ycombinator.com/" "Mozilla/5.0 (Macintosh; Intel Mac OS X 10_15_7) AppleWebKit/537.36 (KHTML, like Gecko) Chrome/119.0.0.0 Safari/537.36"
82.45.12.101 - - [02/Mar/2026:01:36:56 +0000] "GET /api/v1/health HTTP/1.1" 400 6054 "-" "Mozilla/5.0 (Windows NT 10.0; Win64; x64) AppleWebKit/537.36 (KHTML, like Gecko) Edge/120.0.0.0 Safari/537.36"
77.88.5.88 - - [02/Mar/2026:01:42:13 +0000] "GET /static/css/main.css HTTP/1.1" 304 0 "-" "Mozilla/5.0 (iPhone; CPU iPhone OS 17_0 like Mac OS X) AppleWebKit/605.1.15 (KHTML, like Gecko) Version/17.0 Mobile/15E148 Safari/604.1"
192.168.1.55 - - [02/Mar/2026:01:53:12 +0000] "GET /api/v1/products HTTP/1.1" 200 3864 "-" "Mozilla/5.0 (X11; Linux x86_64; rv:120.0) Gecko/20100101 Firefox/120.0"
82.45.12.101 - - [02/Mar/2026:01:59:54 +0000] "GET / HTTP/1.1" 200 15710 "-" "Mozilla/5.0 (Macintosh; Intel Mac OS X 10_15_7) AppleWebKit/537.36 (KHTML, like Gecko) Chrome/119.0.0.0 Safari/537.36"
159.89.133.235 - - [02/Mar/2026:02:03:16 +0000] "GET /robots.txt HTTP/1.1" 200 19634 "-" "Mozilla/5.0 (Windows NT 10.0; Win64; x64) AppleWebKit/537.36 (KHTML, like Gecko) Edge/120.0.0.0 Safari/537.36"
10.0.0.42 - - [02/Mar/2026:02:07:33 +0000] "GET /static/js/bundle.js HTTP/1.1" 500 198392 "https://news.ycombinator.com/" "Mozilla/5.0 (iPhone; CPU iPhone OS 17_0 like Mac OS X) AppleWebKit/605.1.15 (KHTML, like Gecko) Version/17.0 Mobile/15E148 Safari/604.1"
178.62.52.236 - - [02/Mar/2026:02:16:22 +0000] "GET / HTTP/1.1" 200 18723 "https://www.google.com/search?q=logparser" "Mozilla/5.0 (iPhone; CPU iPhone OS 17_0 like Mac OS X) AppleWebKit/605.1.15 (KHTML, like Gecko) Version/17.0 Mobile/15E148 Safari/604.1"
162.243.168.50 - - [02/Mar/2026:02:17:41 +0000] "GET /api/v1/orders HTTP/1.1" 200 3337 "-" "Mozilla/5.0 (X11; Linux x86_64; rv:120.0) Gecko/20100101 Firefox/120.0"
198.51.100.23 - - [02/Mar/2026:02:27:25 +0000] "GET /login HTTP/1.1" 200 6438 "-" "Mozilla/5.0 (X11; Linux x86_64; rv:120.0) Gecko/20100101 Firefox/120.0"
91.108.4.74 - - [02/Mar/2026:02:29:14 +0000] "GET /api/v1/products HTTP/1.1" 200 5071 "https://twitter.com/" "Mozilla/5.0 (Windows NT 10.0; Win64; x64) AppleWebKit/537.36 (KHTML, like Gecko) Edge/120.0.0.0 Safari/537.36"
203.0.113.7 - - [02/Mar/2026:02:30:20 +0000] "GET /static/js/bundle.js HTTP/1.1" 200 121562 "https://twitter.com/" "Mozilla/5.0 (iPhone; CPU iPhone OS 17_0 like Mac OS X) AppleWebKit/605.1.15 (KHTML, like Gecko) Version/17.0 Mobile/15E148 Safari/604.1"
82.45.12.101 - - [02/Mar/2026:02:31:08 +0000] "POST /static/css/main.css HTTP/1.1" 301 0 "https://twitter.com/" "Mozilla/5.0 (iPhone; CPU iPhone OS 17_0 like Mac OS X) AppleWebKit/605.1.15 (KHTML, like Gecko) Version/17.0 Mobile/15E148 Safari/604.1"
45.33.32.156 - - [02/Mar/2026:02:34:11 +0000] "GET /index.html HTTP/1.1" 200 10317 "https://twitter.com/" "Mozilla/5.0 (Macintosh; Intel Mac OS X 10_15_7) AppleWebKit/537.36 (KHTML, like Gecko) Chrome/119.0.0.0 Safari/537.36"
207.46.13.5 - - [02/Mar/2026:02:35:03 +0000] "GET /api/v1/health HTTP/1.1" 304 0 "https://twitter.com/" "Mozilla/5.0 (compatible; YandexBot/3.0; +http://yandex.com/bots)"
203.0.113.7 - - [02/Mar/2026:02:42:25 +0000] "GET /static/img/logo.png HTTP/1.1" 200 116564 "-" "Mozilla/5.0 (Windows NT 10.0; Win64; x64) AppleWebKit/537.36 (KHTML, like Gecko) Edge/120.0.0.0 Safari/537.36"
203.0.113.7 - - [02/Mar/2026:02:55:30 +0000] "GET /static/js/bundle.js HTTP/1.1" 200 142043 "-" "Mozilla/5.0 (Windows NT 10.0; Win64; x64) AppleWebKit/537.36 (KHTML, like Gecko) Chrome/120.0.0.0 Safari/537.36"
159.89.133.235 - - [02/Mar/2026:02:55:51 +0000] "GET / HTTP/1.1" 200 14709 "-" "Mozilla/5.0 (iPhone; CPU iPhone OS 17_0 like Mac OS X) AppleWebKit/605.1.15 (KHTML, like Gecko) Version/17.0 Mobile/15E148 Safari/604.1"
82.45.12.101 - - [02/Mar/2026:02:57:46 +0000] "GET /api/v1/products HTTP/1.1" 200 7583 "https://www.google.com/search?q=logparser" "Mozilla/5.0 (Windows NT 10.0; Win64; x64) AppleWebKit/537.36 (KHTML, like Gecko) Edge/120.0.0.0 Safari/537.36"
77.88.5.88 - - [02/Mar/2026:02:59:06 +0000] "GET /api/v1/products HTTP/1.1" 200 1861 "https://www.google.com/search?q=logparser" "Mozilla/5.0 (Windows NT 10.0; Win64; x64) AppleWebKit/537.36 (KHTML, like Gecko) Chrome/120.0.0.0 Safari/537.36"
45.33.32.156 - - [02/Mar/2026:03:03:24 +0000] "GET /api/v1/users HTTP/1.1" 200 1477 "https://github.com/" "Mozilla/5.0 (Macintosh; Intel Mac OS X 10_15_7) AppleWebKit/537.36 (KHTML, like Gecko) Chrome/119.0.0.0 Safari/537.36"
46.101.127.145 - - [02/Mar/2026:03:03:29 +0000] "GET /static/js/bundle.js HTTP/1.1" 200 78751 "https://news.ycombinator.com/" "Mozilla/5.0 (X11; Linux x86_64; rv:120.0) Gecko/20100101 Firefox/120.0"
192.168.1.55 - - [02/Mar/2026:03:04:57 +0000] "GET /api/v1/products HTTP/1.1" 200 1149 "https://www.google.com/search?q=logparser" "Mozilla/5.0 (Windows NT 10.0; Win64; x64) AppleWebKit/537.36 (KHTML, like Gecko) Chrome/120.0.0.0 Safari/537.36"
178.62.52.236 - - [02/Mar/2026:03:07:04 +0000] "GET /static/css/main.css HTTP/1.1" 200 145344 "-" "Mozilla/5.0 (X11; Linux x86_64; rv:120.0) Gecko/20100101 Firefox/120.0"
159.89.133.235 - - [02/Mar/2026:03:11:48 +0000] "POST /sitemap.xml HTTP/1.1" 200 18740 "https://www.google.com/search?q=logparser" "Mozilla/5.0 (Macintosh; Intel Mac OS X 10_15_7) AppleWebKit/537.36 (KHTML, like Gecko) Chrome/119.0.0.0 Safari/537.36"
185.220.101.5 - - [02/Mar/2026:03:11:55 +0000] "GET /dashboard HTTP/1.1" 200 21831 "-" "Mozilla/5.0 (X11; Linux x86_64; rv:120.0) Gecko/20100101 Firefox/120.0"
45.33.32.156 - - [02/Mar/2026:03:12:27 +0000] "GET /contact HTTP/1.1" 200 19192 "-" "Mozilla/5.0 (X11; Linux x86_64; rv:120.0) Gecko/20100101 Firefox/120.0"
138.197.138.65 - - [02/Mar/2026:03:14:17 +0000] "GET / HTTP/1.1" 404 20098 "-" "Mozilla/5.0 (Windows NT 10.0; Win64; x64) AppleWebKit/537.36 (KHTML, like Gecko) Chrome/120.0.0.0 Safari/537.36"
2.56.56.12 - - [02/Mar/2026:03:16:35 +0000] "GET /static/css/main.css HTTP/1.1" 404 8233 "https://twitter.com/" "Mozilla/5.0 (iPhone; CPU iPhone OS 17_0 like Mac OS X) AppleWebKit/605.1.15 (KHTML, like Gecko) Version/17.0 Mobile/15E148 Safari/604.1"
45.33.32.156 - - [02/Mar/2026:03:17:37 +0000] "GET / HTTP/1.1" 200 16960 "https://news.ycombinator.com/" "Mozilla/5.0 (Windows NT 10.0; Win64; x64) AppleWebKit/537.36 (KHTML, like Gecko) Edge/120.0.0.0 Safari/537.36"
91.108.4.74 - - [02/Mar/2026:03:31:56 +0000] "GET /favicon.ico HTTP/1.1" 200 14156 "https://www.google.com/search?q=logparser" "Mozilla/5.0 (Windows NT 10.0; Win64; x64) AppleWebKit/537.36 (KHTML, like Gecko) Chrome/120.0.0.0 Safari/537.36"
159.89.133.235 - - [02/Mar/2026:03:38:19 +0000] "GET / HTTP/1.1" 200 9829 "-" "Mozilla/5.0 (X11; Linux x86_64; rv:120.0) Gecko/20100101 Firefox/120.0"
82.45.12.101 - - [02/Mar/2026:03:44:17 +0000] "GET /static/img/logo.png HTTP/1.1" 404 45828 "-" "Mozilla/5.0 (Windows NT 10.0; Win64; x64) AppleWebKit/537.36 (KHTML, like Gecko) Edge/120.0.0.0 Safari/537.36"
66.249.66.2 - - [02/Mar/2026:03:55:42 +0000] "GET /about HTTP/1.1" 200 20571 "https://github.com/" "Mozilla/5.0 (compatible; YandexBot/3.0; +http://yandex.com/bots)"
46.101.127.145 - - [02/Mar/2026:04:04:57 +0000] "GET /login HTTP/1.1" 200 14168 "-" "Mozilla/5.0 (X11; Linux x86_64; rv:120.0) Gecko/20100101 Firefox/120.0"
46.101.127.145 - - [02/Mar/2026:04:10:16 +0000] "POST / HTTP/1.1" 304 0 "https://news.ycombinator.com/" "Mozilla/5.0 (Windows NT 10.0; Win64; x64) AppleWebKit/537.36 (KHTML, like Gecko) Chrome/120.0.0.0 Safari/537.36"
45.33.32.156 - - [02/Mar/2026:04:18:02 +0000] "GET /static/js/bundle.js HTTP/1.1" 200 27933 "https://github.com/" "Mozilla/5.0 (X11; Linux x86_64; rv:120.0) Gecko/20100101 Firefox/120.0"
192.168.1.55 - - [02/Mar/2026:04:22:30 +0000] "GET /static/css/main.css HTTP/1.1" 200 193096 "-" "Mozilla/5.0 (Windows NT 10.0; Win64; x64) AppleWebKit/537.36 (KHTML, like Gecko) Chrome/120.0.0.0 Safari/537.36"
45.33.32.156 - - [02/Mar/2026:04:26:16 +0000] "GET /login HTTP/1.1" 301 0 "-" "Mozilla/5.0 (Windows NT 10.0; Win64; x64) AppleWebKit/537.36 (KHTML, like Gecko) Edge/120.0.0.0 Safari/537.36"
178.62.52.236 - - [02/Mar/2026:04:29:58 +0000] "GET /static/js/bundle.js HTTP/1.1" 200 156504 "https://news.ycombinator.com/" "Mozilla/5.0 (Macintosh; Intel Mac OS X 10_15_7) AppleWebKit/537.36 (KHTML, like Gecko) Chrome/119.0.0.0 Safari/537.36"
178.62.52.236 - - [02/Mar/2026:04:30:42 +0000] "GET /dashboard HTTP/1.1" 302 0 "-" "Mozilla/5.0 (Windows NT 10.0; Win64; x64) AppleWebKit/537.36 (KHTML, like Gecko) Edge/120.0.0.0 Safari/537.36"
192.168.1.55 - - [02/Mar/2026:05:02:43 +0000] "GET /static/js/bundle.js HTTP/1.1" 200 25986 "https://github.com/" "Mozilla/5.0 (X11; Linux x86_64; rv:120.0) Gecko/20100101 Firefox/120.0"
178.62.52.236 - - [02/Mar/2026:05:03:24 +0000] "GET /login HTTP/1.1" 200 6881 "-" "Mozilla/5.0 (Windows NT 10.0; Win64; x64) AppleWebKit/537.36 (KHTML, like Gecko) Edge/120.0.0.0 Safari/537.36"
185.220.101.5 - - [02/Mar/2026:05:03:32 +0000] "GET /static/css/main.css HTTP/1.1" 200 70235 "-" "Mozilla/5.0 (Macintosh; Intel Mac OS X 10_15_7) AppleWebKit/537.36 (KHTML, like Gecko) Chrome/119.0.0.0 Safari/537.36"
198.51.100.23 - - [02/Mar/2026:05:07:44 +0000] "GET / HTTP/1.1" 200 3275 "https://www.google.com/search?q=logparser" "Mozilla/5.0 (Windows NT 10.0; Win64; x64) AppleWebKit/537.36 (KHTML, like Gecko) Chrome/120.0.0.0 Safari/537.36"
2.56.56.12 - - [02/Mar/2026:05:08:34 +0000] "GET /static/js/bundle.js HTTP/1.1" 200 150687 "https://github.com/" "Mozilla/5.0 (Windows NT 10.0; Win64; x64) AppleWebKit/537.36 (KHTML, like Gecko) Chrome/120.0.0.0 Safari/537.36"
185.220.101.5 - - [02/Mar/2026:05:16:32 +0000] "PUT /index.html HTTP/1.1" 200 21971 "-" "Mozilla/5.0 (iPhone; CPU iPhone OS 17_0 like Mac OS X) AppleWebKit/605.1.15 (KHTML, like Gecko) Version/17.0 Mobile/15E148 Safari/604.1"
157.55.39.250 - - [02/Mar/2026:05:17:00 +0000] "GET / HTTP/1.1" 304 0 "https://news.ycombinator.com/" "curl/7.88.0"
66.249.66.2 - - [02/Mar/2026:05:19:03 +0000] "POST /static/img/logo.png HTTP/1.1" 200 42916 "-" "Mozilla/5.0 (compatible; bingbot/2.0; +http://www.bing.com/bingbot.htm)"
159.89.133.235 - - [02/Mar/2026:05:19:40 +0000] "GET /index.html HTTP/1.1" 200 17625 "-" "Mozilla/5.0 (Windows NT 10.0; Win64; x64) AppleWebKit/537.36 (KHTML, like Gecko) Edge/120.0.0.0 Safari/537.36"
178.62.52.236 - - [02/Mar/2026:05:28:28 +0000] "GET / HTTP/1.1" 200 7862 "-" "Mozilla/5.0 (Windows NT 10.0; Win64; x64) AppleWebKit/537.36 (KHTML, like Gecko) Edge/120.0.0.0 Safari/537.36"
178.62.52.236 - - [02/Mar/2026:05:29:28 +0000] "GET /login HTTP/1.1" 301 0 "https://twitter.com/" "Mozilla/5.0 (iPhone; CPU iPhone OS 17_0 like Mac OS X) AppleWebKit/605.1.15 (KHTML, like Gecko) Version/17.0 Mobile/15E148 Safari/604.1"
207.46.13.5 - - [02/Mar/2026:05:30:24 +0000] "GET /api/v1/users HTTP/1.1" 302 0 "-" "curl/7.88.0"
159.89.133.235 - - [02/Mar/2026:05:33:39 +0000] "GET / HTTP/1.1" 200 23749 "-" "Mozilla/5.0 (Macintosh; Intel Mac OS X 10_15_7) AppleWebKit/537.36 (KHTML, like Gecko) Chrome/119.0.0.0 Safari/537.36"
10.0.0.42 - - [02/Mar/2026:05:36:26 +0000] "GET /api/v1/products HTTP/1.1" 200 2312 "-" "Mozilla/5.0 (iPhone; CPU iPhone OS 17_0 like Mac OS X) AppleWebKit/605.1.15 (KHTML, like Gecko) Version/17.0 Mobile/15E148 Safari/604.1"
45.33.32.156 - - [02/Mar/2026:05:43:47 +0000] "PUT /api/v1/users HTTP/1.1" 200 1398 "https://github.com/" "Mozilla/5.0 (Windows NT 10.0; Win64; x64) AppleWebKit/537.36 (KHTML, like Gecko) Edge/120.0.0.0 Safari/537.36"
162.243.168.50 - - [02/Mar/2026:05:44:07 +0000] "GET /static/css/main.css HTTP/1.1" 200 176153 "-" "Mozilla/5.0 (Macintosh; Intel Mac OS X 10_15_7) AppleWebKit/537.36 (KHTML, like Gecko) Chrome/119.0.0.0 Safari/537.36"
77.88.5.88 - - [02/Mar/2026:05:47:50 +0000] "GET /static/js/bundle.js HTTP/1.1" 404 175731 "https://twitter.com/" "Mozilla/5.0 (Windows NT 10.0; Win64; x64) AppleWebKit/537.36 (KHTML, like Gecko) Chrome/120.0.0.0 Safari/537.36"
192.168.1.55 - - [02/Mar/2026:05:51:19 +0000] "POST / HTTP/1.1" 200 10601 "-" "Mozilla/5.0 (Macintosh; Intel Mac OS X 10_15_7) AppleWebKit/537.36 (KHTML, like Gecko) Chrome/119.0.0.0 Safari/537.36"
10.0.0.42 - - [02/Mar/2026:05:55:23 +0000] "GET / HTTP/1.1" 200 2088 "https://www.google.com/search?q=logparser" "Mozilla/5.0 (Windows NT 10.0; Win64; x64) AppleWebKit/537.36 (KHTML, like Gecko) Edge/120.0.0.0 Safari/537.36"
2.56.56.12 - - [02/Mar/2026:05:59:03 +0000] "GET /api/v1/products HTTP/1.1" 200 2181 "-" "Mozilla/5.0 (Windows NT 10.0; Win64; x64) AppleWebKit/537.36 (KHTML, like Gecko) Chrome/120.0.0.0 Safari/537.36"
192.168.1.55 - - [02/Mar/2026:05:59:34 +0000] "GET /api/v1/users HTTP/1.1" 200 3050 "https://twitter.com/" "Mozilla/5.0 (Windows NT 10.0; Win64; x64) AppleWebKit/537.36 (KHTML, like Gecko) Chrome/120.0.0.0 Safari/537.36"
159.89.133.235 - - [02/Mar/2026:06:01:48 +0000] "GET /static/img/logo.png HTTP/1.1" 200 76886 "https://github.com/" "Mozilla/5.0 (X11; Linux x86_64; rv:120.0) Gecko/20100101 Firefox/120.0"
159.89.133.235 - - [02/Mar/2026:06:03:50 +0000] "POST /static/css/main.css HTTP/1.1" 500 115878 "https://github.com/" "Mozilla/5.0 (Windows NT 10.0; Win64; x64) AppleWebKit/537.36 (KHTML, like Gecko) Edge/120.0.0.0 Safari/537.36"
10.0.0.42 - - [02/Mar/2026:06:12:57 +0000] "GET / HTTP/1.1" 200 19817 "-" "Mozilla/5.0 (Windows NT 10.0; Win64; x64) AppleWebKit/537.36 (KHTML, like Gecko) Chrome/120.0.0.0 Safari/537.36"
91.108.4.74 - - [02/Mar/2026:06:22:05 +0000] "GET /robots.txt HTTP/1.1" 200 4490 "-" "Mozilla/5.0 (iPhone; CPU iPhone OS 17_0 like Mac OS X) AppleWebKit/605.1.15 (KHTML, like Gecko) Version/17.0 Mobile/15E148 Safari/604.1"
2.56.56.12 - - [02/Mar/2026:06:25:18 +0000] "POST / HTTP/1.1" 200 9559 "-" "Mozilla/5.0 (Macintosh; Intel Mac OS X 10_15_7) AppleWebKit/537.36 (KHTML, like Gecko) Chrome/119.0.0.0 Safari/537.36"
138.197.138.65 - - [02/Mar/2026:06:26:26 +0000] "GET /api/v1/health HTTP/1.1" 200 2912 "https://github.com/" "Mozilla/5.0 (X11; Linux x86_64; rv:120.0) Gecko/20100101 Firefox/120.0"
46.101.127.145 - - [02/Mar/2026:06:34:28 +0000] "GET /robots.txt HTTP/1.1" 304 0 "-" "Mozilla/5.0 (X11; Linux x86_64; rv:120.0) Gecko/20100101 Firefox/120.0"
162.243.168.50 - - [02/Mar/2026:06:34:57 +0000] "GET /api/v1/health HTTP/1.1" 200 2771 "-" "Mozilla/5.0 (Windows NT 10.0; Win64; x64) AppleWebKit/537.36 (KHTML, like Gecko) Edge/120.0.0.0 Safari/537.36"
203.0.113.7 - - [02/Mar/2026:06:35:34 +0000] "GET /static/img/logo.png HTTP/1.1" 200 42730 "-" "Mozilla/5.0 (X11; Linux x86_64; rv:120.0) Gecko/20100101 Firefox/120.0"
2.56.56.12 - - [02/Mar/2026:06:36:38 +0000] "GET /index.html HTTP/1.1" 301 0 "-" "Mozilla/5.0 (Windows NT 10.0; Win64; x64) AppleWebKit/537.36 (KHTML, like Gecko) Chrome/120.0.0.0 Safari/537.36"
2.56.56.12 - - [02/Mar/2026:06:40:26 +0000] "GET / HTTP/1.1" 304 0 "-" "Mozilla/5.0 (Windows NT 10.0; Win64; x64) AppleWebKit/537.36 (KHTML, like Gecko) Edge/120.0.0.0 Safari/537.36"
82.45.12.101 - - [02/Mar/2026:06:46:00 +0000] "GET /contact HTTP/1.1" 200 21838 "https://twitter.com/" "Mozilla/5.0 (Windows NT 10.0; Win64; x64) AppleWebKit/537.36 (KHTML, like Gecko) Chrome/120.0.0.0 Safari/537.36"
159.89.133.235 - - [02/Mar/2026:06:48:12 +0000] "GET /robots.txt HTTP/1.1" 200 6547 "https://news.ycombinator.com/" "Mozilla/5.0 (Windows NT 10.0; Win64; x64) AppleWebKit/537.36 (KHTML, like Gecko) Chrome/120.0.0.0 Safari/537.36"
46.101.127.145 - - [02/Mar/2026:06:49:32 +0000] "GET /api/v1/products HTTP/1.1" 304 0 "-" "Mozilla/5.0 (Windows NT 10.0; Win64; x64) AppleWebKit/537.36 (KHTML, like Gecko) Edge/120.0.0.0 Safari/537.36"
91.108.4.74 - - [02/Mar/2026:06:51:52 +0000] "GET /logout HTTP/1.1" 301 0 "https://twitter.com/" "Mozilla/5.0 (Windows NT 10.0; Win64; x64) AppleWebKit/537.36 (KHTML, like Gecko) Chrome/120.0.0.0 Safari/537.36"
138.197.138.65 - - [02/Mar/2026:06:55:11 +0000] "GET /static/css/main.css HTTP/1.1" 200 79499 "https://twitter.com/" "Mozilla/5.0 (Windows NT 10.0; Win64; x64) AppleWebKit/537.36 (KHTML, like Gecko) Edge/120.0.0.0 Safari/537.36"
45.33.32.156 - - [02/Mar/2026:06:57:11 +0000] "GET /api/v1/orders HTTP/1.1" 200 5657 "https://news.ycombinator.com/" "Mozilla/5.0 (Windows NT 10.0; Win64; x64) AppleWebKit/537.36 (KHTML, like Gecko) Chrome/120.0.0.0 Safari/537.36"
46.101.127.145 - - [02/Mar/2026:06:58:39 +0000] "GET / HTTP/1.1" 200 12091 "https://twitter.com/" "Mozilla/5.0 (Macintosh; Intel Mac OS X 10_15_7) AppleWebKit/537.36 (KHTML, like Gecko) Chrome/119.0.0.0 Safari/537.36"
91.108.4.74 - - [02/Mar/2026:07:07:55 +0000] "GET /api/v1/users HTTP/1.1" 200 1484 "-" "Mozilla/5.0 (Windows NT 10.0; Win64; x64) AppleWebKit/537.36 (KHTML, like Gecko) Chrome/120.0.0.0 Safari/537.36"
157.55.39.250 - - [02/Mar/2026:07:09:22 +0000] "GET / HTTP/1.1" 304 0 "https://twitter.com/" "curl/7.88.0"
162.243.168.50 - - [02/Mar/2026:07:11:12 +0000] "GET /api/v1/users HTTP/1.1" 301 0 "-" "Mozilla/5.0 (X11; Linux x86_64; rv:120.0) Gecko/20100101 Firefox/120.0"
198.51.100.23 - - [02/Mar/2026:07:16:18 +0000] "GET /api/v1/users HTTP/1.1" 304 0 "-" "Mozilla/5.0 (X11; Linux x86_64; rv:120.0) Gecko/20100101 Firefox/120.0"
185.220.101.5 - - [02/Mar/2026:07:31:34 +0000] "GET /static/css/main.css HTTP/1.1" 200 141043 "https://news.ycombinator.com/" "Mozilla/5.0 (Windows NT 10.0; Win64; x64) AppleWebKit/537.36 (KHTML, like Gecko) Chrome/120.0.0.0 Safari/537.36"
138.197.138.65 - - [02/Mar/2026:07:32:47 +0000] "GET /api/v1/health HTTP/1.1" 200 5192 "-" "Mozilla/5.0 (Windows NT 10.0; Win64; x64) AppleWebKit/537.36 (KHTML, like Gecko) Edge/120.0.0.0 Safari/537.36"
178.62.52.236 - - [02/Mar/2026:07:33:40 +0000] "GET /api/v1/orders HTTP/1.1" 200 4369 "-" "Mozilla/5.0 (X11; Linux x86_64; rv:120.0) Gecko/20100101 Firefox/120.0"
138.197.138.65 - - [02/Mar/2026:07:44:53 +0000] "POST /dashboard HTTP/1.1" 200 24811 "https://news.ycombinator.com/" "Mozilla/5.0 (Windows NT 10.0; Win64; x64) AppleWebKit/537.36 (KHTML, like Gecko) Edge/120.0.0.0 Safari/537.36"
82.45.12.101 - - [02/Mar/2026:07:45:00 +0000] "POST / HTTP/1.1" 200 11596 "-" "Mozilla/5.0 (X11; Linux x86_64; rv:120.0) Gecko/20100101 Firefox/120.0"
77.88.5.88 - - [02/Mar/2026:07:45:33 +0000] "GET /login HTTP/1.1" 200 11455 "https://github.com/" "Mozilla/5.0 (X11; Linux x86_64; rv:120.0) Gecko/20100101 Firefox/120.0"
77.88.5.88 - - [02/Mar/2026:07:48:35 +0000] "GET /static/img/logo.png HTTP/1.1" 200 57625 "-" "Mozilla/5.0 (iPhone; CPU iPhone OS 17_0 like Mac OS X) AppleWebKit/605.1.15 (KHTML, like Gecko) Version/17.0 Mobile/15E148 Safari/604.1"
46.101.127.145 - - [02/Mar/2026:07:51:11 +0000] "GET /dashboard HTTP/1.1" 200 20163 "https://news.ycombinator.com/" "Mozilla/5.0 (Windows NT 10.0; Win64; x64) AppleWebKit/537.36 (KHTML, like Gecko) Chrome/120.0.0.0 Safari/537.36"
77.88.5.88 - - [02/Mar/2026:07:51:39 +0000] "GET /static/img/logo.png HTTP/1.1" 200 30198 "-" "Mozilla/5.0 (iPhone; CPU iPhone OS 17_0 like Mac OS X) AppleWebKit/605.1.15 (KHTML, like Gecko) Version/17.0 Mobile/15E148 Safari/604.1"
198.51.100.23 - - [02/Mar/2026:07:52:10 +0000] "GET /static/img/logo.png HTTP/1.1" 404 129612 "https://news.ycombinator.com/" "Mozilla/5.0 (Macintosh; Intel Mac OS X 10_15_7) AppleWebKit/537.36 (KHTML, like Gecko) Chrome/119.0.0.0 Safari/537.36"
82.45.12.101 - - [02/Mar/2026:07:58:13 +0000] "GET /static/css/main.css HTTP/1.1" 200 78874 "https://github.com/" "Mozilla/5.0 (Windows NT 10.0; Win64; x64) AppleWebKit/537.36 (KHTML, like Gecko) Chrome/120.0.0.0 Safari/537.36"
198.51.100.23 - - [02/Mar/2026:07:59:48 +0000] "GET /api/v1/health HTTP/1.1" 200 488 "https://www.google.com/search?q=logparser" "Mozilla/5.0 (Windows NT 10.0; Win64; x64) AppleWebKit/537.36 (KHTML, like Gecko) Edge/120.0.0.0 Safari/537.36"
82.45.12.101 - - [02/Mar/2026:08:01:22 +0000] "GET /static/css/main.css HTTP/1.1" 301 0 "https://twitter.com/" "Mozilla/5.0 (iPhone; CPU iPhone OS 17_0 like Mac OS X) AppleWebKit/605.1.15 (KHTML, like Gecko) Version/17.0 Mobile/15E148 Safari/604.1"
10.0.0.42 - - [02/Mar/2026:08:10:56 +0000] "GET /api/v1/products HTTP/1.1" 404 295 "-" "Mozilla/5.0 (Windows NT 10.0; Win64; x64) AppleWebKit/537.36 (KHTML, like Gecko) Edge/120.0.0.0 Safari/537.36"
66.249.66.2 - - [02/Mar/2026:08:14:44 +0000] "GET /contact HTTP/1.1" 301 0 "https://www.google.com/search?q=logparser" "Mozilla/5.0 (compatible; Googlebot/2.1; +http://www.google.com/bot.html)"
10.0.0.42 - - [02/Mar/2026:08:17:02 +0000] "GET /favicon.ico HTTP/1.1" 200 9310 "-" "Mozilla/5.0 (iPhone; CPU iPhone OS 17_0 like Mac OS X) AppleWebKit/605.1.15 (KHTML, like Gecko) Version/17.0 Mobile/15E148 Safari/604.1"
159.89.133.235 - - [02/Mar/2026:08:19:22 +0000] "GET /login HTTP/1.1" 200 23565 "-" "Mozilla/5.0 (Macintosh; Intel Mac OS X 10_15_7) AppleWebKit/537.36 (KHTML, like Gecko) Chrome/119.0.0.0 Safari/537.36"
198.51.100.23 - - [02/Mar/2026:08:26:44 +0000] "GET /static/css/main.css HTTP/1.1" 304 0 "https://www.google.com/search?q=logparser" "Mozilla/5.0 (X11; Linux x86_64; rv:120.0) Gecko/20100101 Firefox/120.0"
192.168.1.55 - - [02/Mar/2026:08:27:42 +0000] "GET /api/v1/products HTTP/1.1" 200 804 "https://news.ycombinator.com/" "Mozilla/5.0 (Windows NT 10.0; Win64; x64) AppleWebKit/537.36 (KHTML, like Gecko) Chrome/120.0.0.0 Safari/537.36"
10.0.0.42 - - [02/Mar/2026:08:33:40 +0000] "GET /favicon.ico HTTP/1.1" 404 1052 "https://twitter.com/" "Mozilla/5.0 (X11; Linux x86_64; rv:120.0) Gecko/20100101 Firefox/120.0"
159.89.133.235 - - [02/Mar/2026:08:36:30 +0000] "GET /static/css/main.css HTTP/1.1" 302 0 "https://twitter.com/" "Mozilla/5.0 (X11; Linux x86_64; rv:120.0) Gecko/20100101 Firefox/120.0"
185.220.101.5 - - [02/Mar/2026:08:45:43 +0000] "GET /api/v1/health HTTP/1.1" 404 7928 "-" "Mozilla/5.0 (iPhone; CPU iPhone OS 17_0 like Mac OS X) AppleWebKit/605.1.15 (KHTML, like Gecko) Version/17.0 Mobile/15E148 Safari/604.1"
138.197.138.65 - - [02/Mar/2026:08:48:19 +0000] "GET / HTTP/1.1" 304 0 "https://news.ycombinator.com/" "Mozilla/5.0 (Windows NT 10.0; Win64; x64) AppleWebKit/537.36 (KHTML, like Gecko) Edge/120.0.0.0 Safari/537.36"
46.101.127.145 - - [02/Mar/2026:08:51:10 +0000] "GET /login HTTP/1.1" 200 1300 "-" "Mozilla/5.0 (Macintosh; Intel Mac OS X 10_15_7) AppleWebKit/537.36 (KHTML, like Gecko) Chrome/119.0.0.0 Safari/537.36"
185.220.101.5 - - [02/Mar/2026:08:52:47 +0000] "GET /api/v1/health HTTP/1.1" 200 2045 "https://twitter.com/" "Mozilla/5.0 (Windows NT 10.0; Win64; x64) AppleWebKit/537.36 (KHTML, like Gecko) Edge/120.0.0.0 Safari/537.36"
45.33.32.156 - - [02/Mar/2026:08:53:43 +0000] "GET /login HTTP/1.1" 304 0 "-" "Mozilla/5.0 (iPhone; CPU iPhone OS 17_0 like Mac OS X) AppleWebKit/605.1.15 (KHTML, like Gecko) Version/17.0 Mobile/15E148 Safari/604.1"
198.51.100.23 - - [02/Mar/2026:09:03:42 +0000] "GET /static/css/main.css HTTP/1.1" 200 161213 "https://twitter.com/" "Mozilla/5.0 (Macintosh; Intel Mac OS X 10_15_7) AppleWebKit/537.36 (KHTML, like Gecko) Chrome/119.0.0.0 Safari/537.36"
77.88.5.88 - - [02/Mar/2026:09:04:41 +0000] "GET /static/css/main.css HTTP/1.1" 304 0 "-" "Mozilla/5.0 (X11; Linux x86_64; rv:120.0) Gecko/20100101 Firefox/120.0"
91.108.4.74 - - [02/Mar/2026:09:14:34 +0000] "GET /contact HTTP/1.1" 304 0 "-" "Mozilla/5.0 (Windows NT 10.0; Win64; x64) AppleWebKit/537.36 (KHTML, like Gecko) Edge/120.0.0.0 Safari/537.36"
46.101.127.145 - - [02/Mar/2026:09:23:30 +0000] "GET /static/css/main.css HTTP/1.1" 200 28020 "https://www.google.com/search?q=logparser" "Mozilla/5.0 (X11; Linux x86_64; rv:120.0) Gecko/20100101 Firefox/120.0"
82.45.12.101 - - [02/Mar/2026:09:26:35 +0000] "GET /api/v1/health HTTP/1.1" 301 0 "-" "Mozilla/5.0 (Windows NT 10.0; Win64; x64) AppleWebKit/537.36 (KHTML, like Gecko) Edge/120.0.0.0 Safari/537.36"
178.62.52.236 - - [02/Mar/2026:09:31:27 +0000] "GET /static/img/logo.png HTTP/1.1" 200 160588 "https://www.google.com/search?q=logparser" "Mozilla/5.0 (Macintosh; Intel Mac OS X 10_15_7) AppleWebKit/537.36 (KHTML, like Gecko) Chrome/119.0.0.0 Safari/537.36"
10.0.0.42 - - [02/Mar/2026:09:32:42 +0000] "PUT /dashboard HTTP/1.1" 200 13566 "-" "Mozilla/5.0 (Macintosh; Intel Mac OS X 10_15_7) AppleWebKit/537.36 (KHTML, like Gecko) Chrome/119.0.0.0 Safari/537.36"
159.89.133.235 - - [02/Mar/2026:09:36:48 +0000] "GET /static/img/logo.png HTTP/1.1" 200 197364 "https://github.com/" "Mozilla/5.0 (Windows NT 10.0; Win64; x64) AppleWebKit/537.36 (KHTML, like Gecko) Chrome/120.0.0.0 Safari/537.36"
157.55.39.250 - - [02/Mar/2026:09:40:07 +0000] "POST /static/css/main.css HTTP/1.1" 404 51789 "-" "Mozilla/5.0 (compatible; bingbot/2.0; +http://www.bing.com/bingbot.htm)"
2.56.56.12 - - [02/Mar/2026:09:41:53 +0000] "GET /static/js/bundle.js HTTP/1.1" 500 175759 "-" "Mozilla/5.0 (Windows NT 10.0; Win64; x64) AppleWebKit/537.36 (KHTML, like Gecko) Chrome/120.0.0.0 Safari/537.36"
192.168.1.55 - - [02/Mar/2026:09:45:29 +0000] "GET /contact HTTP/1.1" 200 11916 "https://twitter.com/" "Mozilla/5.0 (Windows NT 10.0; Win64; x64) AppleWebKit/537.36 (KHTML, like Gecko) Chrome/120.0.0.0 Safari/537.36"
192.168.1.55 - - [02/Mar/2026:09:49:40 +0000] "GET /static/css/main.css HTTP/1.1" 200 18561 "-" "Mozilla/5.0 (Windows NT 10.0; Win64; x64) AppleWebKit/537.36 (KHTML, like Gecko) Edge/120.0.0.0 Safari/537.36"
185.220.101.5 - - [02/Mar/2026:09:50:01 +0000] "GET /static/js/bundle.js HTTP/1.1" 301 0 "-" "Mozilla/5.0 (iPhone; CPU iPhone OS 17_0 like Mac OS X) AppleWebKit/605.1.15 (KHTML, like Gecko) Version/17.0 Mobile/15E148 Safari/604.1"
82.45.12.101 - - [02/Mar/2026:09:53:36 +0000] "GET / HTTP/1.1" 200 6255 "https://news.ycombinator.com/" "Mozilla/5.0 (Windows NT 10.0; Win64; x64) AppleWebKit/537.36 (KHTML, like Gecko) Chrome/120.0.0.0 Safari/537.36"
138.197.138.65 - - [02/Mar/2026:09:57:26 +0000] "POST /api/v1/health HTTP/1.1" 200 2392 "https://twitter.com/" "Mozilla/5.0 (Windows NT 10.0; Win64; x64) AppleWebKit/537.36 (KHTML, like Gecko) Edge/120.0.0.0 Safari/537.36"
198.51.100.23 - - [02/Mar/2026:10:00:01 +0000] "GET /robots.txt HTTP/1.1" 200 23991 "-" "Mozilla/5.0 (X11; Linux x86_64; rv:120.0) Gecko/20100101 Firefox/120.0"
91.108.4.74 - - [02/Mar/2026:10:16:44 +0000] "GET /static/img/logo.png HTTP/1.1" 200 189625 "https://www.google.com/search?q=logparser" "Mozilla/5.0 (Macintosh; Intel Mac OS X 10_15_7) AppleWebKit/537.36 (KHTML, like Gecko) Chrome/119.0.0.0 Safari/537.36"
203.0.113.7 - - [02/Mar/2026:10:19:29 +0000] "GET /static/js/bundle.js HTTP/1.1" 200 8707 "https://github.com/" "Mozilla/5.0 (iPhone; CPU iPhone OS 17_0 like Mac OS X) AppleWebKit/605.1.15 (KHTML, like Gecko) Version/17.0 Mobile/15E148 Safari/604.1"
159.89.133.235 - - [02/Mar/2026:10:21:32 +0000] "GET /logout HTTP/1.1" 200 21919 "https://github.com/" "Mozilla/5.0 (Windows NT 10.0; Win64; x64) AppleWebKit/537.36 (KHTML, like Gecko) Chrome/120.0.0.0 Safari/537.36"
178.62.52.236 - - [02/Mar/2026:10:26:45 +0000] "GET /favicon.ico HTTP/1.1" 304 0 "-" "Mozilla/5.0 (Windows NT 10.0; Win64; x64) AppleWebKit/537.36 (KHTML, like Gecko) Chrome/120.0.0.0 Safari/537.36"
