162.243.168.50 - - [04/Mar/2026:14:00:47 +0000] "GET /static/js/bundle.js HTTP/1.1" 403 151852 "https://github.com/" "Mozilla/5.0 (X11; Linux x86_64; rv:120.0) Gecko/20100101 Firefox/120.0"
185.220.101.5 - - [04/Mar/2026:14:06:14 +0000] "GET /robots.txt HTTP/1.1" 200 10652 "-" "Mozilla/5.0 (X11; Linux x86_64; rv:120.0) Gecko/20100101 Firefox/120.0"
185.220.101.5 - - [04/Mar/2026:14:17:36 +0000] "GET / HTTP/1.1" 200 3787 "-" "Mozilla/5.0 (X11; Linux x86_64; rv:120.0) Gecko/20100101 Firefox/120.0"
192.168.1.55 - - [04/Mar/2026:14:24:51 +0000] "GET /static/js/bundle.js HTTP/1.1" 200 15945 "-" "Mozilla/5.0 (Macintosh; Intel Mac OS X 10_15_7) AppleWebKit/537.36 (KHTML, like Gecko) Chrome/119.0.0.0 Safari/537.36"
138.197.138.65 - - [04/Mar/2026:14:29:06 +0000] "GET /api/v1/users HTTP/1.1" 200 4619 "https://news.ycombinator.com/" "Mozilla/5.0 (X11; Linux x86_64; rv:120.0) Gecko/20100101 Firefox/120.0"
82.45.12.101 - - [04/Mar/2026:14:31:35 +0000] "GET /login HTTP/1.1" 200 8731 "https://www.google.com/search?q=logparser" "Mozilla/5.0 (Macintosh; Intel Mac OS X 10_15_7) AppleWebKit/537.36 (KHTML, like Gecko) Chrome/119.0.0.0 Safari/537.36"
159.89.133.235 - - [04/Mar/2026:14:34:53 +0000] "GET /static/css/main.css HTTP/1.1" 200 20511 "-" "Mozilla/5.0 (Windows NT 10.0; Win64; x64) AppleWebKit/537.36 (KHTML, like Gecko) Chrome/120.0.0.0 Safari/537.36"
162.243.168.50 - - [04/Mar/2026:14:41:17 +0000] "GET /about HTTP/1.1" 200 22536 "-" "Mozilla/5.0 (Windows NT 10.0; Win64; x64) AppleWebKit/537.36 (KHTML, like Gecko) Edge/120.0.0.0 Safari/537.36"
178.62.52.236 - - [04/Mar/2026:14:51:04 +0000] "GET / HTTP/1.1" 200 9383 "-" "Mozilla/5.0 (Macintosh; Intel Mac OS X 10_15_7) AppleWebKit/537.36 (KHTML, like Gecko) Chrome/119.0.0.0 Safari/537.36"
91.108.4.74 - - [04/Mar/2026:14:52:58 +0000] "GET /api/v1/orders HTTP/1.1" 301 0 "https://news.ycombinator.com/" "Mozilla/5.0 (Windows NT 10.0; Win64; x64) AppleWebKit/537.36 (KHTML, like Gecko) Edge/120.0.0.0 Safari/537.36"
77.88.5.88 - - [04/Mar/2026:14:56:38 +0000] "GET /logout HTTP/1.1" 200 17937 "-" "Mozilla/5.0 (X11; Linux x86_64; rv:120.0) Gecko/20100101 Firefox/120.0"
203.0.113.7 - - [04/Mar/2026:14:57:27 +0000] "GET /static/img/logo.png HTTP/1.1" 301 0 "https://twitter.com/" "Mozilla/5.0 (Macintosh; Intel Mac OS X 10_15_7) AppleWebKit/537.36 (KHTML, like Gecko) Chrome/119.0.0.0 Safari/537.36"
82.45.12.101 - - [04/Mar/2026:14:59:53 +0000] "GET /favicon.ico HTTP/1.1" 200 4484 "-" "Mozilla/5.0 (X11; Linux x86_64; rv:120.0) Gecko/20100101 Firefox/120.0"
159.89.133.235 - - [04/Mar/2026:15:00:17 +0000] "GET /static/css/main.css HTTP/1.1" 200 166286 "-" "Mozilla/5.0 (X11; Linux x86_64; rv:120.0) Gecko/20100101 Firefox/120.0"
159.89.133.235 - - [04/Mar/2026:15:00:57 +0000] "DELETE / HTTP/1.1" 200 5596 "-" "Mozilla/5.0 (Windows NT 10.0; Win64; x64) AppleWebKit/537.36 (KHTML, like Gecko) Edge/120.0.0.0 Safari/537.36"
198.51.100.23 - - [04/Mar/2026:15:01:30 +0000] "GET /api/v1/health HTTP/1.1" 200 3051 "-" "Mozilla/5.0 (Windows NT 10.0; Win64; x64) AppleWebKit/537.36 (KHTML, like Gecko) Chrome/120.0.0.0 Safari/537.36"
138.197.138.65 - - [04/Mar/2026:15:01:33 +0000] "POST / HTTP/1.1" 403 17248 "https://github.com/" "Mozilla/5.0 (iPhone; CPU iPhone OS 17_0 like Mac OS X) AppleWebKit/605.1.15 (KHTML, like Gecko) Version/17.0 Mobile/15E148 Safari/604.1"
192.168.1.55 - - [04/Mar/2026:15:02:05 +0000] "GET /index.html HTTP/1.1" 200 21951 "https://news.ycombinator.com/" "Mozilla/5.0 (Windows NT 10.0; Win64; x64) AppleWebKit/537.36 (KHTML, like Gecko) Edge/120.0.0.0 Safari/537.36"
159.89.133.235 - - [04/Mar/2026:15:05:16 +0000] "GET /about HTTP/1.1" 200 21046 "https://www.google.com/search?q=logparser" "Mozilla/5.0 (Macintosh; Intel Mac OS X 10_15_7) AppleWebKit/537.36 (KHTML, like Gecko) Chrome/119.0.0.0 Safari/537.36"
46.101.127.145 - - [04/Mar/2026:15:08:53 +0000] "GET /favicon.ico HTTP/1.1" 200 2510 "-" "Mozilla/5.0 (iPhone; CPU iPhone OS 17_0 like Mac OS X) AppleWebKit/605.1.15 (KHTML, like Gecko) Version/17.0 Mobile/15E148 Safari/604.1"
162.243.168.50 - - [04/Mar/2026:15:13:11 +0000] "GET /favicon.ico HTTP/1.1" 200 5816 "-" "Mozilla/5.0 (Windows NT 10.0; Win64; x64) AppleWebKit/537.36 (KHTML, like Gecko) Edge/120.0.0.0 Safari/537.36"
138.197.138.65 - - [04/Mar/2026:15:26:39 +0000] "GET /api/v1/users HTTP/1.1" 200 927 "https://www.google.com/search?q=logparser" "Mozilla/5.0 (X11; Linux x86_64; rv:120.0) Gecko/20100101 Firefox/120.0"
82.45.12.101 - - [04/Mar/2026:15:29:07 +0000] "GET /api/v1/health HTTP/1.1" 200 5384 "https://www.google.com/search?q=logparser" "Mozilla/5.0 (Windows NT 10.0; Win64; x64) AppleWebKit/537.36 (KHTML, like Gecko) Chrome/120.0.0.0 Safari/537.36"
91.108.4.74 - - [04/Mar/2026:15:31:54 +0000] "GET /dashboard HTTP/1.1" 200 1129 "-" "Mozilla/5.0 (Macintosh; Intel Mac OS X 10_15_7) AppleWebKit/537.36 (KHTML, like Gecko) Chrome/119.0.0.0 Safari/537.36"
2.56.56.12 - - [04/Mar/2026:15:35:39 +0000] "GET /contact HTTP/1.1" 404 9982 "https://www.google.com/search?q=logparser" "Mozilla/5.0 (Macintosh; Intel Mac OS X 10_15_7) AppleWebKit/537.36 (KHTML, like Gecko) Chrome/119.0.0.0 Safari/537.36"
40.77.167.188 - - [04/Mar/2026:15:38:27 +0000] "GET /static/css/main.css HTTP/1.1" 200 138795 "https://twitter.com/" "python-requests/2.31.0"
10.0.0.42 - - [04/Mar/2026:15:38:47 +0000] "GET /robots.txt HTTP/1.1" 200 15571 "https://github.com/" "Mozilla/5.0 (Windows NT 10.0; Win64; x64) AppleWebKit/537.36 (KHTML, like Gecko) Edge/120.0.0.0 Safari/537.36"
10.0.0.42 - - [04/Mar/2026:15:44:51 +0000] "PUT /static/img/logo.png HTTP/1.1" 404 55002 "https://twitter.com/" "Mozilla/5.0 (Windows NT 10.0; Win64; x64) AppleWebKit/537.36 (KHTML, like Gecko) Chrome/120.0.0.0 Safari/537.36"
178.62.52.236 - - [04/Mar/2026:15:45:23 +0000] "GET /index.html HTTP/1.1" 200 24397 "https://twitter.com/" "Mozilla/5.0 (iPhone; CPU iPhone OS 17_0 like Mac OS X) AppleWebKit/605.1.15 (KHTML, like Gecko) Version/17.0 Mobile/15E148 Safari/604.1"
178.62.52.236 - - [04/Mar/2026:15:45:34 +0000] "GET / HTTP/1.1" 200 1006 "-" "Mozilla/5.0 (Windows NT 10.0; Win64; x64) AppleWebKit/537.36 (KHTML, like Gecko) Chrome/120.0.0.0 Safari/537.36"
185.220.101.5 - - [04/Mar/2026:15:47:24 +0000] "GET /api/v1/products HTTP/1.1" 200 6689 "-" "Mozilla/5.0 (Macintosh; Intel Mac OS X 10_15_7) AppleWebKit/537.36 (KHTML, like Gecko) Chrome/119.0.0.0 Safari/537.36"
198.51.100.23 - - [04/Mar/2026:15:55:34 +0000] "PUT /static/js/bundle.js HTTP/1.1" 200 70892 "https://news.ycombinator.com/" "Mozilla/5.0 (iPhone; CPU iPhone OS 17_0 like Mac OS X) AppleWebKit/605.1.15 (KHTML, like Gecko) Version/17.0 Mobile/15E148 Safari/604.1"
46.101.127.145 - - [04/Mar/2026:16:00:06 +0000] "GET /api/v1/products HTTP/1.1" 200 2822 "-" "Mozilla/5.0 (Macintosh; Intel Mac OS X 10_15_7) AppleWebKit/537.36 (KHTML, like Gecko) Chrome/119.0.0.0 Safari/537.36"
82.45.12.101 - - [04/Mar/2026:16:08:51 +0000] "GET /api/v1/health HTTP/1.1" 304 0 "https://www.google.com/search?q=logparser" "Mozilla/5.0 (Windows NT 10.0; Win64; x64) AppleWebKit/537.36 (KHTML, like Gecko) Edge/120.0.0.0 Safari/537.36"
178.62.52.236 - - [04/Mar/2026:16:11:57 +0000] "GET /api/v1/users HTTP/1.1" 500 7161 "https://news.ycombinator.com/" "Mozilla/5.0 (Windows NT 10.0; Win64; x64) AppleWebKit/537.36 (KHTML, like Gecko) Edge/120.0.0.0 Safari/537.36"
159.89.133.235 - - [04/Mar/2026:16:25:47 +0000] "POST /api/v1/products HTTP/1.1" 200 3914 "https://news.ycombinator.com/" "Mozilla/5.0 (Windows NT 10.0; Win64; x64) AppleWebKit/537.36 (KHTML, like Gecko) Edge/120.0.0.0 Safari/537.36"
45.33.32.156 - - [04/Mar/2026:16:31:37 +0000] "GET /static/css/main.css HTTP/1.1" 200 116473 "https://www.google.com/search?q=logparser" "Mozilla/5.0 (Windows NT 10.0; Win64; x64) AppleWebKit/537.36 (KHTML, like Gecko) Edge/120.0.0.0 Safari/537.36"
10.0.0.42 - - [04/Mar/2026:16:33:43 +0000] "GET /robots.txt HTTP/1.1" 200 16048 "https://news.ycombinator.com/" "Mozilla/5.0 (Windows NT 10.0; Win64; x64) AppleWebKit/537.36 (KHTML, like Gecko) Edge/120.0.0.0 Safari/537.36"
2.56.56.12 - - [04/Mar/2026:16:56:36 +0000] "GET /login HTTP/1.1" 200 11636 "https://news.ycombinator.com/" "Mozilla/5.0 (iPhone; CPU iPhone OS 17_0 like Mac OS X) AppleWebKit/605.1.15 (KHTML, like Gecko) Version/17.0 Mobile/15E148 Safari/604.1"
46.101.127.145 - - [04/Mar/2026:17:05:16 +0000] "GET /index.html HTTP/1.1" 200 3841 "-" "Mozilla/5.0 (Windows NT 10.0; Win64; x64) AppleWebKit/537.36 (KHTML, like Gecko) Edge/120.0.0.0 Safari/537.36"
66.249.66.2 - - [04/Mar/2026:17:12:36 +0000] "GET /static/css/main.css HTTP/1.1" 200 31062 "https://twitter.com/" "Mozilla/5.0 (compatible; YandexBot/3.0; +http://yandex.com/bots)"
77.88.5.88 - - [04/Mar/2026:17:16:37 +0000] "GET /static/js/bundle.js HTTP/1.1" 200 6168 "-" "Mozilla/5.0 (X11; Linux x86_64; rv:120.0) Gecko/20100101 Firefox/120.0"
185.220.101.5 - - [04/Mar/2026:17:23:39 +0000] "GET / HTTP/1.1" 200 10894 "-" "Mozilla/5.0 (iPhone; CPU iPhone OS 17_0 like Mac OS X) AppleWebKit/605.1.15 (KHTML, like Gecko) Version/17.0 Mobile/15E148 Safari/604.1"
138.197.138.65 - - [04/Mar/2026:17:29:23 +0000] "GET /api/v1/users HTTP/1.1" 200 3597 "-" "Mozilla/5.0 (Macintosh; Intel Mac OS X 10_15_7) AppleWebKit/537.36 (KHTML, like Gecko) Chrome/119.0.0.0 Safari/537.36"
157.55.39.250 - - [04/Mar/2026:17:32:59 +0000] "GET /robots.txt HTTP/1.1" 301 0 "-" "Mozilla/5.0 (compatible; YandexBot/3.0; +http://yandex.com/bots)"
91.108.4.74 - - [04/Mar/2026:17:34:07 +0000] "GET / HTTP/1.1" 200 2680 "https://twitter.com/" "Mozilla/5.0 (Windows NT 10.0; Win64; x64) AppleWebKit/537.36 (KHTML, like Gecko) Chrome/120.0.0.0 Safari/537.36"
185.220.101.5 - - [04/Mar/2026:17:35:46 +0000] "GET /static/css/main.css HTTP/1.1" 200 163662 "-" "Mozilla/5.0 (Windows NT 10.0; Win64; x64) AppleWebKit/537.36 (KHTML, like Gecko) Edge/120.0.0.0 Safari/537.36"
91.108.4.74 - - [04/Mar/2026:17:37:31 +0000] "GET /static/css/main.css HTTP/1.1" 200 69698 "https://www.google.com/search?q=logparser" "Mozilla/5.0 (Windows NT 10.0; Win64; x64) AppleWebKit/537.36 (KHTML, like Gecko) Edge/120.0.0.0 Safari/537.36"
138.197.138.65 - - [04/Mar/2026:17:39:48 +0000] "GET /static/img/logo.png HTTP/1.1" 302 0 "-" "Mozilla/5.0 (Windows NT 10.0; Win64; x64) AppleWebKit/537.36 (KHTML, like Gecko) Edge/120.0.0.0 Safari/537.36"
77.88.5.88 - - [04/Mar/2026:17:54:45 +0000] "GET /static/img/logo.png HTTP/1.1" 200 134771 "-" "Mozilla/5.0 (X11; Linux x86_64; rv:120.0) Gecko/20100101 Firefox/120.0"
45.33.32.156 - - [04/Mar/2026:17:56:11 +0000] "POST / HTTP/1.1" 200 11719 "https://news.ycombinator.com/" "Mozilla/5.0 (iPhone; CPU iPhone OS 17_0 like Mac OS X) AppleWebKit/605.1.15 (KHTML, like Gecko) Version/17.0 Mobile/15E148 Safari/604.1"
10.0.0.42 - - [04/Mar/2026:17:59:39 +0000] "GET /api/v1/products HTTP/1.1" 200 686 "https://news.ycombinator.com/" "Mozilla/5.0 (Macintosh; Intel Mac OS X 10_15_7) AppleWebKit/537.36 (KHTML, like Gecko) Chrome/119.0.0.0 Safari/537.36"
162.243.168.50 - - [04/Mar/2026:17:59:42 +0000] "POST /static/img/logo.png HTTP/1.1" 200 124069 "-" "Mozilla/5.0 (Windows NT 10.0; Win64; x64) AppleWebKit/537.36 (KHTML, like Gecko) Chrome/120.0.0.0 Safari/537.36"
159.89.133.235 - - [04/Mar/2026:18:07:04 +0000] "GET / HTTP/1.1" 200 20016 "https://twitter.com/" "Mozilla/5.0 (Windows NT 10.0; Win64; x64) AppleWebKit/537.36 (KHTML, like Gecko) Edge/120.0.0.0 Safari/537.36"
82.45.12.101 - - [04/Mar/2026:18:09:07 +0000] "GET /api/v1/orders HTTP/1.1" 200 7133 "-" "Mozilla/5.0 (Macintosh; Intel Mac OS X 10_15_7) AppleWebKit/537.36 (KHTML, like Gecko) Chrome/119.0.0.0 Safari/537.36"
45.33.32.156 - - [04/Mar/2026:18:12:19 +0000] "POST /static/js/bundle.js HTTP/1.1" 200 56246 "https://news.ycombinator.com/" "Mozilla/5.0 (Windows NT 10.0; Win64; x64) AppleWebKit/537.36 (KHTML, like Gecko) Chrome/120.0.0.0 Safari/537.36"
2.56.56.12 - - [04/Mar/2026:18:16:00 +0000] "GET / HTTP/1.1" 200 10795 "-" "Mozilla/5.0 (iPhone; CPU iPhone OS 17_0 like Mac OS X) AppleWebKit/605.1.15 (KHTML, like Gecko) Version/17.0 Mobile/15E148 Safari/604.1"
162.243.168.50 - - [04/Mar/2026:18:17:48 +0000] "POST /favicon.ico HTTP/1.1" 200 23835 "-" "Mozilla/5.0 (Windows NT 10.0; Win64; x64) AppleWebKit/537.36 (KHTML, like Gecko) Edge/120.0.0.0 Safari/537.36"
138.197.138.65 - - [04/Mar/2026:18:21:25 +0000] "GET /about HTTP/1.1" 302 0 "-" "Mozilla/5.0 (iPhone; CPU iPhone OS 17_0 like Mac OS X) AppleWebKit/605.1.15 (KHTML, like Gecko) Version/17.0 Mobile/15E148 Safari/604.1"
198.51.100.23 - - [04/Mar/2026:18:23:27 +0000] "GET /sitemap.xml HTTP/1.1" 301 0 "https://www.google.com/search?q=logparser" "Mozilla/5.0 (X11; Linux x86_64; rv:120.0) Gecko/20100101 Firefox/120.0"
157.55.39.250 - - [04/Mar/2026:18:24:11 +0000] "GET /static/js/bundle.js HTTP/1.1" 404 30646 "https://github.com/" "Mozilla/5.0 (compatible; bingbot/2.0; +http://www.bing.com/bingbot.htm)"
159.89.133.235 - - [04/Mar/2026:18:24:58 +0000] "GET /robots.txt HTTP/1.1" 200 7319 "https://news.ycombinator.com/" "Mozilla/5.0 (X11; Linux x86_64; rv:120.0) Gecko/20100101 Firefox/120.0"
77.88.5.88 - - [04/Mar/2026:18:24:58 +0000] "GET /static/img/logo.png HTTP/1.1" 304 0 "-" "Mozilla/5.0 (Windows NT 10.0; Win64; x64) AppleWebKit/537.36 (KHTML, like Gecko) Chrome/120.0.0.0 Safari/537.36"
77.88.5.88 - - [04/Mar/2026:18:27:17 +0000] "GET /static/css/main.css HTTP/1.1" 200 53552 "https://news.ycombinator.com/" "Mozilla/5.0 (Windows NT 10.0; Win64; x64) AppleWebKit/537.36 (KHTML, like Gecko) Edge/120.0.0.0 Safari/537.36"
2.56.56.12 - - [04/Mar/2026:18:34:13 +0000] "GET / HTTP/1.1" 200 24207 "-" "Mozilla/5.0 (X11; Linux x86_64; rv:120.0) Gecko/20100101 Firefox/120.0"
178.62.52.236 - - [04/Mar/2026:18:37:09 +0000] "GET /static/css/main.css HTTP/1.1" 200 187733 "https://twitter.com/" "Mozilla/5.0 (Windows NT 10.0; Win64; x64) AppleWebKit/537.36 (KHTML, like Gecko) Chrome/120.0.0.0 Safari/537.36"
77.88.5.88 - - [04/Mar/2026:18:37:49 +0000] "GET /static/img/logo.png HTTP/1.1" 200 170966 "-" "Mozilla/5.0 (iPhone; CPU iPhone OS 17_0 like Mac OS X) AppleWebKit/605.1.15 (KHTML, like Gecko) Version/17.0 Mobile/15E148 Safari/604.1"
91.108.4.74 - - [04/Mar/2026:18:38:06 +0000] "GET /api/v1/orders HTTP/1.1" 301 0 "-" "Mozilla/5.0 (X11; Linux x86_64; rv:120.0) Gecko/20100101 Firefox/120.0"
192.168.1.55 - - [04/Mar/2026:18:39:34 +0000] "GET /api/v1/users HTTP/1.1" 304 0 "https://www.google.com/search?q=logparser" "Mozilla/5.0 (Windows NT 10.0; Win64; x64) AppleWebKit/537.36 (KHTML, like Gecko) Chrome/120.0.0.0 Safari/537.36"
82.45.12.101 - - [04/Mar/2026:18:44:40 +0000] "GET /login HTTP/1.1" 200 6856 "https://github.com/" "Mozilla/5.0 (Windows NT 10.0; Win64; x64) AppleWebKit/537.36 (KHTML, like Gecko) Chrome/120.0.0.0 Safari/537.36"
203.0.113.7 - - [04/Mar/2026:18:47:29 +0000] "GET /static/js/bundle.js HTTP/1.1" 304 0 "https://news.ycombinator.com/" "Mozilla/5.0 (iPhone; CPU iPhone OS 17_0 like Mac OS X) AppleWebKit/605.1.15 (KHTML, like Gecko) Version/17.0 Mobile/15E148 Safari/604.1"
46.101.127.145 - - [04/Mar/2026:18:51:45 +0000] "GET /static/css/main.css HTTP/1.1" 302 0 "-" "Mozilla/5.0 (Windows NT 10.0; Win64; x64) AppleWebKit/537.36 (KHTML, like Gecko) Chrome/120.0.0.0 Safari/537.36"
159.89.133.235 - - [04/Mar/2026:18:56:28 +0000] "GET /api/v1/health HTTP/1.1" 301 0 "-" "Mozilla/5.0 (Windows NT 10.0; Win64; x64) AppleWebKit/537.36 (KHTML, like Gecko) Chrome/120.0.0.0 Safari/537.36"
10.0.0.42 - - [04/Mar/2026:18:59:39 +0000] "GET /static/img/logo.png HTTP/1.1" 200 197386 "-" "Mozilla/5.0 (Windows NT 10.0; Win64; x64) AppleWebKit/537.36 (KHTML, like Gecko) Chrome/120.0.0.0 Safari/537.36"
207.46.13.5 - - [04/Mar/2026:19:08:32 +0000] "GET / HTTP/1.1" 200 24877 "-" "Mozilla/5.0 (compatible; Googlebot/2.1; +http://www.google.com/bot.html)"
2.56.56.12 - - [04/Mar/2026:19:10:04 +0000] "GET /index.html HTTP/1.1" 200 1996 "https://twitter.com/" "Mozilla/5.0 (Windows NT 10.0; Win64; x64) AppleWebKit/537.36 (KHTML, like Gecko) Edge/120.0.0.0 Safari/537.36"
203.0.113.7 - - [04/Mar/2026:19:12:38 +0000] "HEAD / HTTP/1.1" 301 0 "-" "Mozilla/5.0 (X11; Linux x86_64; rv:120.0) Gecko/20100101 Firefox/120.0"
77.88.5.88 - - [04/Mar/2026:19:14:26 +0000] "GET /api/v1/health HTTP/1.1" 304 0 "-" "Mozilla/5.0 (Windows NT 10.0; Win64; x64) AppleWebKit/537.36 (KHTML, like Gecko) Chrome/120.0.0.0 Safari/537.36"
157.55.39.250 - - [04/Mar/2026:19:16:21 +0000] "GET /api/v1/health HTTP/1.1" 200 1468 "https://www.google.com/search?q=logparser" "Mozilla/5.0 (compatible; Googlebot/2.1; +http://www.google.com/bot.html)"
138.197.138.65 - - [04/Mar/2026:19:22:50 +0000] "GET /admin HTTP/1.1" 200 1613 "-" "Mozilla/5.0 (Windows NT 10.0; Win64; x64) AppleWebKit/537.36 (KHTML, like Gecko) Chrome/120.0.0.0 Safari/537.36"
46.101.127.145 - - [04/Mar/2026:19:27:12 +0000] "GET /static/js/bundle.js HTTP/1.1" 404 114926 "https://news.ycombinator.com/" "Mozilla/5.0 (Windows NT 10.0; Win64; x64) AppleWebKit/537.36 (KHTML, like Gecko) Edge/120.0.0.0 Safari/537.36"
82.45.12.101 - - [04/Mar/2026:19:27:59 +0000] "GET /login HTTP/1.1" 200 20046 "https://news.ycombinator.com/" "Mozilla/5.0 (Windows NT 10.0; Win64; x64) AppleWebKit/537.36 (KHTML, like Gecko) Edge/120.0.0.0 Safari/537.36"
91.108.4.74 - - [04/Mar/2026:19:28:21 +0000] "GET /login HTTP/1.1" 200 13159 "-" "Mozilla/5.0 (X11; Linux x86_64; rv:120.0) Gecko/20100101 Firefox/120.0"
138.197.138.65 - - [04/Mar/2026:19:28:44 +0000] "GET / HTTP/1.1" 200 12102 "https://www.google.com/search?q=logparser" "Mozilla/5.0 (X11; Linux x86_64; rv:120.0) Gecko/20100101 Firefox/120.0"
82.45.12.101 - - [04/Mar/2026:19:45:14 +0000] "GET /api/v1/users HTTP/1.1" 200 344 "-" "Mozilla/5.0 (Macintosh; Intel Mac OS X 10_15_7) AppleWebKit/537.36 (KHTML, like Gecko) Chrome/119.0.0.0 Safari/537.36"
138.197.138.65 - - [04/Mar/2026:19:45:36 +0000] "GET /api/v1/products HTTP/1.1" 400 1420 "-" "Mozilla/5.0 (Windows NT 10.0; Win64; x64) AppleWebKit/537.36 (KHTML, like Gecko) Chrome/120.0.0.0 Safari/537.36"
203.0.113.7 - - [04/Mar/2026:19:46:50 +0000] "GET /contact HTTP/1.1" 200 13069 "-" "Mozilla/5.0 (Macintosh; Intel Mac OS X 10_15_7) AppleWebKit/537.36 (KHTML, like Gecko) Chrome/119.0.0.0 Safari/537.36"
203.0.113.7 - - [04/Mar/2026:19:47:06 +0000] "POST /static/img/logo.png HTTP/1.1" 200 128697 "-" "Mozilla/5.0 (Windows NT 10.0; Win64; x64) AppleWebKit/537.36 (KHTML, like Gecko) Edge/120.0.0.0 Safari/537.36"
77.88.5.88 - - [04/Mar/2026:19:47:51 +0000] "GET /api/v1/health HTTP/1.1" 200 4480 "-" "Mozilla/5.0 (iPhone; CPU iPhone OS 17_0 like Mac OS X) AppleWebKit/605.1.15 (KHTML, like Gecko) Version/17.0 Mobile/15E148 Safari/604.1"
185.220.101.5 - - [04/Mar/2026:19:51:11 +0000] "GET /static/img/logo.png HTTP/1.1" 404 131560 "https://github.com/" "Mozilla/5.0 (iPhone; CPU iPhone OS 17_0 like Mac OS X) AppleWebKit/605.1.15 (KHTML, like Gecko) Version/17.0 Mobile/15E148 Safari/604.1"
40.77.167.188 - - [04/Mar/2026:19:51:58 +0000] "GET /api/v1/users HTTP/1.1" 403 5240 "-" "Mozilla/5.0 (compatible; Googlebot/2.1; +http://www.google.com/bot.html)"
45.33.32.156 - - [04/Mar/2026:19:52:19 +0000] "GET /index.html HTTP/1.1" 200 24576 "-" "Mozilla/5.0 (Windows NT 10.0; Win64; x64) AppleWebKit/537.36 (KHTML, like Gecko) Edge/120.0.0.0 Safari/537.36"
192.168.1.55 - - [04/Mar/2026:20:02:41 +0000] "POST /api/v1/orders HTTP/1.1" 304 0 "https://github.com/" "Mozilla/5.0 (Windows NT 10.0; Win64; x64) AppleWebKit/537.36 (KHTML, like Gecko) Chrome/120.0.0.0 Safari/537.36"
185.220.101.5 - - [04/Mar/2026:20:03:45 +0000] "GET /logout HTTP/1.1" 200 10623 "https://github.com/" "Mozilla/5.0 (Windows NT 10.0; Win64; x64) AppleWebKit/537.36 (KHTML, like Gecko) Edge/120.0.0.0 Safari/537.36"
138.197.138.65 - - [04/Mar/2026:20:11:55 +0000] "GET /admin HTTP/1.1" 403 1043 "-" "Mozilla/5.0 (Macintosh; Intel Mac OS X 10_15_7) AppleWebKit/537.36 (KHTML, like Gecko) Chrome/119.0.0.0 Safari/537.36"
2.56.56.12 - - [04/Mar/2026:20:13:20 +0000] "GET /api/v1/health HTTP/1.1" 200 6894 "-" "Mozilla/5.0 (Macintosh; Intel Mac OS X 10_15_7) AppleWebKit/537.36 (KHTML, like Gecko) Chrome/119.0.0.0 Safari/537.36"
82.45.12.101 - - [04/Mar/2026:20:15:21 +0000] "GET /api/v1/orders HTTP/1.1" 200 3035 "-" "Mozilla/5.0 (Windows NT 10.0; Win64; x64) AppleWebKit/537.36 (KHTML, like Gecko) Chrome/120.0.0.0 Safari/537.36"
198.51.100.23 - - [04/Mar/2026:20:16:18 +0000] "GET /api/v1/products HTTP/1.1" 304 0 "https://github.com/" "Mozilla/5.0 (X11; Linux x86_64; rv:120.0) Gecko/20100101 Firefox/120.0"
91.108.4.74 - - [04/Mar/2026:20:30:36 +0000] "GET /favicon.ico HTTP/1.1" 200 21408 "-" "Mozilla/5.0 (iPhone; CPU iPhone OS 17_0 like Mac OS X) AppleWebKit/605.1.15 (KHTML, like Gecko) Version/17.0 Mobile/15E148 Safari/604.1"
138.197.138.65 - - [04/Mar/2026:20:30:47 +0000] "GET /index.html HTTP/1.1" 200 1010 "https://news.ycombinator.com/" "Mozilla/5.0 (Windows NT 10.0; Win64; x64) AppleWebKit/537.36 (KHTML, like Gecko) Edge/120.0.0.0 Safari/537.36"
203.0.113.7 - - [04/Mar/2026:20:37:28 +0000] "GET /api/v1/users HTTP/1.1" 403 6949 "https://news.ycombinator.com/" "Mozilla/5.0 (iPhone; CPU iPhone OS 17_0 like Mac OS X) AppleWebKit/605.1.15 (KHTML, like Gecko) Version/17.0 Mobile/15E148 Safari/604.1"
138.197.138.65 - - [04/Mar/2026:20:41:45 +0000] "GET /index.html HTTP/1.1" 500 10750 "-" "Mozilla/5.0 (iPhone; CPU iPhone OS 17_0 like Mac OS X) AppleWebKit/605.1.15 (KHTML, like Gecko) Version/17.0 Mobile/15E148 Safari/604.1"
178.62.52.236 - - [04/Mar/2026:20:46:25 +0000] "GET /api/v1/health HTTP/1.1" 301 0 "https://github.com/" "Mozilla/5.0 (Windows NT 10.0; Win64; x64) AppleWebKit/537.36 (KHTML, like Gecko) Chrome/120.0.0.0 Safari/537.36"
91.108.4.74 - - [04/Mar/2026:20:55:03 +0000] "GET /api/v1/health HTTP/1.1" 200 7610 "https://twitter.com/" "Mozilla/5.0 (Windows NT 10.0; Win64; x64) AppleWebKit/537.36 (KHTML, like Gecko) Edge/120.0.0.0 Safari/537.36"
138.197.138.65 - - [04/Mar/2026:20:55:11 +0000] "POST / HTTP/1.1" 200 23186 "https://news.ycombinator.com/" "Mozilla/5.0 (Windows NT 10.0; Win64; x64) AppleWebKit/537.36 (KHTML, like Gecko) Chrome/120.0.0.0 Safari/537.36"
192.168.1.55 - - [04/Mar/2026:20:57:56 +0000] "GET /robots.txt HTTP/1.1" 304 0 "https://twitter.com/" "Mozilla/5.0 (Windows NT 10.0; Win64; x64) AppleWebKit/537.36 (KHTML, like Gecko) Chrome/120.0.0.0 Safari/537.36"
159.89.133.235 - - [04/Mar/2026:20:58:25 +0000] "GET /about HTTP/1.1" 302 0 "https://news.ycombinator.com/" "Mozilla/5.0 (Windows NT 10.0; Win64; x64) AppleWebKit/537.36 (KHTML, like Gecko) Chrome/120.0.0.0 Safari/537.36"
198.51.100.23 - - [04/Mar/2026:21:03:06 +0000] "GET /api/v1/users HTTP/1.1" 200 7076 "https://news.ycombinator.com/" "Mozilla/5.0 (iPhone; CPU iPhone OS 17_0 like Mac OS X) AppleWebKit/605.1.15 (KHTML, like Gecko) Version/17.0 Mobile/15E148 Safari/604.1"
66.249.66.2 - - [04/Mar/2026:21:06:20 +0000] "GET /index.html HTTP/1.1" 200 8207 "-" "Mozilla/5.0 (compatible; bingbot/2.0; +http://www.bing.com/bingbot.htm)"
10.0.0.42 - - [04/Mar/2026:21:06:35 +0000] "POST /api/v1/products HTTP/1.1" 200 1027 "-" "Mozilla/5.0 (iPhone; CPU iPhone OS 17_0 like Mac OS X) AppleWebKit/605.1.15 (KHTML, like Gecko) Version/17.0 Mobile/15E148 Safari/604.1"
77.88.5.88 - - [04/Mar/2026:21:07:12 +0000] "GET /static/css/main.css HTTP/1.1" 200 125054 "-" "Mozilla/5.0 (Macintosh; Intel Mac OS X 10_15_7) AppleWebKit/537.36 (KHTML, like Gecko) Chrome/119.0.0.0 Safari/537.36"
10.0.0.42 - - [04/Mar/2026:21:19:56 +0000] "GET /api/v1/users HTTP/1.1" 403 3062 "https://www.google.com/search?q=logparser" "Mozilla/5.0 (X11; Linux x86_64; rv:120.0) Gecko/20100101 Firefox/120.0"
45.33.32.156 - - [04/Mar/2026:21:30:07 +0000] "GET / HTTP/1.1" 200 12821 "-" "Mozilla/5.0 (Macintosh; Intel Mac OS X 10_15_7) AppleWebKit/537.36 (KHTML, like Gecko) Chrome/119.0.0.0 Safari/537.36"
203.0.113.7 - - [04/Mar/2026:21:38:18 +0000] "GET /static/css/main.css HTTP/1.1" 404 133322 "-" "Mozilla/5.0 (Macintosh; Intel Mac OS X 10_15_7) AppleWebKit/537.36 (KHTML, like Gecko) Chrome/119.0.0.0 Safari/537.36"
10.0.0.42 - - [04/Mar/2026:21:40:27 +0000] "GET /static/js/bundle.js HTTP/1.1" 200 173813 "-" "Mozilla/5.0 (X11; Linux x86_64; rv:120.0) Gecko/20100101 Firefox/120.0"
91.108.4.74 - - [04/Mar/2026:21:41:41 +0000] "POST /static/css/main.css HTTP/1.1" 200 40652 "https://twitter.com/" "Mozilla/5.0 (Macintosh; Intel Mac OS X 10_15_7) AppleWebKit/537.36 (KHTML, like Gecko) Chrome/119.0.0.0 Safari/537.36"
66.249.66.1 - - [04/Mar/2026:21:44:57 +0000] "GET /api/v1/users HTTP/1.1" 200 4212 "https://www.google.com/search?q=logparser" "Mozilla/5.0 (compatible; Googlebot/2.1; +http://www.google.com/bot.html)"
77.88.5.88 - - [04/Mar/2026:21:45:48 +0000] "GET /api/v1/health HTTP/1.1" 200 6698 "-" "Mozilla/5.0 (Macintosh; Intel Mac OS X 10_15_7) AppleWebKit/537.36 (KHTML, like Gecko) Chrome/119.0.0.0 Safari/537.36"
138.197.138.65 - - [04/Mar/2026:21:46:24 +0000] "GET /login HTTP/1.1" 200 4666 "-" "Mozilla/5.0 (Macintosh; Intel Mac OS X 10_15_7) AppleWebKit/537.36 (KHTML, like Gecko) Chrome/119.0.0.0 Safari/537.36"
159.89.133.235 - - [04/Mar/2026:21:48:26 +0000] "GET /static/img/logo.png HTTP/1.1" 200 181827 "https://github.com/" "Mozilla/5.0 (Macintosh; Intel Mac OS X 10_15_7) AppleWebKit/537.36 (KHTML, like Gecko) Chrome/119.0.0.0 Safari/537.36"
178.62.52.236 - - [04/Mar/2026:21:50:04 +0000] "POST /static/js/bundle.js HTTP/1.1" 500 13206 "-" "Mozilla/5.0 (Windows NT 10.0; Win64; x64) AppleWebKit/537.36 (KHTML, like Gecko) Chrome/120.0.0.0 Safari/537.36"
157.55.39.250 - - [04/Mar/2026:22:04:44 +0000] "GET / HTTP/1.1" 404 13667 "-" "python-requests/2.31.0"
203.0.113.7 - - [04/Mar/2026:22:07:51 +0000] "GET /login HTTP/1.1" 400 17144 "https://github.com/" "Mozilla/5.0 (iPhone; CPU iPhone OS 17_0 like Mac OS X) AppleWebKit/605.1.15 (KHTML, like Gecko) Version/17.0 Mobile/15E148 Safari/604.1"
159.89.133.235 - - [04/Mar/2026:22:16:02 +0000] "GET /static/css/main.css HTTP/1.1" 404 21937 "-" "Mozilla/5.0 (Macintosh; Intel Mac OS X 10_15_7) AppleWebKit/537.36 (KHTML, like Gecko) Chrome/119.0.0.0 Safari/537.36"
162.243.168.50 - - [04/Mar/2026:22:16:32 +0000] "GET /index.html HTTP/1.1" 200 11741 "https://news.ycombinator.com/" "Mozilla/5.0 (iPhone; CPU iPhone OS 17_0 like Mac OS X) AppleWebKit/605.1.15 (KHTML, like Gecko) Version/17.0 Mobile/15E148 Safari/604.1"
45.33.32.156 - - [04/Mar/2026:22:19:01 +0000] "GET /favicon.ico HTTP/1.1" 200 16882 "https://www.google.com/search?q=logparser" "Mozilla/5.0 (Windows NT 10.0; Win64; x64) AppleWebKit/537.36 (KHTML, like Gecko) Edge/120.0.0.0 Safari/537.36"
45.33.32.156 - - [04/Mar/2026:22:21:44 +0000] "GET /api/v1/users HTTP/1.1" 200 664 "https://twitter.com/" "Mozilla/5.0 (Windows NT 10.0; Win64; x64) AppleWebKit/537.36 (KHTML, like Gecko) Chrome/120.0.0.0 Safari/537.36"
46.101.127.145 - - [04/Mar/2026:22:22:01 +0000] "GET /contact HTTP/1.1" 500 19306 "https://www.google.com/search?q=logparser" "Mozilla/5.0 (Windows NT 10.0; Win64; x64) AppleWebKit/537.36 (KHTML, like Gecko) Edge/120.0.0.0 Safari/537.36"
91.108.4.74 - - [04/Mar/2026:22:24:27 +0000] "GET /contact HTTP/1.1" 200 24145 "https://twitter.com/" "Mozilla/5.0 (iPhone; CPU iPhone OS 17_0 like Mac OS X) AppleWebKit/605.1.15 (KHTML, like Gecko) Version/17.0 Mobile/15E148 Safari/604.1"
159.89.133.235 - - [04/Mar/2026:22:42:36 +0000] "GET /static/css/main.css HTTP/1.1" 304 0 "-" "Mozilla/5.0 (Windows NT 10.0; Win64; x64) AppleWebKit/537.36 (KHTML, like Gecko) Chrome/120.0.0.0 Safari/537.36"
207.46.13.5 - - [04/Mar/2026:22:42:47 +0000] "GET /api/v1/products HTTP/1.1" 200 7167 "-" "python-requests/2.31.0"
162.243.168.50 - - [04/Mar/2026:22:43:00 +0000] "GET /api/v1/products HTTP/1.1" 302 0 "https://twitter.com/" "Mozilla/5.0 (iPhone; CPU iPhone OS 17_0 like Mac OS X) AppleWebKit/605.1.15 (KHTML, like Gecko) Version/17.0 Mobile/15E148 Safari/604.1"
10.0.0.42 - - [04/Mar/2026:22:47:11 +0000] "GET /static/img/logo.png HTTP/1.1" 301 0 "-" "Mozilla/5.0 (Windows NT 10.0; Win64; x64) AppleWebKit/537.36 (KHTML, like Gecko) Chrome/120.0.0.0 Safari/537.36"
162.243.168.50 - - [04/Mar/2026:22:47:58 +0000] "GET /favicon.ico HTTP/1.1" 304 0 "https://twitter.com/" "Mozilla/5.0 (Windows NT 10.0; Win64; x64) AppleWebKit/537.36 (KHTML, like Gecko) Edge/120.0.0.0 Safari/537.36"
77.88.5.88 - - [04/Mar/2026:22:53:11 +0000] "GET /static/css/main.css HTTP/1.1" 200 57324 "https://twitter.com/" "Mozilla/5.0 (Windows NT 10.0; Win64; x64) AppleWebKit/537.36 (KHTML, like Gecko) Edge/120.0.0.0 Safari/537.36"
138.197.138.65 - - [04/Mar/2026:22:57:28 +0000] "GET /api/v1/products HTTP/1.1" 200 1768 "-" "Mozilla/5.0 (iPhone; CPU iPhone OS 17_0 like Mac OS X) AppleWebKit/605.1.15 (KHTML, like Gecko) Version/17.0 Mobile/15E148 Safari/604.1"
192.168.1.55 - - [04/Mar/2026:23:04:33 +0000] "GET /static/css/main.css HTTP/1.1" 200 149941 "https://twitter.com/" "Mozilla/5.0 (Windows NT 10.0; Win64; x64) AppleWebKit/537.36 (KHTML, like Gecko) Edge/120.0.0.0 Safari/537.36"
203.0.113.7 - - [04/Mar/2026:23:05:00 +0000] "GET /static/css/main.css HTTP/1.1" 500 99635 "-" "Mozilla/5.0 (iPhone; CPU iPhone OS 17_0 like Mac OS X) AppleWebKit/605.1.15 (KHTML, like Gecko) Version/17.0 Mobile/15E148 Safari/604.1"
178.62.52.236 - - [04/Mar/2026:23:05:15 +0000] "GET /api/v1/orders HTTP/1.1" 200 6712 "https://news.ycombinator.com/" "Mozilla/5.0 (Macintosh; Intel Mac OS X 10_15_7) AppleWebKit/537.36 (KHTML, like Gecko) Chrome/119.0.0.0 Safari/537.36"
198.51.100.23 - - [04/Mar/2026:23:16:11 +0000] "GET / HTTP/1.1" 200 5195 "-" "Mozilla/5.0 (Macintosh; Intel Mac OS X 10_15_7) AppleWebKit/537.36 (KHTML, like Gecko) Chrome/119.0.0.0 Safari/537.36"
10.0.0.42 - - [04/Mar/2026:23:16:48 +0000] "GET /api/v1/products HTTP/1.1" 200 4691 "https://www.google.com/search?q=logparser" "Mozilla/5.0 (Windows NT 10.0; Win64; x64) AppleWebKit/537.36 (KHTML, like Gecko) Chrome/120.0.0.0 Safari/537.36"
203.0.113.7 - - [04/Mar/2026:23:19:20 +0000] "GET /static/js/bundle.js HTTP/1.1" 200 7934 "-" "Mozilla/5.0 (Macintosh; Intel Mac OS X 10_15_7) AppleWebKit/537.36 (KHTML, like Gecko) Chrome/119.0.0.0 Safari/537.36"
185.220.101.5 - - [04/Mar/2026:23:21:37 +0000] "GET /static/css/main.css HTTP/1.1" 301 0 "https://github.com/" "Mozilla/5.0 (Windows NT 10.0; Win64; x64) AppleWebKit/537.36 (KHTML, like Gecko) Edge/120.0.0.0 Safari/537.36"
138.197.138.65 - - [04/Mar/2026:23:30:37 +0000] "GET / HTTP/1.1" 200 3464 "https://www.google.com/search?q=logparser" "Mozilla/5.0 (iPhone; CPU iPhone OS 17_0 like Mac OS X) AppleWebKit/605.1.15 (KHTML, like Gecko) Version/17.0 Mobile/15E148 Safari/604.1"
198.51.100.23 - - [04/Mar/2026:23:36:54 +0000] "GET /about HTTP/1.1" 302 0 "-" "Mozilla/5.0 (Windows NT 10.0; Win64; x64) AppleWebKit/537.36 (KHTML, like Gecko) Edge/120.0.0.0 Safari/537.36"
91.108.4.74 - - [04/Mar/2026:23:38:22 +0000] "POST /api/v1/products HTTP/1.1" 403 7415 "-" "Mozilla/5.0 (iPhone; CPU iPhone OS 17_0 like Mac OS X) AppleWebKit/605.1.15 (KHTML, like Gecko) Version/17.0 Mobile/15E148 Safari/604.1"
203.0.113.7 - - [04/Mar/2026:23:40:54 +0000] "GET /static/js/bundle.js HTTP/1.1" 200 67831 "https://news.ycombinator.com/" "Mozilla/5.0 (X11; Linux x86_64; rv:120.0) Gecko/20100101 Firefox/120.0"
45.33.32.156 - - [04/Mar/2026:23:56:17 +0000] "GET /static/css/main.css HTTP/1.1" 200 140398 "-" "Mozilla/5.0 (iPhone; CPU iPhone OS 17_0 like Mac OS X) AppleWebKit/605.1.15 (KHTML, like Gecko) Version/17.0 Mobile/15E148 Safari/604.1"
203.0.113.7 - - [05/Mar/2026:00:03:21 +0000] "GET /static/js/bundle.js HTTP/1.1" 404 82737 "-" "Mozilla/5.0 (Macintosh; Intel Mac OS X 10_15_7) AppleWebKit/537.36 (KHTML, like Gecko) Chrome/119.0.0.0 Safari/537.36"
91.108.4.74 - - [05/Mar/2026:00:12:06 +0000] "POST /sitemap.xml HTTP/1.1" 404 22250 "https://github.com/" "Mozilla/5.0 (iPhone; CPU iPhone OS 17_0 like Mac OS X) AppleWebKit/605.1.15 (KHTML, like Gecko) Version/17.0 Mobile/15E148 Safari/604.1"
91.108.4.74 - - [05/Mar/2026:00:25:23 +0000] "GET /about HTTP/1.1" 200 11037 "-" "Mozilla/5.0 (iPhone; CPU iPhone OS 17_0 like Mac OS X) AppleWebKit/605.1.15 (KHTML, like Gecko) Version/17.0 Mobile/15E148 Safari/604.1"
162.243.168.50 - - [05/Mar/2026:00:28:25 +0000] "GET /login HTTP/1.1" 304 0 "https://twitter.com/" "Mozilla/5.0 (iPhone; CPU iPhone OS 17_0 like Mac OS X) AppleWebKit/605.1.15 (KHTML, like Gecko) Version/17.0 Mobile/15E148 Safari/604.1"
82.45.12.101 - - [05/Mar/2026:00:40:11 +0000] "GET /api/v1/users HTTP/1.1" 200 3610 "https://www.google.com/search?q=logparser" "Mozilla/5.0 (Windows NT 10.0; Win64; x64) AppleWebKit/537.36 (KHTML, like Gecko) Edge/120.0.0.0 Safari/537.36"
185.220.101.5 - - [05/Mar/2026:00:40:44 +0000] "GET /static/img/logo.png HTTP/1.1" 200 187377 "-" "Mozilla/5.0 (X11; Linux x86_64; rv:120.0) Gecko/20100101 Firefox/120.0"
203.0.113.7 - - [05/Mar/2026:00:41:37 +0000] "GET /contact HTTP/1.1" 301 0 "https://twitter.com/" "Mozilla/5.0 (X11; Linux x86_64; rv:120.0) Gecko/20100101 Firefox/120.0"
162.243.168.50 - - [05/Mar/2026:00:42:48 +0000] "GET /static/img/logo.png HTTP/1.1" 404 62313 "https://www.google.com/search?q=logparser" "Mozilla/5.0 (iPhone; CPU iPhone OS 17_0 like Mac OS X) AppleWebKit/605.1.15 (KHTML, like Gecko) Version/17.0 Mobile/15E148 Safari/604.1"
159.89.133.235 - - [05/Mar/2026:00:48:41 +0000] "GET /static/img/logo.png HTTP/1.1" 200 78367 "https://github.com/" "Mozilla/5.0 (X11; Linux x86_64; rv:120.0) Gecko/20100101 Firefox/120.0"
91.108.4.74 - - [05/Mar/2026:00:54:07 +0000] "GET / HTTP/1.1" 404 19911 "https://github.com/" "Mozilla/5.0 (Windows NT 10.0; Win64; x64) AppleWebKit/537.36 (KHTML, like Gecko) Chrome/120.0.0.0 Safari/537.36"
77.88.5.88 - - [05/Mar/2026:00:56:22 +0000] "GET /static/css/main.css HTTP/1.1" 200 114062 "-" "Mozilla/5.0 (Windows NT 10.0; Win64; x64) AppleWebKit/537.36 (KHTML, like Gecko) Chrome/120.0.0.0 Safari/537.36"
178.62.52.236 - - [05/Mar/2026:00:58:04 +0000] "GET /api/v1/users HTTP/1.1" 200 4071 "-" "Mozilla/5.0 (Windows NT 10.0; Win64; x64) AppleWebKit/537.36 (KHTML, like Gecko) Chrome/120.0.0.0 Safari/537.36"
82.45.12.101 - - [05/Mar/2026:00:58:12 +0000] "GET /index.html HTTP/1.1" 200 7329 "https://twitter.com/" "Mozilla/5.0 (iPhone; CPU iPhone OS 17_0 like Mac OS X) AppleWebKit/605.1.15 (KHTML, like Gecko) Version/17.0 Mobile/15E148 Safari/604.1"
66.249.66.1 - - [05/Mar/2026:00:59:28 +0000] "POST /login HTTP/1.1" 200 19650 "https://news.ycombinator.com/" "Mozilla/5.0 (compatible; Googlebot/2.1; +http://www.google.com/bot.html)"
45.33.32.156 - - [05/Mar/2026:01:04:57 +0000] "GET /index.html HTTP/1.1" 200 19762 "https://twitter.com/" "Mozilla/5.0 (iPhone; CPU iPhone OS 17_0 like Mac OS X) AppleWebKit/605.1.15 (KHTML, like Gecko) Version/17.0 Mobile/15E148 Safari/604.1"
178.62.52.236 - - [05/Mar/2026:01:05:19 +0000] "GET / HTTP/1.1" 200 18707 "https://twitter.com/" "Mozilla/5.0 (iPhone; CPU iPhone OS 17_0 like Mac OS X) AppleWebKit/605.1.15 (KHTML, like Gecko) Version/17.0 Mobile/15E148 Safari/604.1"
138.197.138.65 - - [05/Mar/2026:01:10:26 +0000] "GET /api/v1/users HTTP/1.1" 301 0 "-" "Mozilla/5.0 (Windows NT 10.0; Win64; x64) AppleWebKit/537.36 (KHTML, like Gecko) Chrome/120.0.0.0 Safari/537.36"
91.108.4.74 - - [05/Mar/2026:01:11:58 +0000] "GET /api/v1/health HTTP/1.1" 403 6381 "-" "Mozilla/5.0 (iPhone; CPU iPhone OS 17_0 like Mac OS X) AppleWebKit/605.1.15 (KHTML, like Gecko) Version/17.0 Mobile/15E148 Safari/604.1"
203.0.113.7 - - [05/Mar/2026:01:23:17 +0000] "GET /favicon.ico HTTP/1.1" 200 12727 "-" "Mozilla/5.0 (Windows NT 10.0; Win64; x64) AppleWebKit/537.36 (KHTML, like Gecko) Edge/120.0.0.0 Safari/537.36"
192.168.1.55 - - [05/Mar/2026:01:25:25 +0000] "GET /static/css/main.css HTTP/1.1" 200 152431 "https://www.google.com/search?q=logparser" "Mozilla/5.0 (Windows NT 10.0; Win64; x64) AppleWebKit/537.36 (KHTML, like Gecko) Chrome/120.0.0.0 Safari/537.36"
192.168.1.55 - - [05/Mar/2026:01:28:57 +0000] "GET /static/css/main.css HTTP/1.1" 304 0 "https://github.com/" "Mozilla/5.0 (iPhone; CPU iPhone OS 17_0 like Mac OS X) AppleWebKit/605.1.15 (KHTML, like Gecko) Version/17.0 Mobile/15E148 Safari/604.1"
82.45.12.101 - - [05/Mar/2026:01:33:17 +0000] "GET /logout HTTP/1.1" 200 4736 "https://www.google.com/search?q=logparser" "Mozilla/5.0 (Macintosh; Intel Mac OS X 10_15_7) AppleWebKit/537.36 (KHTML, like Gecko) Chrome/119.0.0.0 Safari/537.36"
203.0.113.7 - - [05/Mar/2026:01:40:33 +0000] "GET /login HTTP/1.1" 200 14967 "https://www.google.com/search?q=logparser" "Mozilla/5.0 (iPhone; CPU iPhone OS 17_0 like Mac OS X) AppleWebKit/605.1.15 (KHTML, like Gecko) Version/17.0 Mobile/15E148 Safari/604.1"
185.220.101.5 - - [05/Mar/2026:01:53:34 +0000] "GET /static/css/main.css HTTP/1.1" 200 128922 "-" "Mozilla/5.0 (Windows NT 10.0; Win64; x64) AppleWebKit/537.36 (KHTML, like Gecko) Edge/120.0.0.0 Safari/537.36"
91.108.4.74 - - [05/Mar/2026:01:57:28 +0000] "GET /static/js/bundle.js HTTP/1.1" 200 128543 "-" "Mozilla/5.0 (Windows NT 10.0; Win64; x64) AppleWebKit/537.36 (KHTML, like Gecko) Edge/120.0.0.0 Safari/537.36"
10.0.0.42 - - [05/Mar/2026:02:00:02 +0000] "POST / HTTP/1.1" 200 3495 "-" "Mozilla/5.0 (iPhone; CPU iPhone OS 17_0 like Mac OS X) AppleWebKit/605.1.15 (KHTML, like Gecko) Version/17.0 Mobile/15E148 Safari/604.1"
77.88.5.88 - - [05/Mar/2026:02:00:18 +0000] "GET /api/v1/users HTTP/1.1" 200 7385 "-" "Mozilla/5.0 (Windows NT 10.0; Win64; x64) AppleWebKit/537.36 (KHTML, like Gecko) Edge/120.0.0.0 Safari/537.36"
91.108.4.74 - - [05/Mar/2026:02:06:11 +0000] "GET /api/v1/users HTTP/1.1" 200 7134 "https://twitter.com/" "Mozilla/5.0 (Macintosh; Intel Mac OS X 10_15_7) AppleWebKit/537.36 (KHTML, like Gecko) Chrome/119.0.0.0 Safari/537.36"
46.101.127.145 - - [05/Mar/2026:02:08:56 +0000] "GET /static/js/bundle.js HTTP/1.1" 200 6255 "https://news.ycombinator.com/" "Mozilla/5.0 (Windows NT 10.0; Win64; x64) AppleWebKit/537.36 (KHTML, like Gecko) Chrome/120.0.0.0 Safari/537.36"
138.197.138.65 - - [05/Mar/2026:02:13:40 +0000] "GET /static/css/main.css HTTP/1.1" 404 197465 "-" "Mozilla/5.0 (X11; Linux x86_64; rv:120.0) Gecko/20100101 Firefox/120.0"
185.220.101.5 - - [05/Mar/2026:02:14:28 +0000] "GET /static/css/main.css HTTP/1.1" 200 126293 "-" "Mozilla/5.0 (iPhone; CPU iPhone OS 17_0 like Mac OS X) AppleWebKit/605.1.15 (KHTML, like Gecko) Version/17.0 Mobile/15E148 Safari/604.1"
178.62.52.236 - - [05/Mar/2026:02:15:42 +0000] "GET /about HTTP/1.1" 301 0 "-" "Mozilla/5.0 (X11; Linux x86_64; rv:120.0) Gecko/20100101 Firefox/120.0"
10.0.0.42 - - [05/Mar/2026:02:16:08 +0000] "GET /api/v1/products HTTP/1.1" 200 1594 "-" "Mozilla/5.0 (Macintosh; Intel Mac OS X 10_15_7) AppleWebKit/537.36 (KHTML, like Gecko) Chrome/119.0.0.0 Safari/537.36"
2.56.56.12 - - [05/Mar/2026:02:22:15 +0000] "GET /sitemap.xml HTTP/1.1" 200 6170 "https://news.ycombinator.com/" "Mozilla/5.0 (Macintosh; Intel Mac OS X 10_15_7) AppleWebKit/537.36 (KHTML, like Gecko) Chrome/119.0.0.0 Safari/537.36"
207.46.13.5 - - [05/Mar/2026:02:24:06 +0000] "GET /index.html HTTP/1.1" 200 4208 "-" "Mozilla/5.0 (compatible; YandexBot/3.0; +http://yandex.com/bots)"
10.0.0.42 - - [05/Mar/2026:02:35:45 +0000] "GET /login HTTP/1.1" 200 22373 "-" "Mozilla/5.0 (iPhone; CPU iPhone OS 17_0 like Mac OS X) AppleWebKit/605.1.15 (KHTML, like Gecko) Version/17.0 Mobile/15E148 Safari/604.1"
159.89.133.235 - - [05/Mar/2026:02:40:51 +0000] "GET /static/js/bundle.js HTTP/1.1" 200 165579 "-" "Mozilla/5.0 (Windows NT 10.0; Win64; x64) AppleWebKit/537.36 (KHTML, like Gecko) Edge/120.0.0.0 Safari/537.36"
77.88.5.88 - - [05/Mar/2026:02:42:05 +0000] "GET / HTTP/1.1" 200 1276 "https://news.ycombinator.com/" "Mozilla/5.0 (Windows NT 10.0; Win64; x64) AppleWebKit/537.36 (KHTML, like Gecko) Edge/120.0.0.0 Safari/537.36"
159.89.133.235 - - [05/Mar/2026:02:59:30 +0000] "GET /dashboard HTTP/1.1" 200 22393 "-" "Mozilla/5.0 (iPhone; CPU iPhone OS 17_0 like Mac OS X) AppleWebKit/605.1.15 (KHTML, like Gecko) Version/17.0 Mobile/15E148 Safari/604.1"
46.101.127.145 - - [05/Mar/2026:03:03:00 +0000] "GET /static/css/main.css HTTP/1.1" 301 0 "https://news.ycombinator.com/" "Mozilla/5.0 (Windows NT 10.0; Win64; x64) AppleWebKit/537.36 (KHTML, like Gecko) Chrome/120.0.0.0 Safari/537.36"
77.88.5.88 - - [05/Mar/2026:03:04:31 +0000] "GET /static/js/bundle.js HTTP/1.1" 200 69325 "https://twitter.com/" "Mozilla/5.0 (iPhone; CPU iPhone OS 17_0 like Mac OS X) AppleWebKit/605.1.15 (KHTML, like Gecko) Version/17.0 Mobile/15E148 Safari/604.1"
40.77.167.188 - - [05/Mar/2026:03:04:52 +0000] "GET /favicon.ico HTTP/1.1" 200 23463 "-" "Mozilla/5.0 (compatible; Googlebot/2.1; +http://www.google.com/bot.html)"
10.0.0.42 - - [05/Mar/2026:03:09:20 +0000] "GET / HTTP/1.1" 200 6616 "https://www.google.com/search?q=logparser" "Mozilla/5.0 (iPhone; CPU iPhone OS 17_0 like Mac OS X) AppleWebKit/605.1.15 (KHTML, like Gecko) Version/17.0 Mobile/15E148 Safari/604.1"
45.33.32.156 - - [05/Mar/2026:03:10:11 +0000] "GET /api/v1/products HTTP/1.1" 200 5981 "-" "Mozilla/5.0 (iPhone; CPU iPhone OS 17_0 like Mac OS X) AppleWebKit/605.1.15 (KHTML, like Gecko) Version/17.0 Mobile/15E148 Safari/604.1"
159.89.133.235 - - [05/Mar/2026:03:12:55 +0000] "GET /index.html HTTP/1.1" 404 17699 "https://news.ycombinator.com/" "Mozilla/5.0 (Windows NT 10.0; Win64; x64) AppleWebKit/537.36 (KHTML, like Gecko) Edge/120.0.0.0 Safari/537.36"
46.101.127.145 - - [05/Mar/2026:03:14:49 +0000] "GET /api/v1/products HTTP/1.1" 404 5712 "https://www.google.com/search?q=logparser" "Mozilla/5.0 (Windows NT 10.0; Win64; x64) AppleWebKit/537.36 (KHTML, like Gecko) Edge/120.0.0.0 Safari/537.36"
192.168.1.55 - - [05/Mar/2026:03:17:46 +0000] "GET /static/img/logo.png HTTP/1.1" 304 0 "https://www.google.com/search?q=logparser" "Mozilla/5.0 (Windows NT 10.0; Win64; x64) AppleWebKit/537.36 (KHTML, like Gecko) Edge/120.0.0.0 Safari/537.36"
192.168.1.55 - - [05/Mar/2026:03:18:53 +0000] "GET /static/js/bundle.js HTTP/1.1" 200 90888 "https://www.google.com/search?q=logparser" "Mozilla/5.0 (iPhone; CPU iPhone OS 17_0 like Mac OS X) AppleWebKit/605.1.15 (KHTML, like Gecko) Version/17.0 Mobile/15E148 Safari/604.1"
207.46.13.5 - - [05/Mar/2026:03:20:22 +0000] "GET /about HTTP/1.1" 200 7188 "https://github.com/" "curl/7.88.0"
91.108.4.74 - - [05/Mar/2026:03:28:12 +0000] "GET /static/css/main.css HTTP/1.1" 200 174052 "-" "Mozilla/5.0 (Windows NT 10.0; Win64; x64) AppleWebKit/537.36 (KHTML, like Gecko) Edge/120.0.0.0 Safari/537.36"
45.33.32.156 - - [05/Mar/2026:03:29:55 +0000] "GET /dashboard HTTP/1.1" 200 1144 "https://github.com/" "Mozilla/5.0 (Windows NT 10.0; Win64; x64) AppleWebKit/537.36 (KHTML, like Gecko) Chrome/120.0.0.0 Safari/537.36"
91.108.4.74 - - [05/Mar/2026:03:31:42 +0000] "GET /static/css/main.css HTTP/1.1" 200 46421 "https://www.google.com/search?q=logparser" "Mozilla/5.0 (Macintosh; Intel Mac OS X 10_15_7) AppleWebKit/537.36 (KHTML, like Gecko) Chrome/119.0.0.0 Safari/537.36"
178.62.52.236 - - [05/Mar/2026:03:33:32 +0000] "GET / HTTP/1.1" 200 4020 "-" "Mozilla/5.0 (X11; Linux x86_64; rv:120.0) Gecko/20100101 Firefox/120.0"
192.168.1.55 - - [05/Mar/2026:03:36:49 +0000] "GET /dashboard HTTP/1.1" 200 22347 "-" "Mozilla/5.0 (Windows NT 10.0; Win64; x64) AppleWebKit/537.36 (KHTML, like Gecko) Chrome/120.0.0.0 Safari/537.36"
138.197.138.65 - - [05/Mar/2026:03:37:49 +0000] "GET / HTTP/1.1" 200 3834 "-" "Mozilla/5.0 (Macintosh; Intel Mac OS X 10_15_7) AppleWebKit/537.36 (KHTML, like Gecko) Chrome/119.0.0.0 Safari/537.36"
178.62.52.236 - - [05/Mar/2026:03:38:38 +0000] "GET /static/js/bundle.js HTTP/1.1" 200 179881 "https://github.com/" "Mozilla/5.0 (Windows NT 10.0; Win64; x64) AppleWebKit/537.36 (KHTML, like Gecko) Chrome/120.0.0.0 Safari/537.36"
66.249.66.1 - - [05/Mar/2026:03:38:57 +0000] "GET /static/img/logo.png HTTP/1.1" 200 84255 "https://twitter.com/" "curl/7.88.0"
138.197.138.65 - - [05/Mar/2026:03:47:49 +0000] "GET /index.html HTTP/1.1" 200 7080 "https://github.com/" "Mozilla/5.0 (Windows NT 10.0; Win64; x64) AppleWebKit/537.36 (KHTML, like Gecko) Edge/120.0.0.0 Safari/537.36"
77.88.5.88 - - [05/Mar/2026:03:48:48 +0000] "GET /static/img/logo.png HTTP/1.1" 500 137126 "https://www.google.com/search?q=logparser" "Mozilla/5.0 (iPhone; CPU iPhone OS 17_0 like Mac OS X) AppleWebKit/605.1.15 (KHTML, like Gecko) Version/17.0 Mobile/15E148 Safari/604.1"
185.220.101.5 - - [05/Mar/2026:03:49:45 +0000] "GET /api/v1/orders HTTP/1.1" 200 1259 "-" "Mozilla/5.0 (Macintosh; Intel Mac OS X 10_15_7) AppleWebKit/537.36 (KHTML, like Gecko) Chrome/119.0.0.0 Safari/537.36"
178.62.52.236 - - [05/Mar/2026:03:52:37 +0000] "GET /favicon.ico HTTP/1.1" 200 8450 "-" "Mozilla/5.0 (Windows NT 10.0; Win64; x64) AppleWebKit/537.36 (KHTML, like Gecko) Chrome/120.0.0.0 Safari/537.36"
77.88.5.88 - - [05/Mar/2026:04:00:15 +0000] "GET /static/img/logo.png HTTP/1.1" 304 0 "-" "Mozilla/5.0 (X11; Linux x86_64; rv:120.0) Gecko/20100101 Firefox/120.0"
10.0.0.42 - - [05/Mar/2026:04:01:44 +0000] "GET /api/v1/products HTTP/1.1" 200 5425 "-" "Mozilla/5.0 (Macintosh; Intel Mac OS X 10_15_7) AppleWebKit/537.36 (KHTML, like Gecko) Chrome/119.0.0.0 Safari/537.36"
162.243.168.50 - - [05/Mar/2026:04:02:49 +0000] "DELETE / HTTP/1.1" 200 7464 "https://github.com/" "Mozilla/5.0 (Windows NT 10.0; Win64; x64) AppleWebKit/537.36 (KHTML, like Gecko) Chrome/120.0.0.0 Safari/537.36"
45.33.32.156 - - [05/Mar/2026:04:05:51 +0000] "GET /login HTTP/1.1" 404 10745 "https://news.ycombinator.com/" "Mozilla/5.0 (iPhone; CPU iPhone OS 17_0 like Mac OS X) AppleWebKit/605.1.15 (KHTML, like Gecko) Version/17.0 Mobile/15E148 Safari/604.1"
185.220.101.5 - - [05/Mar/2026:04:09:29 +0000] "GET /index.html HTTP/1.1" 200 21719 "https://github.com/" "Mozilla/5.0 (X11; Linux x86_64; rv:120.0) Gecko/20100101 Firefox/120.0"
138.197.138.65 - - [05/Mar/2026:04:10:46 +0000] "GET /static/css/main.css HTTP/1.1" 200 177849 "https://twitter.com/" "Mozilla/5.0 (iPhone; CPU iPhone OS 17_0 like Mac OS X) AppleWebKit/605.1.15 (KHTML, like Gecko) Version/17.0 Mobile/15E148 Safari/604.1"
66.249.66.1 - - [05/Mar/2026:04:12:53 +0000] "POST /static/js/bundle.js HTTP/1.1" 200 63103 "-" "Mozilla/5.0 (compatible; Googlebot/2.1; +http://www.google.com/bot.html)"
10.0.0.42 - - [05/Mar/2026:04:15:24 +0000] "GET /api/v1/users HTTP/1.1" 404 6587 "https://news.ycombinator.com/" "Mozilla/5.0 (Macintosh; Intel Mac OS X 10_15_7) AppleWebKit/537.36 (KHTML, like Gecko) Chrome/119.0.0.0 Safari/537.36"
45.33.32.156 - - [05/Mar/2026:04:24:18 +0000] "GET /api/v1/orders HTTP/1.1" 200 5875 "-" "Mozilla/5.0 (Windows NT 10.0; Win64; x64) AppleWebKit/537.36 (KHTML, like Gecko) Chrome/120.0.0.0 Safari/537.36"
203.0.113.7 - - [05/Mar/2026:04:32:49 +0000] "GET /api/v1/users HTTP/1.1" 200 1443 "-" "Mozilla/5.0 (Windows NT 10.0; Win64; x64) AppleWebKit/537.36 (KHTML, like Gecko) Edge/120.0.0.0 Safari/537.36"
46.101.127.145 - - [05/Mar/2026:04:37:49 +0000] "GET /api/v1/health HTTP/1.1" 200 899 "https://www.google.com/search?q=logparser" "Mozilla/5.0 (Windows NT 10.0; Win64; x64) AppleWebKit/537.36 (KHTML, like Gecko) Chrome/120.0.0.0 Safari/537.36"
2.56.56.12 - - [05/Mar/2026:04:56:02 +0000] "POST /api/v1/health HTTP/1.1" 200 2289 "https://www.google.com/search?q=logparser" "Mozilla/5.0 (Windows NT 10.0; Win64; x64) AppleWebKit/537.36 (KHTML, like Gecko) Edge/120.0.0.0 Safari/537.36"
178.62.52.236 - - [05/Mar/2026:04:57:23 +0000] "GET /api/v1/users HTTP/1.1" 304 0 "-" "Mozilla/5.0 (Macintosh; Intel Mac OS X 10_15_7) AppleWebKit/537.36 (KHTML, like Gecko) Chrome/119.0.0.0 Safari/537.36"
207.46.13.5 - - [05/Mar/2026:04:57:52 +0000] "GET / HTTP/1.1" 200 10898 "-" "python-requests/2.31.0"
157.55.39.250 - - [05/Mar/2026:04:57:54 +0000] "GET /static/img/logo.png HTTP/1.1" 200 182329 "-" "Mozilla/5.0 (compatible; bingbot/2.0; +http://www.bing.com/bingbot.htm)"
162.243.168.50 - - [05/Mar/2026:05:03:02 +0000] "GET /static/js/bundle.js HTTP/1.1" 200 77669 "-" "Mozilla/5.0 (iPhone; CPU iPhone OS 17_0 like Mac OS X) AppleWebKit/605.1.15 (KHTML, like Gecko) Version/17.0 Mobile/15E148 Safari/604.1"
203.0.113.7 - - [05/Mar/2026:05:05:09 +0000] "GET /api/v1/users HTTP/1.1" 200 7405 "https://www.google.com/search?q=logparser" "Mozilla/5.0 (Macintosh; Intel Mac OS X 10_15_7) AppleWebKit/537.36 (KHTML, like Gecko) Chrome/119.0.0.0 Safari/537.36"
10.0.0.42 - - [05/Mar/2026:05:05:45 +0000] "GET / HTTP/1.1" 200 1180 "https://news.ycombinator.com/" "Mozilla/5.0 (Windows NT 10.0; Win64; x64) AppleWebKit/537.36 (KHTML, like Gecko) Chrome/120.0.0.0 Safari/537.36"
91.108.4.74 - - [05/Mar/2026:05:07:22 +0000] "GET /static/css/main.css HTTP/1.1" 200 104561 "-" "Mozilla/5.0 (Windows NT 10.0; Win64; x64) AppleWebKit/537.36 (KHTML, like Gecko) Edge/120.0.0.0 Safari/537.36"
2.56.56.12 - - [05/Mar/2026:05:08:47 +0000] "GET / HTTP/1.1" 200 6956 "https://twitter.com/" "Mozilla/5.0 (X11; Linux x86_64; rv:120.0) Gecko/20100101 Firefox/120.0"
159.89.133.235 - - [05/Mar/2026:05:13:27 +0000] "GET /login HTTP/1.1" 200 23813 "-" "Mozilla/5.0 (Windows NT 10.0; Win64; x64) AppleWebKit/537.36 (KHTML, like Gecko) Chrome/120.0.0.0 Safari/537.36"
159.89.133.235 - - [05/Mar/2026:05:14:09 +0000] "GET /static/img/logo.png HTTP/1.1" 200 59379 "-" "Mozilla/5.0 (Windows NT 10.0; Win64; x64) AppleWebKit/537.36 (KHTML, like Gecko) Chrome/120.0.0.0 Safari/537.36"
185.220.101.5 - - [05/Mar/2026:05:18:52 +0000] "GET /login HTTP/1.1" 200 8644 "https://github.com/" "Mozilla/5.0 (Macintosh; Intel Mac OS X 10_15_7) AppleWebKit/537.36 (KHTML, like Gecko) Chrome/119.0.0.0 Safari/537.36"
192.168.1.55 - - [05/Mar/2026:05:21:46 +0000] "GET /static/js/bundle.js HTTP/1.1" 200 57840 "https://www.google.com/search?q=logparser" "Mozilla/5.0 (X11; Linux x86_64; rv:120.0) Gecko/20100101 Firefox/120.0"
77.88.5.88 - - [05/Mar/2026:05:33:57 +0000] "GET /static/css/main.css HTTP/1.1" 200 86004 "https://news.ycombinator.com/" "Mozilla/5.0 (X11; Linux x86_64; rv:120.0) Gecko/20100101 Firefox/120.0"
159.89.133.235 - - [05/Mar/2026:05:35:21 +0000] "GET /static/css/main.css HTTP/1.1" 200 51446 "https://www.google.com/search?q=logparser" "Mozilla/5.0 (X11; Linux x86_64; rv:120.0) Gecko/20100101 Firefox/120.0"
10.0.0.42 - - [05/Mar/2026:05:35:52 +0000] "GET /dashboard HTTP/1.1" 200 3309 "https://www.google.com/search?q=logparser" "Mozilla/5.0 (X11; Linux x86_64; rv:120.0) Gecko/20100101 Firefox/120.0"
